Archive member included to satisfy reference by file (symbol)

/home/art/STM32Cube/Repository/Packs/ARM/CMSIS/5.6.0/CMSIS/DSP/Lib/GCC/libarm_cortexM3l_math.a(arm_max_q15.o)
                              Src/corr.o (arm_max_q15)
/home/art/STM32Cube/Repository/Packs/ARM/CMSIS/5.6.0/CMSIS/DSP/Lib/GCC/libarm_cortexM3l_math.a(arm_rfft_q15.o)
                              Src/fft.o (arm_rfft_q15)
/home/art/STM32Cube/Repository/Packs/ARM/CMSIS/5.6.0/CMSIS/DSP/Lib/GCC/libarm_cortexM3l_math.a(arm_rfft_init_q15.o)
                              Src/fft.o (arm_rfft_init_q15)
/home/art/STM32Cube/Repository/Packs/ARM/CMSIS/5.6.0/CMSIS/DSP/Lib/GCC/libarm_cortexM3l_math.a(arm_correlate_fast_q15.o)
                              Src/corr.o (arm_correlate_fast_q15)
/home/art/STM32Cube/Repository/Packs/ARM/CMSIS/5.6.0/CMSIS/DSP/Lib/GCC/libarm_cortexM3l_math.a(arm_abs_q15.o)
                              Src/fft.o (arm_abs_q15)
/home/art/STM32Cube/Repository/Packs/ARM/CMSIS/5.6.0/CMSIS/DSP/Lib/GCC/libarm_cortexM3l_math.a(arm_const_structs.o)
                              /home/art/STM32Cube/Repository/Packs/ARM/CMSIS/5.6.0/CMSIS/DSP/Lib/GCC/libarm_cortexM3l_math.a(arm_rfft_init_q15.o) (arm_cfft_sR_q15_len4096)
/home/art/STM32Cube/Repository/Packs/ARM/CMSIS/5.6.0/CMSIS/DSP/Lib/GCC/libarm_cortexM3l_math.a(arm_common_tables.o)
                              /home/art/STM32Cube/Repository/Packs/ARM/CMSIS/5.6.0/CMSIS/DSP/Lib/GCC/libarm_cortexM3l_math.a(arm_rfft_init_q15.o) (realCoefBQ15)
/home/art/STM32Cube/Repository/Packs/ARM/CMSIS/5.6.0/CMSIS/DSP/Lib/GCC/libarm_cortexM3l_math.a(arm_cfft_q15.o)
                              /home/art/STM32Cube/Repository/Packs/ARM/CMSIS/5.6.0/CMSIS/DSP/Lib/GCC/libarm_cortexM3l_math.a(arm_rfft_q15.o) (arm_cfft_q15)
/home/art/STM32Cube/Repository/Packs/ARM/CMSIS/5.6.0/CMSIS/DSP/Lib/GCC/libarm_cortexM3l_math.a(arm_cfft_radix4_q15.o)
                              /home/art/STM32Cube/Repository/Packs/ARM/CMSIS/5.6.0/CMSIS/DSP/Lib/GCC/libarm_cortexM3l_math.a(arm_cfft_q15.o) (arm_radix4_butterfly_q15)
/home/art/STM32Cube/Repository/Packs/ARM/CMSIS/5.6.0/CMSIS/DSP/Lib/GCC/libarm_cortexM3l_math.a(arm_bitreversal2.o)
                              /home/art/STM32Cube/Repository/Packs/ARM/CMSIS/5.6.0/CMSIS/DSP/Lib/GCC/libarm_cortexM3l_math.a(arm_cfft_q15.o) (arm_bitreversal_16)
/home/art/STM32Cube/Repository/Packs/ARM/CMSIS/5.6.0/CMSIS/DSP/Lib/GCC/libarm_cortexM3l_math.a(arm_bitreversal.o)
                              /home/art/STM32Cube/Repository/Packs/ARM/CMSIS/5.6.0/CMSIS/DSP/Lib/GCC/libarm_cortexM3l_math.a(arm_cfft_radix4_q15.o) (arm_bitreversal_q15)
/home/art/Ac6/SystemWorkbench/plugins/fr.ac6.mcu.externaltools.arm-none.linux64_1.17.0.201812190825/tools/compiler/bin/../lib/gcc/arm-none-eabi/7.3.1/../../../../arm-none-eabi/lib/thumb/v7e-m/fpv4-sp/softfp/libc_nano.a(lib_a-errno.o)
                              Src/syscalls.o (__errno)
/home/art/Ac6/SystemWorkbench/plugins/fr.ac6.mcu.externaltools.arm-none.linux64_1.17.0.201812190825/tools/compiler/bin/../lib/gcc/arm-none-eabi/7.3.1/../../../../arm-none-eabi/lib/thumb/v7e-m/fpv4-sp/softfp/libc_nano.a(lib_a-exit.o)
                              /home/art/Ac6/SystemWorkbench/plugins/fr.ac6.mcu.externaltools.arm-none.linux64_1.17.0.201812190825/tools/compiler/bin/../lib/gcc/arm-none-eabi/7.3.1/../../../../arm-none-eabi/lib/thumb/v7e-m/fpv4-sp/softfp/crt0.o (exit)
/home/art/Ac6/SystemWorkbench/plugins/fr.ac6.mcu.externaltools.arm-none.linux64_1.17.0.201812190825/tools/compiler/bin/../lib/gcc/arm-none-eabi/7.3.1/../../../../arm-none-eabi/lib/thumb/v7e-m/fpv4-sp/softfp/libc_nano.a(lib_a-impure.o)
                              /home/art/Ac6/SystemWorkbench/plugins/fr.ac6.mcu.externaltools.arm-none.linux64_1.17.0.201812190825/tools/compiler/bin/../lib/gcc/arm-none-eabi/7.3.1/../../../../arm-none-eabi/lib/thumb/v7e-m/fpv4-sp/softfp/libc_nano.a(lib_a-exit.o) (_global_impure_ptr)
/home/art/Ac6/SystemWorkbench/plugins/fr.ac6.mcu.externaltools.arm-none.linux64_1.17.0.201812190825/tools/compiler/bin/../lib/gcc/arm-none-eabi/7.3.1/../../../../arm-none-eabi/lib/thumb/v7e-m/fpv4-sp/softfp/libc_nano.a(lib_a-init.o)
                              /home/art/Ac6/SystemWorkbench/plugins/fr.ac6.mcu.externaltools.arm-none.linux64_1.17.0.201812190825/tools/compiler/bin/../lib/gcc/arm-none-eabi/7.3.1/../../../../arm-none-eabi/lib/thumb/v7e-m/fpv4-sp/softfp/crt0.o (__libc_init_array)
/home/art/Ac6/SystemWorkbench/plugins/fr.ac6.mcu.externaltools.arm-none.linux64_1.17.0.201812190825/tools/compiler/bin/../lib/gcc/arm-none-eabi/7.3.1/../../../../arm-none-eabi/lib/thumb/v7e-m/fpv4-sp/softfp/libc_nano.a(lib_a-memset.o)
                              /home/art/Ac6/SystemWorkbench/plugins/fr.ac6.mcu.externaltools.arm-none.linux64_1.17.0.201812190825/tools/compiler/bin/../lib/gcc/arm-none-eabi/7.3.1/../../../../arm-none-eabi/lib/thumb/v7e-m/fpv4-sp/softfp/crt0.o (memset)
[...]
Memory Configuration

Name             Origin             Length             Attributes
RAM              0x0000000020000000 0x000000000000a000 xrw
CCMRAM           0x0000000010000000 0x0000000000002000 rw
FLASH            0x0000000008000000 0x0000000000040000 xr
*default*        0x0000000000000000 0xffffffffffffffff

Linker script and memory map

LOAD /home/art/Ac6/SystemWorkbench/plugins/fr.ac6.mcu.externaltools.arm-none.linux64_1.17.0.201812190825/tools/compiler/bin/../lib/gcc/arm-none-eabi/7.3.1/thumb/v7e-m/fpv4-sp/softfp/crti.o
LOAD /home/art/Ac6/SystemWorkbench/plugins/fr.ac6.mcu.externaltools.arm-none.linux64_1.17.0.201812190825/tools/compiler/bin/../lib/gcc/arm-none-eabi/7.3.1/thumb/v7e-m/fpv4-sp/softfp/crtbegin.o
LOAD /home/art/Ac6/SystemWorkbench/plugins/fr.ac6.mcu.externaltools.arm-none.linux64_1.17.0.201812190825/tools/compiler/bin/../lib/gcc/arm-none-eabi/7.3.1/../../../../arm-none-eabi/lib/thumb/v7e-m/fpv4-sp/softfp/crt0.o
LOAD Drivers/STM32F3xx_HAL_Driver/Src/stm32f3xx_hal.o
LOAD Drivers/STM32F3xx_HAL_Driver/Src/stm32f3xx_hal_adc.o
LOAD Drivers/STM32F3xx_HAL_Driver/Src/stm32f3xx_hal_adc_ex.o
LOAD Drivers/STM32F3xx_HAL_Driver/Src/stm32f3xx_hal_cortex.o
LOAD Drivers/STM32F3xx_HAL_Driver/Src/stm32f3xx_hal_dma.o
LOAD Drivers/STM32F3xx_HAL_Driver/Src/stm32f3xx_hal_exti.o
LOAD Drivers/STM32F3xx_HAL_Driver/Src/stm32f3xx_hal_flash.o
LOAD Drivers/STM32F3xx_HAL_Driver/Src/stm32f3xx_hal_flash_ex.o
LOAD Drivers/STM32F3xx_HAL_Driver/Src/stm32f3xx_hal_gpio.o
LOAD Drivers/STM32F3xx_HAL_Driver/Src/stm32f3xx_hal_i2c.o
LOAD Drivers/STM32F3xx_HAL_Driver/Src/stm32f3xx_hal_i2c_ex.o
LOAD Drivers/STM32F3xx_HAL_Driver/Src/stm32f3xx_hal_pwr.o
LOAD Drivers/STM32F3xx_HAL_Driver/Src/stm32f3xx_hal_pwr_ex.o
LOAD Drivers/STM32F3xx_HAL_Driver/Src/stm32f3xx_hal_rcc.o
LOAD Drivers/STM32F3xx_HAL_Driver/Src/stm32f3xx_hal_rcc_ex.o
LOAD Drivers/STM32F3xx_HAL_Driver/Src/stm32f3xx_hal_tim.o
LOAD Drivers/STM32F3xx_HAL_Driver/Src/stm32f3xx_hal_tim_ex.o
LOAD Drivers/STM32F3xx_HAL_Driver/Src/stm32f3xx_hal_uart.o
LOAD Drivers/STM32F3xx_HAL_Driver/Src/stm32f3xx_hal_uart_ex.o
LOAD Src/adc.o
LOAD Src/corr.o
LOAD Src/debug_helper.o
LOAD Src/dma.o
LOAD Src/fft.o
LOAD Src/gpio.o
LOAD Src/main.o
LOAD Src/stm32f3xx_hal_msp.o
LOAD Src/stm32f3xx_it.o
LOAD Src/syscalls.o
LOAD Src/system_stm32f3xx.o
LOAD Src/usart.o
LOAD startup/startup_stm32f303xc.o
LOAD /home/art/STM32Cube/Repository/Packs/ARM/CMSIS/5.6.0/CMSIS/DSP/Lib/GCC/libarm_cortexM3l_math.a
START GROUP
LOAD /home/art/Ac6/SystemWorkbench/plugins/fr.ac6.mcu.externaltools.arm-none.linux64_1.17.0.201812190825/tools/compiler/bin/../lib/gcc/arm-none-eabi/7.3.1/thumb/v7e-m/fpv4-sp/softfp/libgcc.a
LOAD /home/art/Ac6/SystemWorkbench/plugins/fr.ac6.mcu.externaltools.arm-none.linux64_1.17.0.201812190825/tools/compiler/bin/../lib/gcc/arm-none-eabi/7.3.1/../../../../arm-none-eabi/lib/thumb/v7e-m/fpv4-sp/softfp/libc_nano.a
END GROUP
START GROUP
LOAD /home/art/Ac6/SystemWorkbench/plugins/fr.ac6.mcu.externaltools.arm-none.linux64_1.17.0.201812190825/tools/compiler/bin/../lib/gcc/arm-none-eabi/7.3.1/thumb/v7e-m/fpv4-sp/softfp/libgcc.a
LOAD /home/art/Ac6/SystemWorkbench/plugins/fr.ac6.mcu.externaltools.arm-none.linux64_1.17.0.201812190825/tools/compiler/bin/../lib/gcc/arm-none-eabi/7.3.1/../../../../arm-none-eabi/lib/thumb/v7e-m/fpv4-sp/softfp/libc_nano.a
LOAD /home/art/Ac6/SystemWorkbench/plugins/fr.ac6.mcu.externaltools.arm-none.linux64_1.17.0.201812190825/tools/compiler/bin/../lib/gcc/arm-none-eabi/7.3.1/../../../../arm-none-eabi/lib/thumb/v7e-m/fpv4-sp/softfp/libnosys.a
END GROUP
START GROUP
LOAD /home/art/Ac6/SystemWorkbench/plugins/fr.ac6.mcu.externaltools.arm-none.linux64_1.17.0.201812190825/tools/compiler/bin/../lib/gcc/arm-none-eabi/7.3.1/thumb/v7e-m/fpv4-sp/softfp/libgcc.a
LOAD /home/art/Ac6/SystemWorkbench/plugins/fr.ac6.mcu.externaltools.arm-none.linux64_1.17.0.201812190825/tools/compiler/bin/../lib/gcc/arm-none-eabi/7.3.1/../../../../arm-none-eabi/lib/thumb/v7e-m/fpv4-sp/softfp/libc_nano.a
LOAD /home/art/Ac6/SystemWorkbench/plugins/fr.ac6.mcu.externaltools.arm-none.linux64_1.17.0.201812190825/tools/compiler/bin/../lib/gcc/arm-none-eabi/7.3.1/../../../../arm-none-eabi/lib/thumb/v7e-m/fpv4-sp/softfp/libnosys.a
END GROUP
LOAD /home/art/Ac6/SystemWorkbench/plugins/fr.ac6.mcu.externaltools.arm-none.linux64_1.17.0.201812190825/tools/compiler/bin/../lib/gcc/arm-none-eabi/7.3.1/thumb/v7e-m/fpv4-sp/softfp/crtend.o
LOAD /home/art/Ac6/SystemWorkbench/plugins/fr.ac6.mcu.externaltools.arm-none.linux64_1.17.0.201812190825/tools/compiler/bin/../lib/gcc/arm-none-eabi/7.3.1/thumb/v7e-m/fpv4-sp/softfp/crtn.o
                0x000000002000a000                _estack = 0x2000a000
                0x0000000000000200                _Min_Heap_Size = 0x200
                0x0000000000000400                _Min_Stack_Size = 0x400

.isr_vector     0x0000000008000000      0x188
                0x0000000008000000                . = ALIGN (0x4)
 *(.isr_vector)
 .isr_vector    0x0000000008000000      0x188 startup/startup_stm32f303xc.o
                0x0000000008000000                g_pfnVectors
                0x0000000008000188                . = ALIGN (0x4)

.text           0x0000000008000190     0x3b3c
                0x0000000008000190                . = ALIGN (0x4)
 *(.text)
 .text          0x0000000008000190       0x40 /home/art/Ac6/SystemWorkbench/plugins/fr.ac6.mcu.externaltools.arm-none.linux64_1.17.0.201812190825/tools/compiler/bin/../lib/gcc/arm-none-eabi/7.3.1/thumb/v7e-m/fpv4-sp/softfp/crtbegin.o
 .text          0x00000000080001d0       0xa0 /home/art/Ac6/SystemWorkbench/plugins/fr.ac6.mcu.externaltools.arm-none.linux64_1.17.0.201812190825/tools/compiler/bin/../lib/gcc/arm-none-eabi/7.3.1/../../../../arm-none-eabi/lib/thumb/v7e-m/fpv4-sp/softfp/libc_nano.a(lib_a-memchr.o)
                0x00000000080001d0                memchr
 *(.text*)
 .text.HAL_InitTick
                0x0000000008000270       0x48 Drivers/STM32F3xx_HAL_Driver/Src/stm32f3xx_hal.o
                0x0000000008000270                HAL_InitTick
 .text.HAL_Init
                0x00000000080002b8       0x24 Drivers/STM32F3xx_HAL_Driver/Src/stm32f3xx_hal.o
                0x00000000080002b8                HAL_Init
 .text.HAL_IncTick
                0x00000000080002dc       0x18 Drivers/STM32F3xx_HAL_Driver/Src/stm32f3xx_hal.o
                0x00000000080002dc                HAL_IncTick
 .text.HAL_GetTick
                0x00000000080002f4        0xc Drivers/STM32F3xx_HAL_Driver/Src/stm32f3xx_hal.o
                0x00000000080002f4                HAL_GetTick
 .text.HAL_Delay
                0x0000000008000300       0x28 Drivers/STM32F3xx_HAL_Driver/Src/stm32f3xx_hal.o
                0x0000000008000300                HAL_Delay
 .text.HAL_ADC_ConvCpltCallback
                0x0000000008000328        0x2 Drivers/STM32F3xx_HAL_Driver/Src/stm32f3xx_hal_adc.o
                0x0000000008000328                HAL_ADC_ConvCpltCallback
 .text.HAL_ADC_ConvHalfCpltCallback
                0x000000000800032a        0x2 Drivers/STM32F3xx_HAL_Driver/Src/stm32f3xx_hal_adc.o
                0x000000000800032a                HAL_ADC_ConvHalfCpltCallback
 .text.HAL_ADC_ErrorCallback
                0x000000000800032c        0x2 Drivers/STM32F3xx_HAL_Driver/Src/stm32f3xx_hal_adc.o
                0x000000000800032c                HAL_ADC_ErrorCallback
 .text.ADC_Disable
                0x000000000800032e       0x7e Drivers/STM32F3xx_HAL_Driver/Src/stm32f3xx_hal_adc_ex.o
 .text.ADC_ConversionStop
                0x00000000080003ac       0xd8 Drivers/STM32F3xx_HAL_Driver/Src/stm32f3xx_hal_adc_ex.o
 .text.ADC_Enable
                0x0000000008000484       0x78 Drivers/STM32F3xx_HAL_Driver/Src/stm32f3xx_hal_adc_ex.o
 .text.ADC_DMAError
                0x00000000080004fc       0x1a Drivers/STM32F3xx_HAL_Driver/Src/stm32f3xx_hal_adc_ex.o
 .text.ADC_DMAHalfConvCplt
                0x0000000008000516        0xa Drivers/STM32F3xx_HAL_Driver/Src/stm32f3xx_hal_adc_ex.o
 .text.ADC_DMAConvCplt
                0x0000000008000520       0x4a Drivers/STM32F3xx_HAL_Driver/Src/stm32f3xx_hal_adc_ex.o
 *fill*         0x000000000800056a        0x2 
 .text.HAL_ADC_Init
                0x000000000800056c      0x294 Drivers/STM32F3xx_HAL_Driver/Src/stm32f3xx_hal_adc_ex.o
                0x000000000800056c                HAL_ADC_Init
 .text.HAL_ADC_Start
                0x0000000008000800      0x184 Drivers/STM32F3xx_HAL_Driver/Src/stm32f3xx_hal_adc_ex.o
                0x0000000008000800                HAL_ADC_Start
 .text.HAL_ADC_Stop
                0x0000000008000984       0x4a Drivers/STM32F3xx_HAL_Driver/Src/stm32f3xx_hal_adc_ex.o
                0x0000000008000984                HAL_ADC_Stop
 *fill*         0x00000000080009ce        0x2 
 .text.HAL_ADCEx_MultiModeStart_DMA
                0x00000000080009d0      0x12c Drivers/STM32F3xx_HAL_Driver/Src/stm32f3xx_hal_adc_ex.o
                0x00000000080009d0                HAL_ADCEx_MultiModeStart_DMA
 .text.HAL_ADCEx_MultiModeStop_DMA
                0x0000000008000afc      0x10c Drivers/STM32F3xx_HAL_Driver/Src/stm32f3xx_hal_adc_ex.o
                0x0000000008000afc                HAL_ADCEx_MultiModeStop_DMA
 .text.HAL_ADC_ConfigChannel
                0x0000000008000c08      0x3ac Drivers/STM32F3xx_HAL_Driver/Src/stm32f3xx_hal_adc_ex.o
                0x0000000008000c08                HAL_ADC_ConfigChannel
 .text.HAL_ADCEx_MultiModeConfigChannel
                0x0000000008000fb4      0x158 Drivers/STM32F3xx_HAL_Driver/Src/stm32f3xx_hal_adc_ex.o
                0x0000000008000fb4                HAL_ADCEx_MultiModeConfigChannel
 .text.HAL_NVIC_SetPriorityGrouping
                0x000000000800110c       0x24 Drivers/STM32F3xx_HAL_Driver/Src/stm32f3xx_hal_cortex.o
                0x000000000800110c                HAL_NVIC_SetPriorityGrouping
 .text.HAL_NVIC_SetPriority
                0x0000000008001130       0x68 Drivers/STM32F3xx_HAL_Driver/Src/stm32f3xx_hal_cortex.o
                0x0000000008001130                HAL_NVIC_SetPriority
 .text.HAL_NVIC_EnableIRQ
                0x0000000008001198       0x1c Drivers/STM32F3xx_HAL_Driver/Src/stm32f3xx_hal_cortex.o
                0x0000000008001198                HAL_NVIC_EnableIRQ
 .text.HAL_SYSTICK_Config
                0x00000000080011b4       0x2c Drivers/STM32F3xx_HAL_Driver/Src/stm32f3xx_hal_cortex.o
                0x00000000080011b4                HAL_SYSTICK_Config
 .text.DMA_SetConfig
                0x00000000080011e0       0x2c Drivers/STM32F3xx_HAL_Driver/Src/stm32f3xx_hal_dma.o
 .text.DMA_CalcBaseAndBitshift
                0x000000000800120c       0x4c Drivers/STM32F3xx_HAL_Driver/Src/stm32f3xx_hal_dma.o
 .text.HAL_DMA_Init
                0x0000000008001258       0x50 Drivers/STM32F3xx_HAL_Driver/Src/stm32f3xx_hal_dma.o
                0x0000000008001258                HAL_DMA_Init
 .text.HAL_DMA_Start_IT
                0x00000000080012a8       0x74 Drivers/STM32F3xx_HAL_Driver/Src/stm32f3xx_hal_dma.o
                0x00000000080012a8                HAL_DMA_Start_IT
 .text.HAL_DMA_Abort
                0x000000000800131c       0x44 Drivers/STM32F3xx_HAL_Driver/Src/stm32f3xx_hal_dma.o
                0x000000000800131c                HAL_DMA_Abort
 .text.HAL_DMA_IRQHandler
                0x0000000008001360       0xb4 Drivers/STM32F3xx_HAL_Driver/Src/stm32f3xx_hal_dma.o
                0x0000000008001360                HAL_DMA_IRQHandler
 .text.HAL_GPIO_Init
                0x0000000008001414      0x194 Drivers/STM32F3xx_HAL_Driver/Src/stm32f3xx_hal_gpio.o
                0x0000000008001414                HAL_GPIO_Init
 .text.HAL_GPIO_WritePin
                0x00000000080015a8        0xa Drivers/STM32F3xx_HAL_Driver/Src/stm32f3xx_hal_gpio.o
                0x00000000080015a8                HAL_GPIO_WritePin
 *fill*         0x00000000080015b2        0x2 
 .text.HAL_RCC_OscConfig
                0x00000000080015b4      0x644 Drivers/STM32F3xx_HAL_Driver/Src/stm32f3xx_hal_rcc.o
                0x00000000080015b4                HAL_RCC_OscConfig
 .text.HAL_RCC_GetSysClockFreq
                0x0000000008001bf8       0x70 Drivers/STM32F3xx_HAL_Driver/Src/stm32f3xx_hal_rcc.o
                0x0000000008001bf8                HAL_RCC_GetSysClockFreq
 .text.HAL_RCC_ClockConfig
                0x0000000008001c68      0x1a4 Drivers/STM32F3xx_HAL_Driver/Src/stm32f3xx_hal_rcc.o
                0x0000000008001c68                HAL_RCC_ClockConfig
 .text.HAL_RCC_GetHCLKFreq
                0x0000000008001e0c        0xc Drivers/STM32F3xx_HAL_Driver/Src/stm32f3xx_hal_rcc.o
                0x0000000008001e0c                HAL_RCC_GetHCLKFreq
 .text.HAL_RCC_GetPCLK1Freq
                0x0000000008001e18       0x2c Drivers/STM32F3xx_HAL_Driver/Src/stm32f3xx_hal_rcc.o
                0x0000000008001e18                HAL_RCC_GetPCLK1Freq
 .text.HAL_RCC_GetPCLK2Freq
                0x0000000008001e44       0x2c Drivers/STM32F3xx_HAL_Driver/Src/stm32f3xx_hal_rcc.o
                0x0000000008001e44                HAL_RCC_GetPCLK2Freq
 .text.HAL_RCCEx_PeriphCLKConfig
                0x0000000008001e70      0x268 Drivers/STM32F3xx_HAL_Driver/Src/stm32f3xx_hal_rcc_ex.o
                0x0000000008001e70                HAL_RCCEx_PeriphCLKConfig
 .text.UART_SetConfig
                0x00000000080020d8      0x2b8 Drivers/STM32F3xx_HAL_Driver/Src/stm32f3xx_hal_uart.o
                0x00000000080020d8                UART_SetConfig
 .text.UART_AdvFeatureConfig
                0x0000000008002390       0xca Drivers/STM32F3xx_HAL_Driver/Src/stm32f3xx_hal_uart.o
                0x0000000008002390                UART_AdvFeatureConfig
 .text.UART_WaitOnFlagUntilTimeout
                0x000000000800245a       0x9c Drivers/STM32F3xx_HAL_Driver/Src/stm32f3xx_hal_uart.o
                0x000000000800245a                UART_WaitOnFlagUntilTimeout
 .text.HAL_UART_Transmit
                0x00000000080024f6       0xd8 Drivers/STM32F3xx_HAL_Driver/Src/stm32f3xx_hal_uart.o
                0x00000000080024f6                HAL_UART_Transmit
 .text.UART_CheckIdleState
                0x00000000080025ce       0x6c Drivers/STM32F3xx_HAL_Driver/Src/stm32f3xx_hal_uart.o
                0x00000000080025ce                UART_CheckIdleState
 .text.HAL_UART_Init
                0x000000000800263a       0x62 Drivers/STM32F3xx_HAL_Driver/Src/stm32f3xx_hal_uart.o
                0x000000000800263a                HAL_UART_Init
 .text.MX_ADC1_Init
                0x000000000800269c       0x9c Src/adc.o
                0x000000000800269c                MX_ADC1_Init
 .text.MX_ADC2_Init
                0x0000000008002738       0x78 Src/adc.o
                0x0000000008002738                MX_ADC2_Init
 .text.HAL_ADC_MspInit
                0x00000000080027b0      0x100 Src/adc.o
                0x00000000080027b0                HAL_ADC_MspInit
 .text.calc_shift
                0x00000000080028b0       0x74 Src/corr.o
                0x00000000080028b0                calc_shift
 .text.to_grad  0x0000000008002924       0x28 Src/corr.o
                0x0000000008002924                to_grad
 .text.print_debug_int
                0x000000000800294c       0x34 Src/debug_helper.o
                0x000000000800294c                print_debug_int
 .text.MX_DMA_Init
                0x0000000008002980       0x34 Src/dma.o
                0x0000000008002980                MX_DMA_Init
 .text.MX_GPIO_Init
                0x00000000080029b4       0x8c Src/gpio.o
                0x00000000080029b4                MX_GPIO_Init
 .text.SystemClock_Config
                0x0000000008002a40       0x5e Src/main.o
                0x0000000008002a40                SystemClock_Config
 *fill*         0x0000000008002a9e        0x2 
 .text.main     0x0000000008002aa0       0xbc Src/main.o
                0x0000000008002aa0                main
 .text.Error_Handler
                0x0000000008002b5c        0x2 Src/main.o
                0x0000000008002b5c                Error_Handler
 *fill*         0x0000000008002b5e        0x2 
 .text.HAL_MspInit
                0x0000000008002b60       0x30 Src/stm32f3xx_hal_msp.o
                0x0000000008002b60                HAL_MspInit
 .text.NMI_Handler
                0x0000000008002b90        0x2 Src/stm32f3xx_it.o
                0x0000000008002b90                NMI_Handler
 .text.HardFault_Handler
                0x0000000008002b92        0x2 Src/stm32f3xx_it.o
                0x0000000008002b92                HardFault_Handler
 .text.MemManage_Handler
                0x0000000008002b94        0x2 Src/stm32f3xx_it.o
                0x0000000008002b94                MemManage_Handler
 .text.BusFault_Handler
                0x0000000008002b96        0x2 Src/stm32f3xx_it.o
                0x0000000008002b96                BusFault_Handler
 .text.UsageFault_Handler
                0x0000000008002b98        0x2 Src/stm32f3xx_it.o
                0x0000000008002b98                UsageFault_Handler
 .text.SVC_Handler
                0x0000000008002b9a        0x2 Src/stm32f3xx_it.o
                0x0000000008002b9a                SVC_Handler
 .text.DebugMon_Handler
                0x0000000008002b9c        0x2 Src/stm32f3xx_it.o
                0x0000000008002b9c                DebugMon_Handler
 .text.PendSV_Handler
                0x0000000008002b9e        0x2 Src/stm32f3xx_it.o
                0x0000000008002b9e                PendSV_Handler
 .text.SysTick_Handler
                0x0000000008002ba0        0x8 Src/stm32f3xx_it.o
                0x0000000008002ba0                SysTick_Handler
 .text.DMA1_Channel1_IRQHandler
                0x0000000008002ba8       0x10 Src/stm32f3xx_it.o
                0x0000000008002ba8                DMA1_Channel1_IRQHandler
 .text._sbrk    0x0000000008002bb8       0x3c Src/syscalls.o
                0x0000000008002bb8                _sbrk
 .text.SystemInit
                0x0000000008002bf4       0x68 Src/system_stm32f3xx.o
                0x0000000008002bf4                SystemInit
 .text.MX_USART1_UART_Init
                0x0000000008002c5c       0x38 Src/usart.o
                0x0000000008002c5c                MX_USART1_UART_Init
 .text.HAL_UART_MspInit
                0x0000000008002c94       0x68 Src/usart.o
                0x0000000008002c94                HAL_UART_MspInit
 .text.Reset_Handler
                0x0000000008002cfc       0x50 startup/startup_stm32f303xc.o
                0x0000000008002cfc                Reset_Handler
 .text.Default_Handler
                0x0000000008002d4c        0x2 startup/startup_stm32f303xc.o
                0x0000000008002d4c                RTC_Alarm_IRQHandler
                0x0000000008002d4c                TIM8_TRG_COM_IRQHandler
                0x0000000008002d4c                TIM8_CC_IRQHandler
                0x0000000008002d4c                TIM1_CC_IRQHandler
                0x0000000008002d4c                USB_HP_IRQHandler
                0x0000000008002d4c                PVD_IRQHandler
                0x0000000008002d4c                TAMP_STAMP_IRQHandler
                0x0000000008002d4c                EXTI3_IRQHandler
                0x0000000008002d4c                USB_HP_CAN_TX_IRQHandler
                0x0000000008002d4c                EXTI0_IRQHandler
                0x0000000008002d4c                I2C2_EV_IRQHandler
                0x0000000008002d4c                FPU_IRQHandler
                0x0000000008002d4c                TIM1_UP_TIM16_IRQHandler
                0x0000000008002d4c                ADC1_2_IRQHandler
                0x0000000008002d4c                SPI1_IRQHandler
                0x0000000008002d4c                CAN_SCE_IRQHandler
                0x0000000008002d4c                TIM6_DAC_IRQHandler
                0x0000000008002d4c                TIM8_UP_IRQHandler
                0x0000000008002d4c                DMA2_Channel2_IRQHandler
                0x0000000008002d4c                DMA1_Channel4_IRQHandler
                0x0000000008002d4c                USART3_IRQHandler
                0x0000000008002d4c                DMA1_Channel7_IRQHandler
                0x0000000008002d4c                UART5_IRQHandler
                0x0000000008002d4c                ADC3_IRQHandler
                0x0000000008002d4c                TIM4_IRQHandler
                0x0000000008002d4c                CAN_RX1_IRQHandler
                0x0000000008002d4c                DMA2_Channel1_IRQHandler
                0x0000000008002d4c                I2C1_EV_IRQHandler
                0x0000000008002d4c                DMA1_Channel6_IRQHandler
                0x0000000008002d4c                UART4_IRQHandler
                0x0000000008002d4c                DMA2_Channel4_IRQHandler
                0x0000000008002d4c                TIM3_IRQHandler
                0x0000000008002d4c                RCC_IRQHandler
                0x0000000008002d4c                Default_Handler
                0x0000000008002d4c                USBWakeUp_RMP_IRQHandler
                0x0000000008002d4c                EXTI15_10_IRQHandler
                0x0000000008002d4c                TIM7_IRQHandler
                0x0000000008002d4c                EXTI9_5_IRQHandler
                0x0000000008002d4c                RTC_WKUP_IRQHandler
                0x0000000008002d4c                SPI2_IRQHandler
                0x0000000008002d4c                USB_LP_CAN_RX0_IRQHandler
                0x0000000008002d4c                DMA2_Channel5_IRQHandler
                0x0000000008002d4c                DMA1_Channel5_IRQHandler
                0x0000000008002d4c                USB_LP_IRQHandler
                0x0000000008002d4c                EXTI4_IRQHandler
                0x0000000008002d4c                TIM1_TRG_COM_TIM17_IRQHandler
                0x0000000008002d4c                DMA1_Channel3_IRQHandler
                0x0000000008002d4c                ADC4_IRQHandler
                0x0000000008002d4c                WWDG_IRQHandler
                0x0000000008002d4c                TIM2_IRQHandler
                0x0000000008002d4c                COMP7_IRQHandler
                0x0000000008002d4c                COMP1_2_3_IRQHandler
                0x0000000008002d4c                EXTI1_IRQHandler
                0x0000000008002d4c                USART2_IRQHandler
                0x0000000008002d4c                COMP4_5_6_IRQHandler
                0x0000000008002d4c                I2C2_ER_IRQHandler
                0x0000000008002d4c                DMA1_Channel2_IRQHandler
                0x0000000008002d4c                TIM8_BRK_IRQHandler
                0x0000000008002d4c                FLASH_IRQHandler
                0x0000000008002d4c                USART1_IRQHandler
                0x0000000008002d4c                SPI3_IRQHandler
                0x0000000008002d4c                I2C1_ER_IRQHandler
                0x0000000008002d4c                USBWakeUp_IRQHandler
                0x0000000008002d4c                DMA2_Channel3_IRQHandler
                0x0000000008002d4c                EXTI2_TSC_IRQHandler
                0x0000000008002d4c                TIM1_BRK_TIM15_IRQHandler
 *fill*         0x0000000008002d4e        0x2 
 .text.arm_max_q15
                0x0000000008002d50       0xa0 /home/art/STM32Cube/Repository/Packs/ARM/CMSIS/5.6.0/CMSIS/DSP/Lib/GCC/libarm_cortexM3l_math.a(arm_max_q15.o)
                0x0000000008002d50                arm_max_q15
 .text.arm_correlate_fast_q15
                0x0000000008002df0      0x654 /home/art/STM32Cube/Repository/Packs/ARM/CMSIS/5.6.0/CMSIS/DSP/Lib/GCC/libarm_cortexM3l_math.a(arm_correlate_fast_q15.o)
                0x0000000008002df0                arm_correlate_fast_q15
 .text.__errno  0x0000000008003444        0xc /home/art/Ac6/SystemWorkbench/plugins/fr.ac6.mcu.externaltools.arm-none.linux64_1.17.0.201812190825/tools/compiler/bin/../lib/gcc/arm-none-eabi/7.3.1/../../../../arm-none-eabi/lib/thumb/v7e-m/fpv4-sp/softfp/libc_nano.a(lib_a-errno.o)
                0x0000000008003444                __errno
 .text.__libc_init_array
                0x0000000008003450       0x48 /home/art/Ac6/SystemWorkbench/plugins/fr.ac6.mcu.externaltools.arm-none.linux64_1.17.0.201812190825/tools/compiler/bin/../lib/gcc/arm-none-eabi/7.3.1/../../../../arm-none-eabi/lib/thumb/v7e-m/fpv4-sp/softfp/libc_nano.a(lib_a-init.o)
                0x0000000008003450                __libc_init_array
 .text.memset   0x0000000008003498       0x10 /home/art/Ac6/SystemWorkbench/plugins/fr.ac6.mcu.externaltools.arm-none.linux64_1.17.0.201812190825/tools/compiler/bin/../lib/gcc/arm-none-eabi/7.3.1/../../../../arm-none-eabi/lib/thumb/v7e-m/fpv4-sp/softfp/libc_nano.a(lib_a-memset.o)
                0x0000000008003498                memset
 .text.sprintf  0x00000000080034a8       0x40 /home/art/Ac6/SystemWorkbench/plugins/fr.ac6.mcu.externaltools.arm-none.linux64_1.17.0.201812190825/tools/compiler/bin/../lib/gcc/arm-none-eabi/7.3.1/../../../../arm-none-eabi/lib/thumb/v7e-m/fpv4-sp/softfp/libc_nano.a(lib_a-sprintf.o)
                0x00000000080034a8                sprintf
                0x00000000080034a8                siprintf
 .text.__ssputs_r
                0x00000000080034e8       0xb4 /home/art/Ac6/SystemWorkbench/plugins/fr.ac6.mcu.externaltools.arm-none.linux64_1.17.0.201812190825/tools/compiler/bin/../lib/gcc/arm-none-eabi/7.3.1/../../../../arm-none-eabi/lib/thumb/v7e-m/fpv4-sp/softfp/libc_nano.a(lib_a-nano-svfprintf.o)
                0x00000000080034e8                __ssputs_r
 .text._svfprintf_r
                0x000000000800359c      0x1f0 /home/art/Ac6/SystemWorkbench/plugins/fr.ac6.mcu.externaltools.arm-none.linux64_1.17.0.201812190825/tools/compiler/bin/../lib/gcc/arm-none-eabi/7.3.1/../../../../arm-none-eabi/lib/thumb/v7e-m/fpv4-sp/softfp/libc_nano.a(lib_a-nano-svfprintf.o)
                0x000000000800359c                _svfprintf_r
                0x000000000800359c                _svfiprintf_r
 .text._printf_common
                0x000000000800378c       0xea /home/art/Ac6/SystemWorkbench/plugins/fr.ac6.mcu.externaltools.arm-none.linux64_1.17.0.201812190825/tools/compiler/bin/../lib/gcc/arm-none-eabi/7.3.1/../../../../arm-none-eabi/lib/thumb/v7e-m/fpv4-sp/softfp/libc_nano.a(lib_a-nano-vfprintf_i.o)
                0x000000000800378c                _printf_common
 *fill*         0x0000000008003876        0x2 
 .text._printf_i
                0x0000000008003878      0x224 /home/art/Ac6/SystemWorkbench/plugins/fr.ac6.mcu.externaltools.arm-none.linux64_1.17.0.201812190825/tools/compiler/bin/../lib/gcc/arm-none-eabi/7.3.1/../../../../arm-none-eabi/lib/thumb/v7e-m/fpv4-sp/softfp/libc_nano.a(lib_a-nano-vfprintf_i.o)
                0x0000000008003878                _printf_i
 .text.memcpy   0x0000000008003a9c       0x16 /home/art/Ac6/SystemWorkbench/plugins/fr.ac6.mcu.externaltools.arm-none.linux64_1.17.0.201812190825/tools/compiler/bin/../lib/gcc/arm-none-eabi/7.3.1/../../../../arm-none-eabi/lib/thumb/v7e-m/fpv4-sp/softfp/libc_nano.a(lib_a-memcpy-stub.o)
                0x0000000008003a9c                memcpy
 .text.memmove  0x0000000008003ab2       0x32 /home/art/Ac6/SystemWorkbench/plugins/fr.ac6.mcu.externaltools.arm-none.linux64_1.17.0.201812190825/tools/compiler/bin/../lib/gcc/arm-none-eabi/7.3.1/../../../../arm-none-eabi/lib/thumb/v7e-m/fpv4-sp/softfp/libc_nano.a(lib_a-memmove.o)
                0x0000000008003ab2                memmove
 .text._free_r  0x0000000008003ae4       0x9c /home/art/Ac6/SystemWorkbench/plugins/fr.ac6.mcu.externaltools.arm-none.linux64_1.17.0.201812190825/tools/compiler/bin/../lib/gcc/arm-none-eabi/7.3.1/../../../../arm-none-eabi/lib/thumb/v7e-m/fpv4-sp/softfp/libc_nano.a(lib_a-nano-freer.o)
                0x0000000008003ae4                _free_r
 .text._malloc_r
                0x0000000008003b80       0xb4 /home/art/Ac6/SystemWorkbench/plugins/fr.ac6.mcu.externaltools.arm-none.linux64_1.17.0.201812190825/tools/compiler/bin/../lib/gcc/arm-none-eabi/7.3.1/../../../../arm-none-eabi/lib/thumb/v7e-m/fpv4-sp/softfp/libc_nano.a(lib_a-nano-mallocr.o)
                0x0000000008003b80                _malloc_r
 .text._realloc_r
                0x0000000008003c34       0x4c /home/art/Ac6/SystemWorkbench/plugins/fr.ac6.mcu.externaltools.arm-none.linux64_1.17.0.201812190825/tools/compiler/bin/../lib/gcc/arm-none-eabi/7.3.1/../../../../arm-none-eabi/lib/thumb/v7e-m/fpv4-sp/softfp/libc_nano.a(lib_a-nano-reallocr.o)
                0x0000000008003c34                _realloc_r
 .text._sbrk_r  0x0000000008003c80       0x20 /home/art/Ac6/SystemWorkbench/plugins/fr.ac6.mcu.externaltools.arm-none.linux64_1.17.0.201812190825/tools/compiler/bin/../lib/gcc/arm-none-eabi/7.3.1/../../../../arm-none-eabi/lib/thumb/v7e-m/fpv4-sp/softfp/libc_nano.a(lib_a-sbrkr.o)
                0x0000000008003c80                _sbrk_r
 .text.__malloc_lock
                0x0000000008003ca0        0x2 /home/art/Ac6/SystemWorkbench/plugins/fr.ac6.mcu.externaltools.arm-none.linux64_1.17.0.201812190825/tools/compiler/bin/../lib/gcc/arm-none-eabi/7.3.1/../../../../arm-none-eabi/lib/thumb/v7e-m/fpv4-sp/softfp/libc_nano.a(lib_a-mlock.o)
                0x0000000008003ca0                __malloc_lock
 .text.__malloc_unlock
                0x0000000008003ca2        0x2 /home/art/Ac6/SystemWorkbench/plugins/fr.ac6.mcu.externaltools.arm-none.linux64_1.17.0.201812190825/tools/compiler/bin/../lib/gcc/arm-none-eabi/7.3.1/../../../../arm-none-eabi/lib/thumb/v7e-m/fpv4-sp/softfp/libc_nano.a(lib_a-mlock.o)
                0x0000000008003ca2                __malloc_unlock
 .text._malloc_usable_size_r
                0x0000000008003ca4       0x10 /home/art/Ac6/SystemWorkbench/plugins/fr.ac6.mcu.externaltools.arm-none.linux64_1.17.0.201812190825/tools/compiler/bin/../lib/gcc/arm-none-eabi/7.3.1/../../../../arm-none-eabi/lib/thumb/v7e-m/fpv4-sp/softfp/libc_nano.a(lib_a-nano-msizer.o)
                0x0000000008003ca4                _malloc_usable_size_r
 *(.glue_7)
 .glue_7        0x0000000008003cb4        0x0 linker stubs
 *(.glue_7t)
 .glue_7t       0x0000000008003cb4        0x0 linker stubs
 *(.eh_frame)
 .eh_frame      0x0000000008003cb4        0x0 /home/art/Ac6/SystemWorkbench/plugins/fr.ac6.mcu.externaltools.arm-none.linux64_1.17.0.201812190825/tools/compiler/bin/../lib/gcc/arm-none-eabi/7.3.1/thumb/v7e-m/fpv4-sp/softfp/crtbegin.o
 *(.init)
 .init          0x0000000008003cb4        0x4 /home/art/Ac6/SystemWorkbench/plugins/fr.ac6.mcu.externaltools.arm-none.linux64_1.17.0.201812190825/tools/compiler/bin/../lib/gcc/arm-none-eabi/7.3.1/thumb/v7e-m/fpv4-sp/softfp/crti.o
                0x0000000008003cb4                _init
 .init          0x0000000008003cb8        0x8 /home/art/Ac6/SystemWorkbench/plugins/fr.ac6.mcu.externaltools.arm-none.linux64_1.17.0.201812190825/tools/compiler/bin/../lib/gcc/arm-none-eabi/7.3.1/thumb/v7e-m/fpv4-sp/softfp/crtn.o
 *(.fini)
 .fini          0x0000000008003cc0        0x4 /home/art/Ac6/SystemWorkbench/plugins/fr.ac6.mcu.externaltools.arm-none.linux64_1.17.0.201812190825/tools/compiler/bin/../lib/gcc/arm-none-eabi/7.3.1/thumb/v7e-m/fpv4-sp/softfp/crti.o
                0x0000000008003cc0                _fini
 .fini          0x0000000008003cc4        0x8 /home/art/Ac6/SystemWorkbench/plugins/fr.ac6.mcu.externaltools.arm-none.linux64_1.17.0.201812190825/tools/compiler/bin/../lib/gcc/arm-none-eabi/7.3.1/thumb/v7e-m/fpv4-sp/softfp/crtn.o
                0x0000000008003ccc                . = ALIGN (0x4)
                0x0000000008003ccc                _etext = .

.vfp11_veneer   0x0000000008003ccc        0x0
 .vfp11_veneer  0x0000000008003ccc        0x0 linker stubs

.v4_bx          0x0000000008003ccc        0x0
 .v4_bx         0x0000000008003ccc        0x0 linker stubs

.iplt           0x0000000008003ccc        0x0
 .iplt          0x0000000008003ccc        0x0 /home/art/Ac6/SystemWorkbench/plugins/fr.ac6.mcu.externaltools.arm-none.linux64_1.17.0.201812190825/tools/compiler/bin/../lib/gcc/arm-none-eabi/7.3.1/thumb/v7e-m/fpv4-sp/softfp/crtbegin.o

.rodata         0x0000000008003ccc       0x90
                0x0000000008003ccc                . = ALIGN (0x4)
 *(.rodata)
 .rodata        0x0000000008003ccc       0x20 Drivers/STM32F3xx_HAL_Driver/Src/stm32f3xx_hal_rcc.o
                0x0000000008003ccc                aPLLMULFactorTable
                0x0000000008003cdc                aPredivFactorTable
 .rodata        0x0000000008003cec       0x18 Src/system_stm32f3xx.o
                0x0000000008003cec                AHBPrescTable
                0x0000000008003cfc                APBPrescTable
 *(.rodata*)
 .rodata.str1.4
                0x0000000008003d04        0xc Src/debug_helper.o
 .rodata.str1.4
                0x0000000008003d10       0x18 Src/main.o
                                         0x16 (size before relaxing)
 .rodata._svfprintf_r.str1.1
                0x0000000008003d28       0x11 /home/art/Ac6/SystemWorkbench/plugins/fr.ac6.mcu.externaltools.arm-none.linux64_1.17.0.201812190825/tools/compiler/bin/../lib/gcc/arm-none-eabi/7.3.1/../../../../arm-none-eabi/lib/thumb/v7e-m/fpv4-sp/softfp/libc_nano.a(lib_a-nano-svfprintf.o)
 .rodata._printf_i.str1.1
                0x0000000008003d39       0x22 /home/art/Ac6/SystemWorkbench/plugins/fr.ac6.mcu.externaltools.arm-none.linux64_1.17.0.201812190825/tools/compiler/bin/../lib/gcc/arm-none-eabi/7.3.1/../../../../arm-none-eabi/lib/thumb/v7e-m/fpv4-sp/softfp/libc_nano.a(lib_a-nano-vfprintf_i.o)
                0x0000000008003d5c                . = ALIGN (0x4)
 *fill*         0x0000000008003d5b        0x1 

.rel.dyn        0x0000000008003d5c        0x0
 .rel.iplt      0x0000000008003d5c        0x0 /home/art/Ac6/SystemWorkbench/plugins/fr.ac6.mcu.externaltools.arm-none.linux64_1.17.0.201812190825/tools/compiler/bin/../lib/gcc/arm-none-eabi/7.3.1/thumb/v7e-m/fpv4-sp/softfp/crtbegin.o

.ARM.extab
 *(.ARM.extab* .gnu.linkonce.armextab.*)

.ARM            0x0000000008003d5c        0x0
                0x0000000008003d5c                __exidx_start = .
 *(.ARM.exidx*)
                0x0000000008003d5c                __exidx_end = .

.preinit_array  0x0000000008003d5c        0x0
                0x0000000008003d5c                PROVIDE (__preinit_array_start = .)
 *(.preinit_array*)
                0x0000000008003d5c                PROVIDE (__preinit_array_end = .)

.init_array     0x0000000008003d5c        0x4
                0x0000000008003d5c                PROVIDE (__init_array_start = .)
 *(SORT_BY_NAME(.init_array.*))
 *(.init_array*)
 .init_array    0x0000000008003d5c        0x4 /home/art/Ac6/SystemWorkbench/plugins/fr.ac6.mcu.externaltools.arm-none.linux64_1.17.0.201812190825/tools/compiler/bin/../lib/gcc/arm-none-eabi/7.3.1/thumb/v7e-m/fpv4-sp/softfp/crtbegin.o
                0x0000000008003d60                PROVIDE (__init_array_end = .)

.fini_array     0x0000000008003d60        0x4
                [!provide]                        PROVIDE (__fini_array_start = .)
 *(SORT_BY_NAME(.fini_array.*))
 *(.fini_array*)
 .fini_array    0x0000000008003d60        0x4 /home/art/Ac6/SystemWorkbench/plugins/fr.ac6.mcu.externaltools.arm-none.linux64_1.17.0.201812190825/tools/compiler/bin/../lib/gcc/arm-none-eabi/7.3.1/thumb/v7e-m/fpv4-sp/softfp/crtbegin.o
                [!provide]                        PROVIDE (__fini_array_end = .)
                0x0000000008003d64                _sidata = LOADADDR (.data)

.data           0x0000000020000000      0x8c8 load address 0x0000000008003d64
                0x0000000020000000                . = ALIGN (0x4)
                0x0000000020000000                _sdata = .
 *(.data)
 .data          0x0000000020000000        0x8 Drivers/STM32F3xx_HAL_Driver/Src/stm32f3xx_hal.o
                0x0000000020000000                uwTickFreq
                0x0000000020000004                uwTickPrio
 .data          0x0000000020000008       0x50 Src/corr.o
                0x0000000020000008                left_grads
                0x000000002000003c                right_grads
 .data          0x0000000020000058      0x808 Src/main.o
                0x0000000020000058                adc_data
                0x000000002000045c                adc_data_2
 .data          0x0000000020000860        0x4 Src/system_stm32f3xx.o
                0x0000000020000860                SystemCoreClock
 *(.data*)
 .data._impure_ptr
                0x0000000020000864        0x4 /home/art/Ac6/SystemWorkbench/plugins/fr.ac6.mcu.externaltools.arm-none.linux64_1.17.0.201812190825/tools/compiler/bin/../lib/gcc/arm-none-eabi/7.3.1/../../../../arm-none-eabi/lib/thumb/v7e-m/fpv4-sp/softfp/libc_nano.a(lib_a-impure.o)
                0x0000000020000864                _impure_ptr
 .data.impure_data
                0x0000000020000868       0x60 /home/art/Ac6/SystemWorkbench/plugins/fr.ac6.mcu.externaltools.arm-none.linux64_1.17.0.201812190825/tools/compiler/bin/../lib/gcc/arm-none-eabi/7.3.1/../../../../arm-none-eabi/lib/thumb/v7e-m/fpv4-sp/softfp/libc_nano.a(lib_a-impure.o)
                0x00000000200008c8                . = ALIGN (0x4)
                0x00000000200008c8                _edata = .
                0x000000000800462c                _siccmram = LOADADDR (.ccmram)

.igot.plt       0x00000000200008c8        0x0 load address 0x000000000800462c
 .igot.plt      0x00000000200008c8        0x0 /home/art/Ac6/SystemWorkbench/plugins/fr.ac6.mcu.externaltools.arm-none.linux64_1.17.0.201812190825/tools/compiler/bin/../lib/gcc/arm-none-eabi/7.3.1/thumb/v7e-m/fpv4-sp/softfp/crtbegin.o

.ccmram         0x0000000010000000        0x0 load address 0x000000000800462c
                0x0000000010000000                . = ALIGN (0x4)
                0x0000000010000000                _sccmram = .
 *(.ccmram)
 *(.ccmram*)
                0x0000000010000000                . = ALIGN (0x4)
                0x0000000010000000                _eccmram = .
                0x0000000010000000                . = ALIGN (0x4)

.bss            0x00000000200008c8      0x99c
                0x00000000200008c8                _sbss = .
                0x00000000200008c8                __bss_start__ = _sbss
 *(.bss)
 .bss           0x00000000200008c8       0x1c /home/art/Ac6/SystemWorkbench/plugins/fr.ac6.mcu.externaltools.arm-none.linux64_1.17.0.201812190825/tools/compiler/bin/../lib/gcc/arm-none-eabi/7.3.1/thumb/v7e-m/fpv4-sp/softfp/crtbegin.o
 .bss           0x00000000200008e4        0x4 Src/adc.o
 .bss           0x00000000200008e8        0x8 Src/syscalls.o
                0x00000000200008ec                __env
 *(.bss*)
 .bss.__malloc_free_list
                0x00000000200008f0        0x4 /home/art/Ac6/SystemWorkbench/plugins/fr.ac6.mcu.externaltools.arm-none.linux64_1.17.0.201812190825/tools/compiler/bin/../lib/gcc/arm-none-eabi/7.3.1/../../../../arm-none-eabi/lib/thumb/v7e-m/fpv4-sp/softfp/libc_nano.a(lib_a-nano-mallocr.o)
                0x00000000200008f0                __malloc_free_list
 .bss.__malloc_sbrk_start
                0x00000000200008f4        0x4 /home/art/Ac6/SystemWorkbench/plugins/fr.ac6.mcu.externaltools.arm-none.linux64_1.17.0.201812190825/tools/compiler/bin/../lib/gcc/arm-none-eabi/7.3.1/../../../../arm-none-eabi/lib/thumb/v7e-m/fpv4-sp/softfp/libc_nano.a(lib_a-nano-mallocr.o)
                0x00000000200008f4                __malloc_sbrk_start
 *(COMMON)
 COMMON         0x00000000200008f8        0x4 Drivers/STM32F3xx_HAL_Driver/Src/stm32f3xx_hal.o
                0x00000000200008f8                uwTick
 COMMON         0x00000000200008fc       0xe4 Src/adc.o
                0x00000000200008fc                hadc2
                0x000000002000094c                hadc1
                0x000000002000099c                hdma_adc1
 COMMON         0x00000000200009e0      0x800 Src/corr.o
                0x00000000200009e0                out
                0x0000000020000de0                ch2
                0x0000000020000fe0                ch1
 COMMON         0x00000000200011e0       0x80 Src/usart.o
                0x00000000200011e0                huart1
 COMMON         0x0000000020001260        0x4 /home/art/Ac6/SystemWorkbench/plugins/fr.ac6.mcu.externaltools.arm-none.linux64_1.17.0.201812190825/tools/compiler/bin/../lib/gcc/arm-none-eabi/7.3.1/../../../../arm-none-eabi/lib/thumb/v7e-m/fpv4-sp/softfp/libc_nano.a(lib_a-reent.o)
                0x0000000020001260                errno
                0x0000000020001264                . = ALIGN (0x4)
                0x0000000020001264                _ebss = .
                0x0000000020001264                __bss_end__ = _ebss

._user_heap_stack
                0x0000000020001264      0x604
                0x0000000020001268                . = ALIGN (0x8)
 *fill*         0x0000000020001264        0x4 
                0x0000000020001268                PROVIDE (end = .)
                [!provide]                        PROVIDE (_end = .)
                0x0000000020001468                . = (. + _Min_Heap_Size)
 *fill*         0x0000000020001268      0x200 
                0x0000000020001868                . = (. + _Min_Stack_Size)
 *fill*         0x0000000020001468      0x400 
                0x0000000020001868                . = ALIGN (0x8)

/DISCARD/
 libc.a(*)
 libm.a(*)
 libgcc.a(*)

.ARM.attributes
                0x0000000000000000       0x2e
 *(.ARM.attributes)
 .ARM.attributes
                0x0000000000000000       0x22 /home/art/Ac6/SystemWorkbench/plugins/fr.ac6.mcu.externaltools.arm-none.linux64_1.17.0.201812190825/tools/compiler/bin/../lib/gcc/arm-none-eabi/7.3.1/thumb/v7e-m/fpv4-sp/softfp/crti.o
 .ARM.attributes
                0x0000000000000022       0x32 /home/art/Ac6/SystemWorkbench/plugins/fr.ac6.mcu.externaltools.arm-none.linux64_1.17.0.201812190825/tools/compiler/bin/../lib/gcc/arm-none-eabi/7.3.1/thumb/v7e-m/fpv4-sp/softfp/crtbegin.o
 .ARM.attributes
                0x0000000000000054       0x37 Drivers/STM32F3xx_HAL_Driver/Src/stm32f3xx_hal.o
 .ARM.attributes
                0x000000000000008b       0x37 Drivers/STM32F3xx_HAL_Driver/Src/stm32f3xx_hal_adc.o
 .ARM.attributes
                0x00000000000000c2       0x37 Drivers/STM32F3xx_HAL_Driver/Src/stm32f3xx_hal_adc_ex.o
 .ARM.attributes
                0x00000000000000f9       0x37 Drivers/STM32F3xx_HAL_Driver/Src/stm32f3xx_hal_cortex.o
 .ARM.attributes
                0x0000000000000130       0x37 Drivers/STM32F3xx_HAL_Driver/Src/stm32f3xx_hal_dma.o
 .ARM.attributes
                0x0000000000000167       0x37 Drivers/STM32F3xx_HAL_Driver/Src/stm32f3xx_hal_gpio.o
 .ARM.attributes
                0x000000000000019e       0x37 Drivers/STM32F3xx_HAL_Driver/Src/stm32f3xx_hal_rcc.o
 .ARM.attributes
                0x00000000000001d5       0x37 Drivers/STM32F3xx_HAL_Driver/Src/stm32f3xx_hal_rcc_ex.o
 .ARM.attributes
                0x000000000000020c       0x37 Drivers/STM32F3xx_HAL_Driver/Src/stm32f3xx_hal_uart.o
 .ARM.attributes
                0x0000000000000243       0x37 Src/adc.o
 .ARM.attributes
                0x000000000000027a       0x37 Src/corr.o
 .ARM.attributes
                0x00000000000002b1       0x37 Src/debug_helper.o
 .ARM.attributes
                0x00000000000002e8       0x37 Src/dma.o
 .ARM.attributes
                0x000000000000031f       0x37 Src/gpio.o
 .ARM.attributes
                0x0000000000000356       0x37 Src/main.o
 .ARM.attributes
                0x000000000000038d       0x37 Src/stm32f3xx_hal_msp.o
 .ARM.attributes
                0x00000000000003c4       0x37 Src/stm32f3xx_it.o
 .ARM.attributes
                0x00000000000003fb       0x37 Src/syscalls.o
 .ARM.attributes
                0x0000000000000432       0x37 Src/system_stm32f3xx.o
 .ARM.attributes
                0x0000000000000469       0x37 Src/usart.o
 .ARM.attributes
                0x00000000000004a0       0x21 startup/startup_stm32f303xc.o
 .ARM.attributes
                0x00000000000004c1       0x2d /home/art/STM32Cube/Repository/Packs/ARM/CMSIS/5.6.0/CMSIS/DSP/Lib/GCC/libarm_cortexM3l_math.a(arm_max_q15.o)
 .ARM.attributes
                0x00000000000004ee       0x2d /home/art/STM32Cube/Repository/Packs/ARM/CMSIS/5.6.0/CMSIS/DSP/Lib/GCC/libarm_cortexM3l_math.a(arm_correlate_fast_q15.o)
 .ARM.attributes
                0x000000000000051b       0x32 /home/art/Ac6/SystemWorkbench/plugins/fr.ac6.mcu.externaltools.arm-none.linux64_1.17.0.201812190825/tools/compiler/bin/../lib/gcc/arm-none-eabi/7.3.1/../../../../arm-none-eabi/lib/thumb/v7e-m/fpv4-sp/softfp/libc_nano.a(lib_a-errno.o)
 .ARM.attributes
                0x000000000000054d       0x32 /home/art/Ac6/SystemWorkbench/plugins/fr.ac6.mcu.externaltools.arm-none.linux64_1.17.0.201812190825/tools/compiler/bin/../lib/gcc/arm-none-eabi/7.3.1/../../../../arm-none-eabi/lib/thumb/v7e-m/fpv4-sp/softfp/libc_nano.a(lib_a-impure.o)
 .ARM.attributes
                0x000000000000057f       0x32 /home/art/Ac6/SystemWorkbench/plugins/fr.ac6.mcu.externaltools.arm-none.linux64_1.17.0.201812190825/tools/compiler/bin/../lib/gcc/arm-none-eabi/7.3.1/../../../../arm-none-eabi/lib/thumb/v7e-m/fpv4-sp/softfp/libc_nano.a(lib_a-init.o)
 .ARM.attributes
                0x00000000000005b1       0x32 /home/art/Ac6/SystemWorkbench/plugins/fr.ac6.mcu.externaltools.arm-none.linux64_1.17.0.201812190825/tools/compiler/bin/../lib/gcc/arm-none-eabi/7.3.1/../../../../arm-none-eabi/lib/thumb/v7e-m/fpv4-sp/softfp/libc_nano.a(lib_a-memset.o)
 .ARM.attributes
                0x00000000000005e3       0x32 /home/art/Ac6/SystemWorkbench/plugins/fr.ac6.mcu.externaltools.arm-none.linux64_1.17.0.201812190825/tools/compiler/bin/../lib/gcc/arm-none-eabi/7.3.1/../../../../arm-none-eabi/lib/thumb/v7e-m/fpv4-sp/softfp/libc_nano.a(lib_a-sprintf.o)
 .ARM.attributes
                0x0000000000000615       0x32 /home/art/Ac6/SystemWorkbench/plugins/fr.ac6.mcu.externaltools.arm-none.linux64_1.17.0.201812190825/tools/compiler/bin/../lib/gcc/arm-none-eabi/7.3.1/../../../../arm-none-eabi/lib/thumb/v7e-m/fpv4-sp/softfp/libc_nano.a(lib_a-nano-svfprintf.o)
 .ARM.attributes
                0x0000000000000647       0x32 /home/art/Ac6/SystemWorkbench/plugins/fr.ac6.mcu.externaltools.arm-none.linux64_1.17.0.201812190825/tools/compiler/bin/../lib/gcc/arm-none-eabi/7.3.1/../../../../arm-none-eabi/lib/thumb/v7e-m/fpv4-sp/softfp/libc_nano.a(lib_a-nano-vfprintf_i.o)
 .ARM.attributes
                0x0000000000000679       0x20 /home/art/Ac6/SystemWorkbench/plugins/fr.ac6.mcu.externaltools.arm-none.linux64_1.17.0.201812190825/tools/compiler/bin/../lib/gcc/arm-none-eabi/7.3.1/../../../../arm-none-eabi/lib/thumb/v7e-m/fpv4-sp/softfp/libc_nano.a(lib_a-memchr.o)
 .ARM.attributes
                0x0000000000000699       0x32 /home/art/Ac6/SystemWorkbench/plugins/fr.ac6.mcu.externaltools.arm-none.linux64_1.17.0.201812190825/tools/compiler/bin/../lib/gcc/arm-none-eabi/7.3.1/../../../../arm-none-eabi/lib/thumb/v7e-m/fpv4-sp/softfp/libc_nano.a(lib_a-memcpy-stub.o)
 .ARM.attributes
                0x00000000000006cb       0x32 /home/art/Ac6/SystemWorkbench/plugins/fr.ac6.mcu.externaltools.arm-none.linux64_1.17.0.201812190825/tools/compiler/bin/../lib/gcc/arm-none-eabi/7.3.1/../../../../arm-none-eabi/lib/thumb/v7e-m/fpv4-sp/softfp/libc_nano.a(lib_a-memmove.o)
 .ARM.attributes
                0x00000000000006fd       0x32 /home/art/Ac6/SystemWorkbench/plugins/fr.ac6.mcu.externaltools.arm-none.linux64_1.17.0.201812190825/tools/compiler/bin/../lib/gcc/arm-none-eabi/7.3.1/../../../../arm-none-eabi/lib/thumb/v7e-m/fpv4-sp/softfp/libc_nano.a(lib_a-nano-freer.o)
 .ARM.attributes
                0x000000000000072f       0x32 /home/art/Ac6/SystemWorkbench/plugins/fr.ac6.mcu.externaltools.arm-none.linux64_1.17.0.201812190825/tools/compiler/bin/../lib/gcc/arm-none-eabi/7.3.1/../../../../arm-none-eabi/lib/thumb/v7e-m/fpv4-sp/softfp/libc_nano.a(lib_a-nano-mallocr.o)
 .ARM.attributes
                0x0000000000000761       0x32 /home/art/Ac6/SystemWorkbench/plugins/fr.ac6.mcu.externaltools.arm-none.linux64_1.17.0.201812190825/tools/compiler/bin/../lib/gcc/arm-none-eabi/7.3.1/../../../../arm-none-eabi/lib/thumb/v7e-m/fpv4-sp/softfp/libc_nano.a(lib_a-nano-reallocr.o)
 .ARM.attributes
                0x0000000000000793       0x32 /home/art/Ac6/SystemWorkbench/plugins/fr.ac6.mcu.externaltools.arm-none.linux64_1.17.0.201812190825/tools/compiler/bin/../lib/gcc/arm-none-eabi/7.3.1/../../../../arm-none-eabi/lib/thumb/v7e-m/fpv4-sp/softfp/libc_nano.a(lib_a-sbrkr.o)
 .ARM.attributes
                0x00000000000007c5       0x32 /home/art/Ac6/SystemWorkbench/plugins/fr.ac6.mcu.externaltools.arm-none.linux64_1.17.0.201812190825/tools/compiler/bin/../lib/gcc/arm-none-eabi/7.3.1/../../../../arm-none-eabi/lib/thumb/v7e-m/fpv4-sp/softfp/libc_nano.a(lib_a-mlock.o)
 .ARM.attributes
                0x00000000000007f7       0x32 /home/art/Ac6/SystemWorkbench/plugins/fr.ac6.mcu.externaltools.arm-none.linux64_1.17.0.201812190825/tools/compiler/bin/../lib/gcc/arm-none-eabi/7.3.1/../../../../arm-none-eabi/lib/thumb/v7e-m/fpv4-sp/softfp/libc_nano.a(lib_a-nano-msizer.o)
 .ARM.attributes
                0x0000000000000829       0x32 /home/art/Ac6/SystemWorkbench/plugins/fr.ac6.mcu.externaltools.arm-none.linux64_1.17.0.201812190825/tools/compiler/bin/../lib/gcc/arm-none-eabi/7.3.1/../../../../arm-none-eabi/lib/thumb/v7e-m/fpv4-sp/softfp/libc_nano.a(lib_a-reent.o)
 .ARM.attributes
                0x000000000000085b       0x22 /home/art/Ac6/SystemWorkbench/plugins/fr.ac6.mcu.externaltools.arm-none.linux64_1.17.0.201812190825/tools/compiler/bin/../lib/gcc/arm-none-eabi/7.3.1/thumb/v7e-m/fpv4-sp/softfp/crtn.o
OUTPUT(Whistle-2.0.elf elf32-littlearm)

.debug_info     0x0000000000000000    0x122d9
 .debug_info    0x0000000000000000      0x88e Drivers/STM32F3xx_HAL_Driver/Src/stm32f3xx_hal.o
 .debug_info    0x000000000000088e      0xbcf Drivers/STM32F3xx_HAL_Driver/Src/stm32f3xx_hal_adc.o
 .debug_info    0x000000000000145d     0x1b6b Drivers/STM32F3xx_HAL_Driver/Src/stm32f3xx_hal_adc_ex.o
 .debug_info    0x0000000000002fc8      0xefe Drivers/STM32F3xx_HAL_Driver/Src/stm32f3xx_hal_cortex.o
 .debug_info    0x0000000000003ec6      0x881 Drivers/STM32F3xx_HAL_Driver/Src/stm32f3xx_hal_dma.o
 .debug_info    0x0000000000004747      0x705 Drivers/STM32F3xx_HAL_Driver/Src/stm32f3xx_hal_gpio.o
 .debug_info    0x0000000000004e4c     0x1471 Drivers/STM32F3xx_HAL_Driver/Src/stm32f3xx_hal_rcc.o
 .debug_info    0x00000000000062bd      0x7b3 Drivers/STM32F3xx_HAL_Driver/Src/stm32f3xx_hal_rcc_ex.o
 .debug_info    0x0000000000006a70     0x1b74 Drivers/STM32F3xx_HAL_Driver/Src/stm32f3xx_hal_uart.o
 .debug_info    0x00000000000085e4      0xc80 Src/adc.o
 .debug_info    0x0000000000009264      0xbc3 Src/corr.o
 .debug_info    0x0000000000009e27      0xca1 Src/debug_helper.o
 .debug_info    0x000000000000aac8      0x478 Src/dma.o
 .debug_info    0x000000000000af40      0x440 Src/gpio.o
 .debug_info    0x000000000000b380     0x2586 Src/main.o
 .debug_info    0x000000000000d906      0x278 Src/stm32f3xx_hal_msp.o
 .debug_info    0x000000000000db7e      0x462 Src/stm32f3xx_it.o
 .debug_info    0x000000000000dfe0      0xfd3 Src/syscalls.o
 .debug_info    0x000000000000efb3      0x460 Src/system_stm32f3xx.o
 .debug_info    0x000000000000f413      0x9a1 Src/usart.o
 .debug_info    0x000000000000fdb4       0x22 startup/startup_stm32f303xc.o
 .debug_info    0x000000000000fdd6      0xb5a /home/art/STM32Cube/Repository/Packs/ARM/CMSIS/5.6.0/CMSIS/DSP/Lib/GCC/libarm_cortexM3l_math.a(arm_max_q15.o)
 .debug_info    0x0000000000010930     0x19a9 /home/art/STM32Cube/Repository/Packs/ARM/CMSIS/5.6.0/CMSIS/DSP/Lib/GCC/libarm_cortexM3l_math.a(arm_correlate_fast_q15.o)

.debug_abbrev   0x0000000000000000     0x2e5e
 .debug_abbrev  0x0000000000000000      0x1ed Drivers/STM32F3xx_HAL_Driver/Src/stm32f3xx_hal.o
 .debug_abbrev  0x00000000000001ed      0x196 Drivers/STM32F3xx_HAL_Driver/Src/stm32f3xx_hal_adc.o
 .debug_abbrev  0x0000000000000383      0x29c Drivers/STM32F3xx_HAL_Driver/Src/stm32f3xx_hal_adc_ex.o
 .debug_abbrev  0x000000000000061f      0x328 Drivers/STM32F3xx_HAL_Driver/Src/stm32f3xx_hal_cortex.o
 .debug_abbrev  0x0000000000000947      0x22d Drivers/STM32F3xx_HAL_Driver/Src/stm32f3xx_hal_dma.o
 .debug_abbrev  0x0000000000000b74      0x1de Drivers/STM32F3xx_HAL_Driver/Src/stm32f3xx_hal_gpio.o
 .debug_abbrev  0x0000000000000d52      0x2a9 Drivers/STM32F3xx_HAL_Driver/Src/stm32f3xx_hal_rcc.o
 .debug_abbrev  0x0000000000000ffb      0x24b Drivers/STM32F3xx_HAL_Driver/Src/stm32f3xx_hal_rcc_ex.o
 .debug_abbrev  0x0000000000001246      0x24d Drivers/STM32F3xx_HAL_Driver/Src/stm32f3xx_hal_uart.o
 .debug_abbrev  0x0000000000001493      0x1da Src/adc.o
 .debug_abbrev  0x000000000000166d      0x270 Src/corr.o
 .debug_abbrev  0x00000000000018dd      0x262 Src/debug_helper.o
 .debug_abbrev  0x0000000000001b3f      0x140 Src/dma.o
 .debug_abbrev  0x0000000000001c7f      0x173 Src/gpio.o
 .debug_abbrev  0x0000000000001df2      0x312 Src/main.o
 .debug_abbrev  0x0000000000002104      0x109 Src/stm32f3xx_hal_msp.o
 .debug_abbrev  0x000000000000220d      0x167 Src/stm32f3xx_it.o
 .debug_abbrev  0x0000000000002374      0x2d4 Src/syscalls.o
 .debug_abbrev  0x0000000000002648      0x12b Src/system_stm32f3xx.o
 .debug_abbrev  0x0000000000002773      0x1c9 Src/usart.o
 .debug_abbrev  0x000000000000293c       0x12 startup/startup_stm32f303xc.o
 .debug_abbrev  0x000000000000294e      0x212 /home/art/STM32Cube/Repository/Packs/ARM/CMSIS/5.6.0/CMSIS/DSP/Lib/GCC/libarm_cortexM3l_math.a(arm_max_q15.o)
 .debug_abbrev  0x0000000000002b60      0x2fe /home/art/STM32Cube/Repository/Packs/ARM/CMSIS/5.6.0/CMSIS/DSP/Lib/GCC/libarm_cortexM3l_math.a(arm_correlate_fast_q15.o)

.debug_loc      0x0000000000000000     0x879f
 .debug_loc     0x0000000000000000      0x11b Drivers/STM32F3xx_HAL_Driver/Src/stm32f3xx_hal.o
 .debug_loc     0x000000000000011b      0x1ef Drivers/STM32F3xx_HAL_Driver/Src/stm32f3xx_hal_adc.o
 .debug_loc     0x000000000000030a     0x1b4b Drivers/STM32F3xx_HAL_Driver/Src/stm32f3xx_hal_adc_ex.o
 .debug_loc     0x0000000000001e55      0x5ce Drivers/STM32F3xx_HAL_Driver/Src/stm32f3xx_hal_cortex.o
 .debug_loc     0x0000000000002423      0x7c6 Drivers/STM32F3xx_HAL_Driver/Src/stm32f3xx_hal_dma.o
 .debug_loc     0x0000000000002be9      0x2de Drivers/STM32F3xx_HAL_Driver/Src/stm32f3xx_hal_gpio.o
 .debug_loc     0x0000000000002ec7      0x964 Drivers/STM32F3xx_HAL_Driver/Src/stm32f3xx_hal_rcc.o
 .debug_loc     0x000000000000382b      0x82d Drivers/STM32F3xx_HAL_Driver/Src/stm32f3xx_hal_rcc_ex.o
 .debug_loc     0x0000000000004058     0x1913 Drivers/STM32F3xx_HAL_Driver/Src/stm32f3xx_hal_uart.o
 .debug_loc     0x000000000000596b       0xc1 Src/adc.o
 .debug_loc     0x0000000000005a2c       0xcf Src/corr.o
 .debug_loc     0x0000000000005afb      0x1e5 Src/debug_helper.o
 .debug_loc     0x0000000000005ce0       0x36 Src/main.o
 .debug_loc     0x0000000000005d16      0x3af Src/syscalls.o
 .debug_loc     0x00000000000060c5       0xff Src/system_stm32f3xx.o
 .debug_loc     0x00000000000061c4       0x74 Src/usart.o
 .debug_loc     0x0000000000006238      0x374 /home/art/STM32Cube/Repository/Packs/ARM/CMSIS/5.6.0/CMSIS/DSP/Lib/GCC/libarm_cortexM3l_math.a(arm_max_q15.o)
 .debug_loc     0x00000000000065ac     0x21f3 /home/art/STM32Cube/Repository/Packs/ARM/CMSIS/5.6.0/CMSIS/DSP/Lib/GCC/libarm_cortexM3l_math.a(arm_correlate_fast_q15.o)

.debug_aranges  0x0000000000000000      0xa80
 .debug_aranges
                0x0000000000000000       0xe0 Drivers/STM32F3xx_HAL_Driver/Src/stm32f3xx_hal.o
 .debug_aranges
                0x00000000000000e0       0xc8 Drivers/STM32F3xx_HAL_Driver/Src/stm32f3xx_hal_adc.o
 .debug_aranges
                0x00000000000001a8      0x168 Drivers/STM32F3xx_HAL_Driver/Src/stm32f3xx_hal_adc_ex.o
 .debug_aranges
                0x0000000000000310       0xa8 Drivers/STM32F3xx_HAL_Driver/Src/stm32f3xx_hal_cortex.o
 .debug_aranges
                0x00000000000003b8       0x88 Drivers/STM32F3xx_HAL_Driver/Src/stm32f3xx_hal_dma.o
 .debug_aranges
                0x0000000000000440       0x58 Drivers/STM32F3xx_HAL_Driver/Src/stm32f3xx_hal_gpio.o
 .debug_aranges
                0x0000000000000498       0x88 Drivers/STM32F3xx_HAL_Driver/Src/stm32f3xx_hal_rcc.o
 .debug_aranges
                0x0000000000000520       0x38 Drivers/STM32F3xx_HAL_Driver/Src/stm32f3xx_hal_rcc_ex.o
 .debug_aranges
                0x0000000000000558      0x210 Drivers/STM32F3xx_HAL_Driver/Src/stm32f3xx_hal_uart.o
 .debug_aranges
                0x0000000000000768       0x38 Src/adc.o
 .debug_aranges
                0x00000000000007a0       0x30 Src/corr.o
 .debug_aranges
                0x00000000000007d0       0x48 Src/debug_helper.o
 .debug_aranges
                0x0000000000000818       0x20 Src/dma.o
 .debug_aranges
                0x0000000000000838       0x20 Src/gpio.o
 .debug_aranges
                0x0000000000000858       0x30 Src/main.o
 .debug_aranges
                0x0000000000000888       0x20 Src/stm32f3xx_hal_msp.o
 .debug_aranges
                0x00000000000008a8       0x68 Src/stm32f3xx_it.o
 .debug_aranges
                0x0000000000000910       0xb0 Src/syscalls.o
 .debug_aranges
                0x00000000000009c0       0x28 Src/system_stm32f3xx.o
 .debug_aranges
                0x00000000000009e8       0x30 Src/usart.o
 .debug_aranges
                0x0000000000000a18       0x28 startup/startup_stm32f303xc.o
 .debug_aranges
                0x0000000000000a40       0x20 /home/art/STM32Cube/Repository/Packs/ARM/CMSIS/5.6.0/CMSIS/DSP/Lib/GCC/libarm_cortexM3l_math.a(arm_max_q15.o)
 .debug_aranges
                0x0000000000000a60       0x20 /home/art/STM32Cube/Repository/Packs/ARM/CMSIS/5.6.0/CMSIS/DSP/Lib/GCC/libarm_cortexM3l_math.a(arm_correlate_fast_q15.o)

.debug_ranges   0x0000000000000000     0x1058
 .debug_ranges  0x0000000000000000       0xd0 Drivers/STM32F3xx_HAL_Driver/Src/stm32f3xx_hal.o
 .debug_ranges  0x00000000000000d0       0xb8 Drivers/STM32F3xx_HAL_Driver/Src/stm32f3xx_hal_adc.o
 .debug_ranges  0x0000000000000188      0x158 Drivers/STM32F3xx_HAL_Driver/Src/stm32f3xx_hal_adc_ex.o
 .debug_ranges  0x00000000000002e0       0xf8 Drivers/STM32F3xx_HAL_Driver/Src/stm32f3xx_hal_cortex.o
 .debug_ranges  0x00000000000003d8       0x78 Drivers/STM32F3xx_HAL_Driver/Src/stm32f3xx_hal_dma.o
 .debug_ranges  0x0000000000000450       0x48 Drivers/STM32F3xx_HAL_Driver/Src/stm32f3xx_hal_gpio.o
 .debug_ranges  0x0000000000000498       0x98 Drivers/STM32F3xx_HAL_Driver/Src/stm32f3xx_hal_rcc.o
 .debug_ranges  0x0000000000000530       0x40 Drivers/STM32F3xx_HAL_Driver/Src/stm32f3xx_hal_rcc_ex.o
 .debug_ranges  0x0000000000000570      0x200 Drivers/STM32F3xx_HAL_Driver/Src/stm32f3xx_hal_uart.o
 .debug_ranges  0x0000000000000770       0x28 Src/adc.o
 .debug_ranges  0x0000000000000798       0x20 Src/corr.o
 .debug_ranges  0x00000000000007b8       0x38 Src/debug_helper.o
 .debug_ranges  0x00000000000007f0       0x10 Src/dma.o
 .debug_ranges  0x0000000000000800       0x10 Src/gpio.o
 .debug_ranges  0x0000000000000810       0x20 Src/main.o
 .debug_ranges  0x0000000000000830       0x10 Src/stm32f3xx_hal_msp.o
 .debug_ranges  0x0000000000000840       0x58 Src/stm32f3xx_it.o
 .debug_ranges  0x0000000000000898       0xa0 Src/syscalls.o
 .debug_ranges  0x0000000000000938       0x18 Src/system_stm32f3xx.o
 .debug_ranges  0x0000000000000950       0x20 Src/usart.o
 .debug_ranges  0x0000000000000970       0x20 startup/startup_stm32f303xc.o
 .debug_ranges  0x0000000000000990       0x10 /home/art/STM32Cube/Repository/Packs/ARM/CMSIS/5.6.0/CMSIS/DSP/Lib/GCC/libarm_cortexM3l_math.a(arm_max_q15.o)
 .debug_ranges  0x00000000000009a0      0x6b8 /home/art/STM32Cube/Repository/Packs/ARM/CMSIS/5.6.0/CMSIS/DSP/Lib/GCC/libarm_cortexM3l_math.a(arm_correlate_fast_q15.o)

.debug_macro    0x0000000000000000    0x1c389
 .debug_macro   0x0000000000000000      0x1f7 Drivers/STM32F3xx_HAL_Driver/Src/stm32f3xx_hal.o
 .debug_macro   0x00000000000001f7      0xa6c Drivers/STM32F3xx_HAL_Driver/Src/stm32f3xx_hal.o
 .debug_macro   0x0000000000000c63      0x157 Drivers/STM32F3xx_HAL_Driver/Src/stm32f3xx_hal.o
 .debug_macro   0x0000000000000dba       0x2e Drivers/STM32F3xx_HAL_Driver/Src/stm32f3xx_hal.o
 .debug_macro   0x0000000000000de8       0x28 Drivers/STM32F3xx_HAL_Driver/Src/stm32f3xx_hal.o
 .debug_macro   0x0000000000000e10       0x22 Drivers/STM32F3xx_HAL_Driver/Src/stm32f3xx_hal.o
 .debug_macro   0x0000000000000e32       0x8e Drivers/STM32F3xx_HAL_Driver/Src/stm32f3xx_hal.o
 .debug_macro   0x0000000000000ec0       0x51 Drivers/STM32F3xx_HAL_Driver/Src/stm32f3xx_hal.o
 .debug_macro   0x0000000000000f11       0xef Drivers/STM32F3xx_HAL_Driver/Src/stm32f3xx_hal.o
 .debug_macro   0x0000000000001000       0x6a Drivers/STM32F3xx_HAL_Driver/Src/stm32f3xx_hal.o
 .debug_macro   0x000000000000106a      0x1df Drivers/STM32F3xx_HAL_Driver/Src/stm32f3xx_hal.o
 .debug_macro   0x0000000000001249       0x1c Drivers/STM32F3xx_HAL_Driver/Src/stm32f3xx_hal.o
 .debug_macro   0x0000000000001265       0x22 Drivers/STM32F3xx_HAL_Driver/Src/stm32f3xx_hal.o
 .debug_macro   0x0000000000001287       0xdf Drivers/STM32F3xx_HAL_Driver/Src/stm32f3xx_hal.o
 .debug_macro   0x0000000000001366     0x102d Drivers/STM32F3xx_HAL_Driver/Src/stm32f3xx_hal.o
 .debug_macro   0x0000000000002393      0x11f Drivers/STM32F3xx_HAL_Driver/Src/stm32f3xx_hal.o
 .debug_macro   0x00000000000024b2    0x12a33 Drivers/STM32F3xx_HAL_Driver/Src/stm32f3xx_hal.o
 .debug_macro   0x0000000000014ee5       0x43 Drivers/STM32F3xx_HAL_Driver/Src/stm32f3xx_hal.o
 .debug_macro   0x0000000000014f28      0x174 Drivers/STM32F3xx_HAL_Driver/Src/stm32f3xx_hal.o
 .debug_macro   0x000000000001509c       0x47 Drivers/STM32F3xx_HAL_Driver/Src/stm32f3xx_hal.o
 .debug_macro   0x00000000000150e3      0x962 Drivers/STM32F3xx_HAL_Driver/Src/stm32f3xx_hal.o
 .debug_macro   0x0000000000015a45      0x5fe Drivers/STM32F3xx_HAL_Driver/Src/stm32f3xx_hal.o
 .debug_macro   0x0000000000016043      0x12f Drivers/STM32F3xx_HAL_Driver/Src/stm32f3xx_hal.o
 .debug_macro   0x0000000000016172      0x1fb Drivers/STM32F3xx_HAL_Driver/Src/stm32f3xx_hal.o
 .debug_macro   0x000000000001636d      0x1dc Drivers/STM32F3xx_HAL_Driver/Src/stm32f3xx_hal.o
 .debug_macro   0x0000000000016549      0x1bc Drivers/STM32F3xx_HAL_Driver/Src/stm32f3xx_hal.o
 .debug_macro   0x0000000000016705       0x30 Drivers/STM32F3xx_HAL_Driver/Src/stm32f3xx_hal.o
 .debug_macro   0x0000000000016735       0x3c Drivers/STM32F3xx_HAL_Driver/Src/stm32f3xx_hal.o
 .debug_macro   0x0000000000016771      0x236 Drivers/STM32F3xx_HAL_Driver/Src/stm32f3xx_hal.o
 .debug_macro   0x00000000000169a7      0x9b1 Drivers/STM32F3xx_HAL_Driver/Src/stm32f3xx_hal.o
 .debug_macro   0x0000000000017358       0x77 Drivers/STM32F3xx_HAL_Driver/Src/stm32f3xx_hal.o
 .debug_macro   0x00000000000173cf       0xc5 Drivers/STM32F3xx_HAL_Driver/Src/stm32f3xx_hal.o
 .debug_macro   0x0000000000017494      0x21d Drivers/STM32F3xx_HAL_Driver/Src/stm32f3xx_hal.o
 .debug_macro   0x00000000000176b1      0x22c Drivers/STM32F3xx_HAL_Driver/Src/stm32f3xx_hal.o
 .debug_macro   0x00000000000178dd       0x58 Drivers/STM32F3xx_HAL_Driver/Src/stm32f3xx_hal.o
 .debug_macro   0x0000000000017935       0xa5 Drivers/STM32F3xx_HAL_Driver/Src/stm32f3xx_hal.o
 .debug_macro   0x00000000000179da       0x81 Drivers/STM32F3xx_HAL_Driver/Src/stm32f3xx_hal.o
 .debug_macro   0x0000000000017a5b       0xd3 Drivers/STM32F3xx_HAL_Driver/Src/stm32f3xx_hal.o
 .debug_macro   0x0000000000017b2e      0x589 Drivers/STM32F3xx_HAL_Driver/Src/stm32f3xx_hal.o
 .debug_macro   0x00000000000180b7       0x3e Drivers/STM32F3xx_HAL_Driver/Src/stm32f3xx_hal.o
 .debug_macro   0x00000000000180f5      0x275 Drivers/STM32F3xx_HAL_Driver/Src/stm32f3xx_hal.o
 .debug_macro   0x000000000001836a      0x1d4 Drivers/STM32F3xx_HAL_Driver/Src/stm32f3xx_hal_adc.o
 .debug_macro   0x000000000001853e      0x1fd Drivers/STM32F3xx_HAL_Driver/Src/stm32f3xx_hal_adc_ex.o
 .debug_macro   0x000000000001873b      0x1d3 Drivers/STM32F3xx_HAL_Driver/Src/stm32f3xx_hal_cortex.o
 .debug_macro   0x000000000001890e      0x1d3 Drivers/STM32F3xx_HAL_Driver/Src/stm32f3xx_hal_dma.o
 .debug_macro   0x0000000000018ae1      0x20b Drivers/STM32F3xx_HAL_Driver/Src/stm32f3xx_hal_gpio.o
 .debug_macro   0x0000000000018cec      0x1f7 Drivers/STM32F3xx_HAL_Driver/Src/stm32f3xx_hal_rcc.o
 .debug_macro   0x0000000000018ee3      0x1d3 Drivers/STM32F3xx_HAL_Driver/Src/stm32f3xx_hal_rcc_ex.o
 .debug_macro   0x00000000000190b6      0x1f0 Drivers/STM32F3xx_HAL_Driver/Src/stm32f3xx_hal_uart.o
 .debug_macro   0x00000000000192a6      0x1ed Src/adc.o
 .debug_macro   0x0000000000019493      0x188 Src/corr.o
 .debug_macro   0x000000000001961b       0x22 Src/corr.o
 .debug_macro   0x000000000001963d       0x5e Src/corr.o
 .debug_macro   0x000000000001969b       0x18 Src/corr.o
 .debug_macro   0x00000000000196b3       0x35 Src/corr.o
 .debug_macro   0x00000000000196e8       0x34 Src/corr.o
 .debug_macro   0x000000000001971c       0x58 Src/corr.o
 .debug_macro   0x0000000000019774       0x1f Src/corr.o
 .debug_macro   0x0000000000019793       0x43 Src/corr.o
 .debug_macro   0x00000000000197d6       0x20 Src/corr.o
 .debug_macro   0x00000000000197f6      0x18e Src/corr.o
 .debug_macro   0x0000000000019984      0x32a Src/corr.o
 .debug_macro   0x0000000000019cae       0x10 Src/corr.o
 .debug_macro   0x0000000000019cbe       0x35 Src/corr.o
 .debug_macro   0x0000000000019cf3      0x1e1 Src/corr.o
 .debug_macro   0x0000000000019ed4      0x201 Src/corr.o
 .debug_macro   0x000000000001a0d5       0xc8 Src/corr.o
 .debug_macro   0x000000000001a19d      0x20a Src/debug_helper.o
 .debug_macro   0x000000000001a3a7      0x1ed Src/dma.o
 .debug_macro   0x000000000001a594      0x1ed Src/gpio.o
 .debug_macro   0x000000000001a781      0x369 Src/main.o
 .debug_macro   0x000000000001aaea      0x1e3 Src/stm32f3xx_hal_msp.o
 .debug_macro   0x000000000001accd      0x1ed Src/stm32f3xx_it.o
 .debug_macro   0x000000000001aeba      0x243 Src/syscalls.o
 .debug_macro   0x000000000001b0fd       0x58 Src/syscalls.o
 .debug_macro   0x000000000001b155       0x94 Src/syscalls.o
 .debug_macro   0x000000000001b1e9       0x57 Src/syscalls.o
 .debug_macro   0x000000000001b240      0x330 Src/syscalls.o
 .debug_macro   0x000000000001b570       0x10 Src/syscalls.o
 .debug_macro   0x000000000001b580       0x10 Src/syscalls.o
 .debug_macro   0x000000000001b590       0x10 Src/syscalls.o
 .debug_macro   0x000000000001b5a0       0x10 Src/syscalls.o
 .debug_macro   0x000000000001b5b0       0x1c Src/syscalls.o
 .debug_macro   0x000000000001b5cc       0x52 Src/syscalls.o
 .debug_macro   0x000000000001b61e       0x40 Src/syscalls.o
 .debug_macro   0x000000000001b65e       0x10 Src/syscalls.o
 .debug_macro   0x000000000001b66e       0x40 Src/syscalls.o
 .debug_macro   0x000000000001b6ae       0xd7 Src/syscalls.o
 .debug_macro   0x000000000001b785       0x1c Src/syscalls.o
 .debug_macro   0x000000000001b7a1       0x3d Src/syscalls.o
 .debug_macro   0x000000000001b7de       0x35 Src/syscalls.o
 .debug_macro   0x000000000001b813      0x122 Src/syscalls.o
 .debug_macro   0x000000000001b935       0x16 Src/syscalls.o
 .debug_macro   0x000000000001b94b       0x16 Src/syscalls.o
 .debug_macro   0x000000000001b961       0x29 Src/syscalls.o
 .debug_macro   0x000000000001b98a       0x10 Src/syscalls.o
 .debug_macro   0x000000000001b99a      0x241 Src/syscalls.o
 .debug_macro   0x000000000001bbdb       0x1c Src/syscalls.o
 .debug_macro   0x000000000001bbf7       0x10 Src/syscalls.o
 .debug_macro   0x000000000001bc07       0x10 Src/syscalls.o
 .debug_macro   0x000000000001bc17       0x16 Src/syscalls.o
 .debug_macro   0x000000000001bc2d      0x16f Src/syscalls.o
 .debug_macro   0x000000000001bd9c      0x189 Src/syscalls.o
 .debug_macro   0x000000000001bf25       0x16 Src/syscalls.o
 .debug_macro   0x000000000001bf3b       0x88 Src/syscalls.o
 .debug_macro   0x000000000001bfc3      0x1d9 Src/system_stm32f3xx.o
 .debug_macro   0x000000000001c19c      0x1ed Src/usart.o

.debug_line     0x0000000000000000     0xc5f0
 .debug_line    0x0000000000000000      0x84a Drivers/STM32F3xx_HAL_Driver/Src/stm32f3xx_hal.o
 .debug_line    0x000000000000084a      0x800 Drivers/STM32F3xx_HAL_Driver/Src/stm32f3xx_hal_adc.o
 .debug_line    0x000000000000104a     0x1853 Drivers/STM32F3xx_HAL_Driver/Src/stm32f3xx_hal_adc_ex.o
 .debug_line    0x000000000000289d      0x8ad Drivers/STM32F3xx_HAL_Driver/Src/stm32f3xx_hal_cortex.o
 .debug_line    0x000000000000314a      0x8d3 Drivers/STM32F3xx_HAL_Driver/Src/stm32f3xx_hal_dma.o
 .debug_line    0x0000000000003a1d      0x7d4 Drivers/STM32F3xx_HAL_Driver/Src/stm32f3xx_hal_gpio.o
 .debug_line    0x00000000000041f1      0xb7e Drivers/STM32F3xx_HAL_Driver/Src/stm32f3xx_hal_rcc.o
 .debug_line    0x0000000000004d6f      0x91b Drivers/STM32F3xx_HAL_Driver/Src/stm32f3xx_hal_rcc_ex.o
 .debug_line    0x000000000000568a     0x1209 Drivers/STM32F3xx_HAL_Driver/Src/stm32f3xx_hal_uart.o
 .debug_line    0x0000000000006893      0x71d Src/adc.o
 .debug_line    0x0000000000006fb0      0x4c9 Src/corr.o
 .debug_line    0x0000000000007479      0x752 Src/debug_helper.o
 .debug_line    0x0000000000007bcb      0x66c Src/dma.o
 .debug_line    0x0000000000008237      0x679 Src/gpio.o
 .debug_line    0x00000000000088b0      0x832 Src/main.o
 .debug_line    0x00000000000090e2      0x671 Src/stm32f3xx_hal_msp.o
 .debug_line    0x0000000000009753      0x713 Src/stm32f3xx_it.o
 .debug_line    0x0000000000009e66      0x5f5 Src/syscalls.o
 .debug_line    0x000000000000a45b      0x699 Src/system_stm32f3xx.o
 .debug_line    0x000000000000aaf4      0x6b1 Src/usart.o
 .debug_line    0x000000000000b1a5       0x7f startup/startup_stm32f303xc.o
 .debug_line    0x000000000000b224      0x34f /home/art/STM32Cube/Repository/Packs/ARM/CMSIS/5.6.0/CMSIS/DSP/Lib/GCC/libarm_cortexM3l_math.a(arm_max_q15.o)
 .debug_line    0x000000000000b573     0x107d /home/art/STM32Cube/Repository/Packs/ARM/CMSIS/5.6.0/CMSIS/DSP/Lib/GCC/libarm_cortexM3l_math.a(arm_correlate_fast_q15.o)

.debug_str      0x0000000000000000    0x9fc70
 .debug_str     0x0000000000000000    0x95de1 Drivers/STM32F3xx_HAL_Driver/Src/stm32f3xx_hal.o
                                      0x9652a (size before relaxing)
 .debug_str     0x0000000000095de1      0x643 Drivers/STM32F3xx_HAL_Driver/Src/stm32f3xx_hal_adc.o
                                      0x96374 (size before relaxing)
 .debug_str     0x0000000000096424      0x72d Drivers/STM32F3xx_HAL_Driver/Src/stm32f3xx_hal_adc_ex.o
                                      0x96a73 (size before relaxing)
 .debug_str     0x0000000000096b51      0x3b7 Drivers/STM32F3xx_HAL_Driver/Src/stm32f3xx_hal_cortex.o
                                      0x965f3 (size before relaxing)
 .debug_str     0x0000000000096f08      0x229 Drivers/STM32F3xx_HAL_Driver/Src/stm32f3xx_hal_dma.o
                                      0x960cf (size before relaxing)
 .debug_str     0x0000000000097131      0x2aa Drivers/STM32F3xx_HAL_Driver/Src/stm32f3xx_hal_gpio.o
                                      0x95faf (size before relaxing)
 .debug_str     0x00000000000973db      0x414 Drivers/STM32F3xx_HAL_Driver/Src/stm32f3xx_hal_rcc.o
                                      0x961de (size before relaxing)
 .debug_str     0x00000000000977ef      0x22f Drivers/STM32F3xx_HAL_Driver/Src/stm32f3xx_hal_rcc_ex.o
                                      0x95fc9 (size before relaxing)
 .debug_str     0x0000000000097a1e      0xa0d Drivers/STM32F3xx_HAL_Driver/Src/stm32f3xx_hal_uart.o
                                      0x969c0 (size before relaxing)
 .debug_str     0x000000000009842b       0xa0 Src/adc.o
                                      0x96331 (size before relaxing)
 .debug_str     0x00000000000984cb     0x3fe9 Src/corr.o
                                       0x88c0 (size before relaxing)
 .debug_str     0x000000000009c4b4       0xba Src/debug_helper.o
                                      0x96221 (size before relaxing)
 .debug_str     0x000000000009c56e       0x22 Src/dma.o
                                      0x96127 (size before relaxing)
 .debug_str     0x000000000009c590       0x25 Src/gpio.o
                                      0x95d8d (size before relaxing)
 .debug_str     0x000000000009c5b5      0xe55 Src/main.o
                                      0x9b665 (size before relaxing)
 .debug_str     0x000000000009d40a       0x1b Src/stm32f3xx_hal_msp.o
                                      0x95cd2 (size before relaxing)
 .debug_str     0x000000000009d425       0xd1 Src/stm32f3xx_it.o
                                      0x95f22 (size before relaxing)
 .debug_str     0x000000000009d4f6     0x2493 Src/syscalls.o
                                       0x85ee (size before relaxing)
 .debug_str     0x000000000009f989       0x64 Src/system_stm32f3xx.o
                                      0x95d58 (size before relaxing)
 .debug_str     0x000000000009f9ed       0x1a Src/usart.o
                                      0x961b2 (size before relaxing)
 .debug_str     0x000000000009fa07       0x2f startup/startup_stm32f303xc.o
                                         0x52 (size before relaxing)
 .debug_str     0x000000000009fa36      0x15a /home/art/STM32Cube/Repository/Packs/ARM/CMSIS/5.6.0/CMSIS/DSP/Lib/GCC/libarm_cortexM3l_math.a(arm_max_q15.o)
                                        0x671 (size before relaxing)
 .debug_str     0x000000000009fb90       0xe0 /home/art/STM32Cube/Repository/Packs/ARM/CMSIS/5.6.0/CMSIS/DSP/Lib/GCC/libarm_cortexM3l_math.a(arm_correlate_fast_q15.o)
                                        0x717 (size before relaxing)

.comment        0x0000000000000000       0xf4
 .comment       0x0000000000000000       0x7f Drivers/STM32F3xx_HAL_Driver/Src/stm32f3xx_hal.o
                                         0x80 (size before relaxing)
 .comment       0x000000000000007f       0x80 Drivers/STM32F3xx_HAL_Driver/Src/stm32f3xx_hal_adc.o
 .comment       0x000000000000007f       0x80 Drivers/STM32F3xx_HAL_Driver/Src/stm32f3xx_hal_adc_ex.o
 .comment       0x000000000000007f       0x80 Drivers/STM32F3xx_HAL_Driver/Src/stm32f3xx_hal_cortex.o
 .comment       0x000000000000007f       0x80 Drivers/STM32F3xx_HAL_Driver/Src/stm32f3xx_hal_dma.o
 .comment       0x000000000000007f       0x80 Drivers/STM32F3xx_HAL_Driver/Src/stm32f3xx_hal_gpio.o
 .comment       0x000000000000007f       0x80 Drivers/STM32F3xx_HAL_Driver/Src/stm32f3xx_hal_rcc.o
 .comment       0x000000000000007f       0x80 Drivers/STM32F3xx_HAL_Driver/Src/stm32f3xx_hal_rcc_ex.o
 .comment       0x000000000000007f       0x80 Drivers/STM32F3xx_HAL_Driver/Src/stm32f3xx_hal_uart.o
 .comment       0x000000000000007f       0x80 Src/adc.o
 .comment       0x000000000000007f       0x80 Src/corr.o
 .comment       0x000000000000007f       0x80 Src/debug_helper.o
 .comment       0x000000000000007f       0x80 Src/dma.o
 .comment       0x000000000000007f       0x80 Src/gpio.o
 .comment       0x000000000000007f       0x80 Src/main.o
 .comment       0x000000000000007f       0x80 Src/stm32f3xx_hal_msp.o
 .comment       0x000000000000007f       0x80 Src/stm32f3xx_it.o
 .comment       0x000000000000007f       0x80 Src/syscalls.o
 .comment       0x000000000000007f       0x80 Src/system_stm32f3xx.o
 .comment       0x000000000000007f       0x80 Src/usart.o
 .comment       0x000000000000007f       0x75 /home/art/STM32Cube/Repository/Packs/ARM/CMSIS/5.6.0/CMSIS/DSP/Lib/GCC/libarm_cortexM3l_math.a(arm_max_q15.o)
                                         0x76 (size before relaxing)
 .comment       0x00000000000000f4       0x76 /home/art/STM32Cube/Repository/Packs/ARM/CMSIS/5.6.0/CMSIS/DSP/Lib/GCC/libarm_cortexM3l_math.a(arm_correlate_fast_q15.o)

.debug_frame    0x0000000000000000     0x1cd0
 .debug_frame   0x0000000000000000      0x1cc Drivers/STM32F3xx_HAL_Driver/Src/stm32f3xx_hal.o
 .debug_frame   0x00000000000001cc      0x170 Drivers/STM32F3xx_HAL_Driver/Src/stm32f3xx_hal_adc.o
 .debug_frame   0x000000000000033c      0x4cc Drivers/STM32F3xx_HAL_Driver/Src/stm32f3xx_hal_adc_ex.o
 .debug_frame   0x0000000000000808      0x15c Drivers/STM32F3xx_HAL_Driver/Src/stm32f3xx_hal_cortex.o
 .debug_frame   0x0000000000000964      0x164 Drivers/STM32F3xx_HAL_Driver/Src/stm32f3xx_hal_dma.o
 .debug_frame   0x0000000000000ac8       0xd8 Drivers/STM32F3xx_HAL_Driver/Src/stm32f3xx_hal_gpio.o
 .debug_frame   0x0000000000000ba0      0x178 Drivers/STM32F3xx_HAL_Driver/Src/stm32f3xx_hal_rcc.o
 .debug_frame   0x0000000000000d18       0x7c Drivers/STM32F3xx_HAL_Driver/Src/stm32f3xx_hal_rcc_ex.o
 .debug_frame   0x0000000000000d94      0x5a4 Drivers/STM32F3xx_HAL_Driver/Src/stm32f3xx_hal_uart.o
 .debug_frame   0x0000000000001338       0x88 Src/adc.o
 .debug_frame   0x00000000000013c0       0x60 Src/corr.o
 .debug_frame   0x0000000000001420       0xcc Src/debug_helper.o
 .debug_frame   0x00000000000014ec       0x2c Src/dma.o
 .debug_frame   0x0000000000001518       0x30 Src/gpio.o
 .debug_frame   0x0000000000001548       0x60 Src/main.o
 .debug_frame   0x00000000000015a8       0x28 Src/stm32f3xx_hal_msp.o
 .debug_frame   0x00000000000015d0       0xc0 Src/stm32f3xx_it.o
 .debug_frame   0x0000000000001690      0x1a8 Src/syscalls.o
 .debug_frame   0x0000000000001838       0x30 Src/system_stm32f3xx.o
 .debug_frame   0x0000000000001868       0x60 Src/usart.o
 .debug_frame   0x00000000000018c8       0x34 /home/art/STM32Cube/Repository/Packs/ARM/CMSIS/5.6.0/CMSIS/DSP/Lib/GCC/libarm_cortexM3l_math.a(arm_max_q15.o)
 .debug_frame   0x00000000000018fc       0x44 /home/art/STM32Cube/Repository/Packs/ARM/CMSIS/5.6.0/CMSIS/DSP/Lib/GCC/libarm_cortexM3l_math.a(arm_correlate_fast_q15.o)
 .debug_frame   0x0000000000001940       0x20 /home/art/Ac6/SystemWorkbench/plugins/fr.ac6.mcu.externaltools.arm-none.linux64_1.17.0.201812190825/tools/compiler/bin/../lib/gcc/arm-none-eabi/7.3.1/../../../../arm-none-eabi/lib/thumb/v7e-m/fpv4-sp/softfp/libc_nano.a(lib_a-errno.o)
 .debug_frame   0x0000000000001960       0x2c /home/art/Ac6/SystemWorkbench/plugins/fr.ac6.mcu.externaltools.arm-none.linux64_1.17.0.201812190825/tools/compiler/bin/../lib/gcc/arm-none-eabi/7.3.1/../../../../arm-none-eabi/lib/thumb/v7e-m/fpv4-sp/softfp/libc_nano.a(lib_a-init.o)
 .debug_frame   0x000000000000198c       0x20 /home/art/Ac6/SystemWorkbench/plugins/fr.ac6.mcu.externaltools.arm-none.linux64_1.17.0.201812190825/tools/compiler/bin/../lib/gcc/arm-none-eabi/7.3.1/../../../../arm-none-eabi/lib/thumb/v7e-m/fpv4-sp/softfp/libc_nano.a(lib_a-memset.o)
 .debug_frame   0x00000000000019ac       0x6c /home/art/Ac6/SystemWorkbench/plugins/fr.ac6.mcu.externaltools.arm-none.linux64_1.17.0.201812190825/tools/compiler/bin/../lib/gcc/arm-none-eabi/7.3.1/../../../../arm-none-eabi/lib/thumb/v7e-m/fpv4-sp/softfp/libc_nano.a(lib_a-sprintf.o)
 .debug_frame   0x0000000000001a18       0x90 /home/art/Ac6/SystemWorkbench/plugins/fr.ac6.mcu.externaltools.arm-none.linux64_1.17.0.201812190825/tools/compiler/bin/../lib/gcc/arm-none-eabi/7.3.1/../../../../arm-none-eabi/lib/thumb/v7e-m/fpv4-sp/softfp/libc_nano.a(lib_a-nano-svfprintf.o)
 .debug_frame   0x0000000000001aa8       0x60 /home/art/Ac6/SystemWorkbench/plugins/fr.ac6.mcu.externaltools.arm-none.linux64_1.17.0.201812190825/tools/compiler/bin/../lib/gcc/arm-none-eabi/7.3.1/../../../../arm-none-eabi/lib/thumb/v7e-m/fpv4-sp/softfp/libc_nano.a(lib_a-nano-vfprintf_i.o)
 .debug_frame   0x0000000000001b08       0x28 /home/art/Ac6/SystemWorkbench/plugins/fr.ac6.mcu.externaltools.arm-none.linux64_1.17.0.201812190825/tools/compiler/bin/../lib/gcc/arm-none-eabi/7.3.1/../../../../arm-none-eabi/lib/thumb/v7e-m/fpv4-sp/softfp/libc_nano.a(lib_a-memcpy-stub.o)
 .debug_frame   0x0000000000001b30       0x28 /home/art/Ac6/SystemWorkbench/plugins/fr.ac6.mcu.externaltools.arm-none.linux64_1.17.0.201812190825/tools/compiler/bin/../lib/gcc/arm-none-eabi/7.3.1/../../../../arm-none-eabi/lib/thumb/v7e-m/fpv4-sp/softfp/libc_nano.a(lib_a-memmove.o)
 .debug_frame   0x0000000000001b58       0x38 /home/art/Ac6/SystemWorkbench/plugins/fr.ac6.mcu.externaltools.arm-none.linux64_1.17.0.201812190825/tools/compiler/bin/../lib/gcc/arm-none-eabi/7.3.1/../../../../arm-none-eabi/lib/thumb/v7e-m/fpv4-sp/softfp/libc_nano.a(lib_a-nano-freer.o)
 .debug_frame   0x0000000000001b90       0x2c /home/art/Ac6/SystemWorkbench/plugins/fr.ac6.mcu.externaltools.arm-none.linux64_1.17.0.201812190825/tools/compiler/bin/../lib/gcc/arm-none-eabi/7.3.1/../../../../arm-none-eabi/lib/thumb/v7e-m/fpv4-sp/softfp/libc_nano.a(lib_a-nano-mallocr.o)
 .debug_frame   0x0000000000001bbc       0x3c /home/art/Ac6/SystemWorkbench/plugins/fr.ac6.mcu.externaltools.arm-none.linux64_1.17.0.201812190825/tools/compiler/bin/../lib/gcc/arm-none-eabi/7.3.1/../../../../arm-none-eabi/lib/thumb/v7e-m/fpv4-sp/softfp/libc_nano.a(lib_a-nano-reallocr.o)
 .debug_frame   0x0000000000001bf8       0x2c /home/art/Ac6/SystemWorkbench/plugins/fr.ac6.mcu.externaltools.arm-none.linux64_1.17.0.201812190825/tools/compiler/bin/../lib/gcc/arm-none-eabi/7.3.1/../../../../arm-none-eabi/lib/thumb/v7e-m/fpv4-sp/softfp/libc_nano.a(lib_a-sbrkr.o)
 .debug_frame   0x0000000000001c24       0x30 /home/art/Ac6/SystemWorkbench/plugins/fr.ac6.mcu.externaltools.arm-none.linux64_1.17.0.201812190825/tools/compiler/bin/../lib/gcc/arm-none-eabi/7.3.1/../../../../arm-none-eabi/lib/thumb/v7e-m/fpv4-sp/softfp/libc_nano.a(lib_a-mlock.o)
 .debug_frame   0x0000000000001c54       0x20 /home/art/Ac6/SystemWorkbench/plugins/fr.ac6.mcu.externaltools.arm-none.linux64_1.17.0.201812190825/tools/compiler/bin/../lib/gcc/arm-none-eabi/7.3.1/../../../../arm-none-eabi/lib/thumb/v7e-m/fpv4-sp/softfp/libc_nano.a(lib_a-nano-msizer.o)
 .debug_frame   0x0000000000001c74       0x5c /home/art/Ac6/SystemWorkbench/plugins/fr.ac6.mcu.externaltools.arm-none.linux64_1.17.0.201812190825/tools/compiler/bin/../lib/gcc/arm-none-eabi/7.3.1/../../../../arm-none-eabi/lib/thumb/v7e-m/fpv4-sp/softfp/libc_nano.a(lib_a-reent.o)
