Archive member included to satisfy reference by file (symbol)

/home/art/STM32Cube/Repository/Packs/ARM/CMSIS/5.6.0/CMSIS/DSP/Lib/GCC/libarm_cortexM3l_math.a(arm_max_q7.o)
                              Src/corr.o (arm_max_q7)
/home/art/STM32Cube/Repository/Packs/ARM/CMSIS/5.6.0/CMSIS/DSP/Lib/GCC/libarm_cortexM3l_math.a(arm_rfft_q15.o)
                              Src/fft.o (arm_rfft_q15)
/home/art/STM32Cube/Repository/Packs/ARM/CMSIS/5.6.0/CMSIS/DSP/Lib/GCC/libarm_cortexM3l_math.a(arm_rfft_init_q15.o)
                              Src/fft.o (arm_rfft_init_q15)
/home/art/STM32Cube/Repository/Packs/ARM/CMSIS/5.6.0/CMSIS/DSP/Lib/GCC/libarm_cortexM3l_math.a(arm_correlate_q7.o)
                              Src/corr.o (arm_correlate_q7)
/home/art/STM32Cube/Repository/Packs/ARM/CMSIS/5.6.0/CMSIS/DSP/Lib/GCC/libarm_cortexM3l_math.a(arm_abs_q15.o)
                              Src/fft.o (arm_abs_q15)
/home/art/STM32Cube/Repository/Packs/ARM/CMSIS/5.6.0/CMSIS/DSP/Lib/GCC/libarm_cortexM3l_math.a(arm_const_structs.o)
                              /home/art/STM32Cube/Repository/Packs/ARM/CMSIS/5.6.0/CMSIS/DSP/Lib/GCC/libarm_cortexM3l_math.a(arm_rfft_init_q15.o) (arm_cfft_sR_q15_len4096)
/home/art/STM32Cube/Repository/Packs/ARM/CMSIS/5.6.0/CMSIS/DSP/Lib/GCC/libarm_cortexM3l_math.a(arm_common_tables.o)
                              /home/art/STM32Cube/Repository/Packs/ARM/CMSIS/5.6.0/CMSIS/DSP/Lib/GCC/libarm_cortexM3l_math.a(arm_rfft_init_q15.o) (realCoefBQ15)
/home/art/STM32Cube/Repository/Packs/ARM/CMSIS/5.6.0/CMSIS/DSP/Lib/GCC/libarm_cortexM3l_math.a(arm_cfft_q15.o)
                              /home/art/STM32Cube/Repository/Packs/ARM/CMSIS/5.6.0/CMSIS/DSP/Lib/GCC/libarm_cortexM3l_math.a(arm_rfft_q15.o) (arm_cfft_q15)
/home/art/STM32Cube/Repository/Packs/ARM/CMSIS/5.6.0/CMSIS/DSP/Lib/GCC/libarm_cortexM3l_math.a(arm_cfft_radix4_q15.o)
                              /home/art/STM32Cube/Repository/Packs/ARM/CMSIS/5.6.0/CMSIS/DSP/Lib/GCC/libarm_cortexM3l_math.a(arm_cfft_q15.o) (arm_radix4_butterfly_q15)
/home/art/STM32Cube/Repository/Packs/ARM/CMSIS/5.6.0/CMSIS/DSP/Lib/GCC/libarm_cortexM3l_math.a(arm_bitreversal2.o)
                              /home/art/STM32Cube/Repository/Packs/ARM/CMSIS/5.6.0/CMSIS/DSP/Lib/GCC/libarm_cortexM3l_math.a(arm_cfft_q15.o) (arm_bitreversal_16)
/home/art/STM32Cube/Repository/Packs/ARM/CMSIS/5.6.0/CMSIS/DSP/Lib/GCC/libarm_cortexM3l_math.a(arm_bitreversal.o)
                              /home/art/STM32Cube/Repository/Packs/ARM/CMSIS/5.6.0/CMSIS/DSP/Lib/GCC/libarm_cortexM3l_math.a(arm_cfft_radix4_q15.o) (arm_bitreversal_q15)
/home/art/Ac6/SystemWorkbench/plugins/fr.ac6.mcu.externaltools.arm-none.linux64_1.17.0.201812190825/tools/compiler/bin/../lib/gcc/arm-none-eabi/7.3.1/../../../../arm-none-eabi/lib/thumb/v7e-m/fpv4-sp/softfp/libc_nano.a(lib_a-errno.o)
                              Src/syscalls.o (__errno)
/home/art/Ac6/SystemWorkbench/plugins/fr.ac6.mcu.externaltools.arm-none.linux64_1.17.0.201812190825/tools/compiler/bin/../lib/gcc/arm-none-eabi/7.3.1/../../../../arm-none-eabi/lib/thumb/v7e-m/fpv4-sp/softfp/libc_nano.a(lib_a-exit.o)
                              /home/art/Ac6/SystemWorkbench/plugins/fr.ac6.mcu.externaltools.arm-none.linux64_1.17.0.201812190825/tools/compiler/bin/../lib/gcc/arm-none-eabi/7.3.1/../../../../arm-none-eabi/lib/thumb/v7e-m/fpv4-sp/softfp/crt0.o (exit)
/home/art/Ac6/SystemWorkbench/plugins/fr.ac6.mcu.externaltools.arm-none.linux64_1.17.0.201812190825/tools/compiler/bin/../lib/gcc/arm-none-eabi/7.3.1/../../../../arm-none-eabi/lib/thumb/v7e-m/fpv4-sp/softfp/libc_nano.a(lib_a-impure.o)
                              /home/art/Ac6/SystemWorkbench/plugins/fr.ac6.mcu.externaltools.arm-none.linux64_1.17.0.201812190825/tools/compiler/bin/../lib/gcc/arm-none-eabi/7.3.1/../../../../arm-none-eabi/lib/thumb/v7e-m/fpv4-sp/softfp/libc_nano.a(lib_a-exit.o) (_global_impure_ptr)
/home/art/Ac6/SystemWorkbench/plugins/fr.ac6.mcu.externaltools.arm-none.linux64_1.17.0.201812190825/tools/compiler/bin/../lib/gcc/arm-none-eabi/7.3.1/../../../../arm-none-eabi/lib/thumb/v7e-m/fpv4-sp/softfp/libc_nano.a(lib_a-init.o)
                              /home/art/Ac6/SystemWorkbench/plugins/fr.ac6.mcu.externaltools.arm-none.linux64_1.17.0.201812190825/tools/compiler/bin/../lib/gcc/arm-none-eabi/7.3.1/../../../../arm-none-eabi/lib/thumb/v7e-m/fpv4-sp/softfp/crt0.o (__libc_init_array)
/home/art/Ac6/SystemWorkbench/plugins/fr.ac6.mcu.externaltools.arm-none.linux64_1.17.0.201812190825/tools/compiler/bin/../lib/gcc/arm-none-eabi/7.3.1/../../../../arm-none-eabi/lib/thumb/v7e-m/fpv4-sp/softfp/libc_nano.a(lib_a-memset.o)
                              /home/art/Ac6/SystemWorkbench/plugins/fr.ac6.mcu.externaltools.arm-none.linux64_1.17.0.201812190825/tools/compiler/bin/../lib/gcc/arm-none-eabi/7.3.1/../../../../arm-none-eabi/lib/thumb/v7e-m/fpv4-sp/softfp/crt0.o (memset)
[...]
Memory Configuration

Name             Origin             Length             Attributes
RAM              0x0000000020000000 0x000000000000a000 xrw
CCMRAM           0x0000000010000000 0x0000000000002000 rw
FLASH            0x0000000008000000 0x0000000000040000 xr
*default*        0x0000000000000000 0xffffffffffffffff

Linker script and memory map

LOAD /home/art/Ac6/SystemWorkbench/plugins/fr.ac6.mcu.externaltools.arm-none.linux64_1.17.0.201812190825/tools/compiler/bin/../lib/gcc/arm-none-eabi/7.3.1/thumb/v7e-m/fpv4-sp/softfp/crti.o
LOAD /home/art/Ac6/SystemWorkbench/plugins/fr.ac6.mcu.externaltools.arm-none.linux64_1.17.0.201812190825/tools/compiler/bin/../lib/gcc/arm-none-eabi/7.3.1/thumb/v7e-m/fpv4-sp/softfp/crtbegin.o
LOAD /home/art/Ac6/SystemWorkbench/plugins/fr.ac6.mcu.externaltools.arm-none.linux64_1.17.0.201812190825/tools/compiler/bin/../lib/gcc/arm-none-eabi/7.3.1/../../../../arm-none-eabi/lib/thumb/v7e-m/fpv4-sp/softfp/crt0.o
LOAD Drivers/STM32F3xx_HAL_Driver/Src/stm32f3xx_hal.o
LOAD Drivers/STM32F3xx_HAL_Driver/Src/stm32f3xx_hal_adc.o
LOAD Drivers/STM32F3xx_HAL_Driver/Src/stm32f3xx_hal_adc_ex.o
LOAD Drivers/STM32F3xx_HAL_Driver/Src/stm32f3xx_hal_cortex.o
LOAD Drivers/STM32F3xx_HAL_Driver/Src/stm32f3xx_hal_dma.o
LOAD Drivers/STM32F3xx_HAL_Driver/Src/stm32f3xx_hal_exti.o
LOAD Drivers/STM32F3xx_HAL_Driver/Src/stm32f3xx_hal_flash.o
LOAD Drivers/STM32F3xx_HAL_Driver/Src/stm32f3xx_hal_flash_ex.o
LOAD Drivers/STM32F3xx_HAL_Driver/Src/stm32f3xx_hal_gpio.o
LOAD Drivers/STM32F3xx_HAL_Driver/Src/stm32f3xx_hal_i2c.o
LOAD Drivers/STM32F3xx_HAL_Driver/Src/stm32f3xx_hal_i2c_ex.o
LOAD Drivers/STM32F3xx_HAL_Driver/Src/stm32f3xx_hal_pwr.o
LOAD Drivers/STM32F3xx_HAL_Driver/Src/stm32f3xx_hal_pwr_ex.o
LOAD Drivers/STM32F3xx_HAL_Driver/Src/stm32f3xx_hal_rcc.o
LOAD Drivers/STM32F3xx_HAL_Driver/Src/stm32f3xx_hal_rcc_ex.o
LOAD Drivers/STM32F3xx_HAL_Driver/Src/stm32f3xx_hal_tim.o
LOAD Drivers/STM32F3xx_HAL_Driver/Src/stm32f3xx_hal_tim_ex.o
LOAD Drivers/STM32F3xx_HAL_Driver/Src/stm32f3xx_hal_uart.o
LOAD Drivers/STM32F3xx_HAL_Driver/Src/stm32f3xx_hal_uart_ex.o
LOAD Src/adc.o
LOAD Src/corr.o
LOAD Src/debug_helper.o
LOAD Src/dma.o
LOAD Src/fft.o
LOAD Src/gpio.o
LOAD Src/main.o
LOAD Src/median.o
LOAD Src/stm32f3xx_hal_msp.o
LOAD Src/stm32f3xx_it.o
LOAD Src/syscalls.o
LOAD Src/system_stm32f3xx.o
LOAD Src/tim.o
LOAD Src/usart.o
LOAD startup/startup_stm32f303xc.o
LOAD /home/art/STM32Cube/Repository/Packs/ARM/CMSIS/5.6.0/CMSIS/DSP/Lib/GCC/libarm_cortexM3l_math.a
START GROUP
LOAD /home/art/Ac6/SystemWorkbench/plugins/fr.ac6.mcu.externaltools.arm-none.linux64_1.17.0.201812190825/tools/compiler/bin/../lib/gcc/arm-none-eabi/7.3.1/thumb/v7e-m/fpv4-sp/softfp/libgcc.a
LOAD /home/art/Ac6/SystemWorkbench/plugins/fr.ac6.mcu.externaltools.arm-none.linux64_1.17.0.201812190825/tools/compiler/bin/../lib/gcc/arm-none-eabi/7.3.1/../../../../arm-none-eabi/lib/thumb/v7e-m/fpv4-sp/softfp/libc_nano.a
END GROUP
START GROUP
LOAD /home/art/Ac6/SystemWorkbench/plugins/fr.ac6.mcu.externaltools.arm-none.linux64_1.17.0.201812190825/tools/compiler/bin/../lib/gcc/arm-none-eabi/7.3.1/thumb/v7e-m/fpv4-sp/softfp/libgcc.a
LOAD /home/art/Ac6/SystemWorkbench/plugins/fr.ac6.mcu.externaltools.arm-none.linux64_1.17.0.201812190825/tools/compiler/bin/../lib/gcc/arm-none-eabi/7.3.1/../../../../arm-none-eabi/lib/thumb/v7e-m/fpv4-sp/softfp/libc_nano.a
LOAD /home/art/Ac6/SystemWorkbench/plugins/fr.ac6.mcu.externaltools.arm-none.linux64_1.17.0.201812190825/tools/compiler/bin/../lib/gcc/arm-none-eabi/7.3.1/../../../../arm-none-eabi/lib/thumb/v7e-m/fpv4-sp/softfp/libnosys.a
END GROUP
START GROUP
LOAD /home/art/Ac6/SystemWorkbench/plugins/fr.ac6.mcu.externaltools.arm-none.linux64_1.17.0.201812190825/tools/compiler/bin/../lib/gcc/arm-none-eabi/7.3.1/thumb/v7e-m/fpv4-sp/softfp/libgcc.a
LOAD /home/art/Ac6/SystemWorkbench/plugins/fr.ac6.mcu.externaltools.arm-none.linux64_1.17.0.201812190825/tools/compiler/bin/../lib/gcc/arm-none-eabi/7.3.1/../../../../arm-none-eabi/lib/thumb/v7e-m/fpv4-sp/softfp/libc_nano.a
LOAD /home/art/Ac6/SystemWorkbench/plugins/fr.ac6.mcu.externaltools.arm-none.linux64_1.17.0.201812190825/tools/compiler/bin/../lib/gcc/arm-none-eabi/7.3.1/../../../../arm-none-eabi/lib/thumb/v7e-m/fpv4-sp/softfp/libnosys.a
END GROUP
LOAD /home/art/Ac6/SystemWorkbench/plugins/fr.ac6.mcu.externaltools.arm-none.linux64_1.17.0.201812190825/tools/compiler/bin/../lib/gcc/arm-none-eabi/7.3.1/thumb/v7e-m/fpv4-sp/softfp/crtend.o
LOAD /home/art/Ac6/SystemWorkbench/plugins/fr.ac6.mcu.externaltools.arm-none.linux64_1.17.0.201812190825/tools/compiler/bin/../lib/gcc/arm-none-eabi/7.3.1/thumb/v7e-m/fpv4-sp/softfp/crtn.o
                0x000000002000a000                _estack = 0x2000a000
                0x0000000000000200                _Min_Heap_Size = 0x200
                0x0000000000000400                _Min_Stack_Size = 0x400

.isr_vector     0x0000000008000000      0x188
                0x0000000008000000                . = ALIGN (0x4)
 *(.isr_vector)
 .isr_vector    0x0000000008000000      0x188 startup/startup_stm32f303xc.o
                0x0000000008000000                g_pfnVectors
                0x0000000008000188                . = ALIGN (0x4)

.text           0x0000000008000190     0x4290
                0x0000000008000190                . = ALIGN (0x4)
 *(.text)
 .text          0x0000000008000190       0x40 /home/art/Ac6/SystemWorkbench/plugins/fr.ac6.mcu.externaltools.arm-none.linux64_1.17.0.201812190825/tools/compiler/bin/../lib/gcc/arm-none-eabi/7.3.1/thumb/v7e-m/fpv4-sp/softfp/crtbegin.o
 .text          0x00000000080001d0       0xa0 /home/art/Ac6/SystemWorkbench/plugins/fr.ac6.mcu.externaltools.arm-none.linux64_1.17.0.201812190825/tools/compiler/bin/../lib/gcc/arm-none-eabi/7.3.1/../../../../arm-none-eabi/lib/thumb/v7e-m/fpv4-sp/softfp/libc_nano.a(lib_a-memchr.o)
                0x00000000080001d0                memchr
 *(.text*)
 .text.HAL_InitTick
                0x0000000008000270       0x48 Drivers/STM32F3xx_HAL_Driver/Src/stm32f3xx_hal.o
                0x0000000008000270                HAL_InitTick
 .text.HAL_Init
                0x00000000080002b8       0x24 Drivers/STM32F3xx_HAL_Driver/Src/stm32f3xx_hal.o
                0x00000000080002b8                HAL_Init
 .text.HAL_IncTick
                0x00000000080002dc       0x18 Drivers/STM32F3xx_HAL_Driver/Src/stm32f3xx_hal.o
                0x00000000080002dc                HAL_IncTick
 .text.HAL_GetTick
                0x00000000080002f4        0xc Drivers/STM32F3xx_HAL_Driver/Src/stm32f3xx_hal.o
                0x00000000080002f4                HAL_GetTick
 .text.HAL_Delay
                0x0000000008000300       0x28 Drivers/STM32F3xx_HAL_Driver/Src/stm32f3xx_hal.o
                0x0000000008000300                HAL_Delay
 .text.HAL_ADC_ConvCpltCallback
                0x0000000008000328        0x2 Drivers/STM32F3xx_HAL_Driver/Src/stm32f3xx_hal_adc.o
                0x0000000008000328                HAL_ADC_ConvCpltCallback
 .text.HAL_ADC_ConvHalfCpltCallback
                0x000000000800032a        0x2 Drivers/STM32F3xx_HAL_Driver/Src/stm32f3xx_hal_adc.o
                0x000000000800032a                HAL_ADC_ConvHalfCpltCallback
 .text.HAL_ADC_ErrorCallback
                0x000000000800032c        0x2 Drivers/STM32F3xx_HAL_Driver/Src/stm32f3xx_hal_adc.o
                0x000000000800032c                HAL_ADC_ErrorCallback
 .text.ADC_Disable
                0x000000000800032e       0x7e Drivers/STM32F3xx_HAL_Driver/Src/stm32f3xx_hal_adc_ex.o
 .text.ADC_ConversionStop
                0x00000000080003ac       0xd8 Drivers/STM32F3xx_HAL_Driver/Src/stm32f3xx_hal_adc_ex.o
 .text.ADC_Enable
                0x0000000008000484       0x78 Drivers/STM32F3xx_HAL_Driver/Src/stm32f3xx_hal_adc_ex.o
 .text.ADC_DMAError
                0x00000000080004fc       0x1a Drivers/STM32F3xx_HAL_Driver/Src/stm32f3xx_hal_adc_ex.o
 .text.ADC_DMAHalfConvCplt
                0x0000000008000516        0xa Drivers/STM32F3xx_HAL_Driver/Src/stm32f3xx_hal_adc_ex.o
 .text.ADC_DMAConvCplt
                0x0000000008000520       0x4a Drivers/STM32F3xx_HAL_Driver/Src/stm32f3xx_hal_adc_ex.o
 *fill*         0x000000000800056a        0x2 
 .text.HAL_ADC_Init
                0x000000000800056c      0x294 Drivers/STM32F3xx_HAL_Driver/Src/stm32f3xx_hal_adc_ex.o
                0x000000000800056c                HAL_ADC_Init
 .text.HAL_ADC_Start
                0x0000000008000800      0x184 Drivers/STM32F3xx_HAL_Driver/Src/stm32f3xx_hal_adc_ex.o
                0x0000000008000800                HAL_ADC_Start
 .text.HAL_ADC_Stop
                0x0000000008000984       0x4a Drivers/STM32F3xx_HAL_Driver/Src/stm32f3xx_hal_adc_ex.o
                0x0000000008000984                HAL_ADC_Stop
 *fill*         0x00000000080009ce        0x2 
 .text.HAL_ADCEx_MultiModeStart_DMA
                0x00000000080009d0      0x12c Drivers/STM32F3xx_HAL_Driver/Src/stm32f3xx_hal_adc_ex.o
                0x00000000080009d0                HAL_ADCEx_MultiModeStart_DMA
 .text.HAL_ADCEx_MultiModeStop_DMA
                0x0000000008000afc      0x10c Drivers/STM32F3xx_HAL_Driver/Src/stm32f3xx_hal_adc_ex.o
                0x0000000008000afc                HAL_ADCEx_MultiModeStop_DMA
 .text.HAL_ADC_ConfigChannel
                0x0000000008000c08      0x3ac Drivers/STM32F3xx_HAL_Driver/Src/stm32f3xx_hal_adc_ex.o
                0x0000000008000c08                HAL_ADC_ConfigChannel
 .text.HAL_ADCEx_MultiModeConfigChannel
                0x0000000008000fb4      0x158 Drivers/STM32F3xx_HAL_Driver/Src/stm32f3xx_hal_adc_ex.o
                0x0000000008000fb4                HAL_ADCEx_MultiModeConfigChannel
 .text.HAL_NVIC_SetPriorityGrouping
                0x000000000800110c       0x24 Drivers/STM32F3xx_HAL_Driver/Src/stm32f3xx_hal_cortex.o
                0x000000000800110c                HAL_NVIC_SetPriorityGrouping
 .text.HAL_NVIC_SetPriority
                0x0000000008001130       0x68 Drivers/STM32F3xx_HAL_Driver/Src/stm32f3xx_hal_cortex.o
                0x0000000008001130                HAL_NVIC_SetPriority
 .text.HAL_NVIC_EnableIRQ
                0x0000000008001198       0x1c Drivers/STM32F3xx_HAL_Driver/Src/stm32f3xx_hal_cortex.o
                0x0000000008001198                HAL_NVIC_EnableIRQ
 .text.HAL_SYSTICK_Config
                0x00000000080011b4       0x2c Drivers/STM32F3xx_HAL_Driver/Src/stm32f3xx_hal_cortex.o
                0x00000000080011b4                HAL_SYSTICK_Config
 .text.DMA_SetConfig
                0x00000000080011e0       0x2c Drivers/STM32F3xx_HAL_Driver/Src/stm32f3xx_hal_dma.o
 .text.DMA_CalcBaseAndBitshift
                0x000000000800120c       0x4c Drivers/STM32F3xx_HAL_Driver/Src/stm32f3xx_hal_dma.o
 .text.HAL_DMA_Init
                0x0000000008001258       0x50 Drivers/STM32F3xx_HAL_Driver/Src/stm32f3xx_hal_dma.o
                0x0000000008001258                HAL_DMA_Init
 .text.HAL_DMA_Start_IT
                0x00000000080012a8       0x74 Drivers/STM32F3xx_HAL_Driver/Src/stm32f3xx_hal_dma.o
                0x00000000080012a8                HAL_DMA_Start_IT
 .text.HAL_DMA_Abort
                0x000000000800131c       0x44 Drivers/STM32F3xx_HAL_Driver/Src/stm32f3xx_hal_dma.o
                0x000000000800131c                HAL_DMA_Abort
 .text.HAL_DMA_IRQHandler
                0x0000000008001360       0xb4 Drivers/STM32F3xx_HAL_Driver/Src/stm32f3xx_hal_dma.o
                0x0000000008001360                HAL_DMA_IRQHandler
 .text.HAL_DMA_GetState
                0x0000000008001414        0x6 Drivers/STM32F3xx_HAL_Driver/Src/stm32f3xx_hal_dma.o
                0x0000000008001414                HAL_DMA_GetState
 *fill*         0x000000000800141a        0x2 
 .text.HAL_GPIO_Init
                0x000000000800141c      0x194 Drivers/STM32F3xx_HAL_Driver/Src/stm32f3xx_hal_gpio.o
                0x000000000800141c                HAL_GPIO_Init
 .text.HAL_GPIO_WritePin
                0x00000000080015b0        0xa Drivers/STM32F3xx_HAL_Driver/Src/stm32f3xx_hal_gpio.o
                0x00000000080015b0                HAL_GPIO_WritePin
 *fill*         0x00000000080015ba        0x2 
 .text.HAL_RCC_OscConfig
                0x00000000080015bc      0x644 Drivers/STM32F3xx_HAL_Driver/Src/stm32f3xx_hal_rcc.o
                0x00000000080015bc                HAL_RCC_OscConfig
 .text.HAL_RCC_GetSysClockFreq
                0x0000000008001c00       0x70 Drivers/STM32F3xx_HAL_Driver/Src/stm32f3xx_hal_rcc.o
                0x0000000008001c00                HAL_RCC_GetSysClockFreq
 .text.HAL_RCC_ClockConfig
                0x0000000008001c70      0x1a4 Drivers/STM32F3xx_HAL_Driver/Src/stm32f3xx_hal_rcc.o
                0x0000000008001c70                HAL_RCC_ClockConfig
 .text.HAL_RCC_GetHCLKFreq
                0x0000000008001e14        0xc Drivers/STM32F3xx_HAL_Driver/Src/stm32f3xx_hal_rcc.o
                0x0000000008001e14                HAL_RCC_GetHCLKFreq
 .text.HAL_RCC_GetPCLK1Freq
                0x0000000008001e20       0x2c Drivers/STM32F3xx_HAL_Driver/Src/stm32f3xx_hal_rcc.o
                0x0000000008001e20                HAL_RCC_GetPCLK1Freq
 .text.HAL_RCC_GetPCLK2Freq
                0x0000000008001e4c       0x2c Drivers/STM32F3xx_HAL_Driver/Src/stm32f3xx_hal_rcc.o
                0x0000000008001e4c                HAL_RCC_GetPCLK2Freq
 .text.HAL_RCCEx_PeriphCLKConfig
                0x0000000008001e78      0x268 Drivers/STM32F3xx_HAL_Driver/Src/stm32f3xx_hal_rcc_ex.o
                0x0000000008001e78                HAL_RCCEx_PeriphCLKConfig
 .text.TIM_TI1_ConfigInputStage
                0x00000000080020e0       0x26 Drivers/STM32F3xx_HAL_Driver/Src/stm32f3xx_hal_tim.o
 .text.TIM_TI2_ConfigInputStage
                0x0000000008002106       0x28 Drivers/STM32F3xx_HAL_Driver/Src/stm32f3xx_hal_tim.o
 .text.TIM_ITRx_SetConfig
                0x000000000800212e       0x10 Drivers/STM32F3xx_HAL_Driver/Src/stm32f3xx_hal_tim.o
 *fill*         0x000000000800213e        0x2 
 .text.HAL_TIM_Base_Start
                0x0000000008002140       0x30 Drivers/STM32F3xx_HAL_Driver/Src/stm32f3xx_hal_tim.o
                0x0000000008002140                HAL_TIM_Base_Start
 .text.TIM_Base_SetConfig
                0x0000000008002170       0xb8 Drivers/STM32F3xx_HAL_Driver/Src/stm32f3xx_hal_tim.o
                0x0000000008002170                TIM_Base_SetConfig
 .text.HAL_TIM_Base_Init
                0x0000000008002228       0x32 Drivers/STM32F3xx_HAL_Driver/Src/stm32f3xx_hal_tim.o
                0x0000000008002228                HAL_TIM_Base_Init
 .text.TIM_ETR_SetConfig
                0x000000000800225a       0x18 Drivers/STM32F3xx_HAL_Driver/Src/stm32f3xx_hal_tim.o
                0x000000000800225a                TIM_ETR_SetConfig
 *fill*         0x0000000008002272        0x2 
 .text.HAL_TIM_ConfigClockSource
                0x0000000008002274       0xdc Drivers/STM32F3xx_HAL_Driver/Src/stm32f3xx_hal_tim.o
                0x0000000008002274                HAL_TIM_ConfigClockSource
 .text.HAL_TIMEx_MasterConfigSynchronization
                0x0000000008002350       0x90 Drivers/STM32F3xx_HAL_Driver/Src/stm32f3xx_hal_tim_ex.o
                0x0000000008002350                HAL_TIMEx_MasterConfigSynchronization
 .text.UART_SetConfig
                0x00000000080023e0      0x2b8 Drivers/STM32F3xx_HAL_Driver/Src/stm32f3xx_hal_uart.o
                0x00000000080023e0                UART_SetConfig
 .text.UART_AdvFeatureConfig
                0x0000000008002698       0xca Drivers/STM32F3xx_HAL_Driver/Src/stm32f3xx_hal_uart.o
                0x0000000008002698                UART_AdvFeatureConfig
 .text.UART_WaitOnFlagUntilTimeout
                0x0000000008002762       0x9c Drivers/STM32F3xx_HAL_Driver/Src/stm32f3xx_hal_uart.o
                0x0000000008002762                UART_WaitOnFlagUntilTimeout
 .text.HAL_UART_Transmit
                0x00000000080027fe       0xd8 Drivers/STM32F3xx_HAL_Driver/Src/stm32f3xx_hal_uart.o
                0x00000000080027fe                HAL_UART_Transmit
 .text.UART_CheckIdleState
                0x00000000080028d6       0x6c Drivers/STM32F3xx_HAL_Driver/Src/stm32f3xx_hal_uart.o
                0x00000000080028d6                UART_CheckIdleState
 .text.HAL_UART_Init
                0x0000000008002942       0x62 Drivers/STM32F3xx_HAL_Driver/Src/stm32f3xx_hal_uart.o
                0x0000000008002942                HAL_UART_Init
 .text.MX_ADC1_Init
                0x00000000080029a4       0x9c Src/adc.o
                0x00000000080029a4                MX_ADC1_Init
 .text.MX_ADC2_Init
                0x0000000008002a40       0x78 Src/adc.o
                0x0000000008002a40                MX_ADC2_Init
 .text.HAL_ADC_MspInit
                0x0000000008002ab8      0x100 Src/adc.o
                0x0000000008002ab8                HAL_ADC_MspInit
 .text.calibrate_mean
                0x0000000008002bb8       0x2c Src/corr.o
                0x0000000008002bb8                calibrate_mean
 .text.is_silence
                0x0000000008002be4       0x28 Src/corr.o
                0x0000000008002be4                is_silence
 .text.eval_shift
                0x0000000008002c0c       0x60 Src/corr.o
                0x0000000008002c0c                eval_shift
 .text.max_index
                0x0000000008002c6c       0x28 Src/corr.o
                0x0000000008002c6c                max_index
 .text.to_grad  0x0000000008002c94       0x28 Src/corr.o
                0x0000000008002c94                to_grad
 .text.led_off  0x0000000008002cbc       0x6c Src/debug_helper.o
                0x0000000008002cbc                led_off
 .text.led_peleng
                0x0000000008002d28       0x78 Src/debug_helper.o
                0x0000000008002d28                led_peleng
 .text.print_debug_int
                0x0000000008002da0       0x34 Src/debug_helper.o
                0x0000000008002da0                print_debug_int
 .text.print_debug_ch1
                0x0000000008002dd4       0x78 Src/debug_helper.o
                0x0000000008002dd4                print_debug_ch1
 .text.print_debug_ch2
                0x0000000008002e4c       0x78 Src/debug_helper.o
                0x0000000008002e4c                print_debug_ch2
 .text.print_debug_array
                0x0000000008002ec4       0x74 Src/debug_helper.o
                0x0000000008002ec4                print_debug_array
 .text.MX_DMA_Init
                0x0000000008002f38       0x34 Src/dma.o
                0x0000000008002f38                MX_DMA_Init
 .text.MX_GPIO_Init
                0x0000000008002f6c       0x8c Src/gpio.o
                0x0000000008002f6c                MX_GPIO_Init
 .text.SystemClock_Config
                0x0000000008002ff8       0x64 Src/main.o
                0x0000000008002ff8                SystemClock_Config
 .text.main     0x000000000800305c      0x194 Src/main.o
                0x000000000800305c                main
 .text.Error_Handler
                0x00000000080031f0        0x2 Src/main.o
                0x00000000080031f0                Error_Handler
 *fill*         0x00000000080031f2        0x2 
 .text.median_add
                0x00000000080031f4       0x18 Src/median.o
                0x00000000080031f4                median_add
 .text.median_current_size
                0x000000000800320c        0xc Src/median.o
                0x000000000800320c                median_current_size
 .text.median_value
                0x0000000008003218       0x48 Src/median.o
                0x0000000008003218                median_value
 .text.HAL_MspInit
                0x0000000008003260       0x30 Src/stm32f3xx_hal_msp.o
                0x0000000008003260                HAL_MspInit
 .text.NMI_Handler
                0x0000000008003290        0x2 Src/stm32f3xx_it.o
                0x0000000008003290                NMI_Handler
 .text.HardFault_Handler
                0x0000000008003292        0x2 Src/stm32f3xx_it.o
                0x0000000008003292                HardFault_Handler
 .text.MemManage_Handler
                0x0000000008003294        0x2 Src/stm32f3xx_it.o
                0x0000000008003294                MemManage_Handler
 .text.BusFault_Handler
                0x0000000008003296        0x2 Src/stm32f3xx_it.o
                0x0000000008003296                BusFault_Handler
 .text.UsageFault_Handler
                0x0000000008003298        0x2 Src/stm32f3xx_it.o
                0x0000000008003298                UsageFault_Handler
 .text.SVC_Handler
                0x000000000800329a        0x2 Src/stm32f3xx_it.o
                0x000000000800329a                SVC_Handler
 .text.DebugMon_Handler
                0x000000000800329c        0x2 Src/stm32f3xx_it.o
                0x000000000800329c                DebugMon_Handler
 .text.PendSV_Handler
                0x000000000800329e        0x2 Src/stm32f3xx_it.o
                0x000000000800329e                PendSV_Handler
 .text.SysTick_Handler
                0x00000000080032a0        0x8 Src/stm32f3xx_it.o
                0x00000000080032a0                SysTick_Handler
 .text.DMA1_Channel1_IRQHandler
                0x00000000080032a8       0x10 Src/stm32f3xx_it.o
                0x00000000080032a8                DMA1_Channel1_IRQHandler
 .text._sbrk    0x00000000080032b8       0x3c Src/syscalls.o
                0x00000000080032b8                _sbrk
 .text.SystemInit
                0x00000000080032f4       0x68 Src/system_stm32f3xx.o
                0x00000000080032f4                SystemInit
 .text.MX_TIM8_Init
                0x000000000800335c       0x74 Src/tim.o
                0x000000000800335c                MX_TIM8_Init
 .text.HAL_TIM_Base_MspInit
                0x00000000080033d0       0x2c Src/tim.o
                0x00000000080033d0                HAL_TIM_Base_MspInit
 .text.MX_USART1_UART_Init
                0x00000000080033fc       0x38 Src/usart.o
                0x00000000080033fc                MX_USART1_UART_Init
 .text.HAL_UART_MspInit
                0x0000000008003434       0x68 Src/usart.o
                0x0000000008003434                HAL_UART_MspInit
 .text.Reset_Handler
                0x000000000800349c       0x50 startup/startup_stm32f303xc.o
                0x000000000800349c                Reset_Handler
 .text.Default_Handler
                0x00000000080034ec        0x2 startup/startup_stm32f303xc.o
                0x00000000080034ec                RTC_Alarm_IRQHandler
                0x00000000080034ec                TIM8_TRG_COM_IRQHandler
                0x00000000080034ec                TIM8_CC_IRQHandler
                0x00000000080034ec                TIM1_CC_IRQHandler
                0x00000000080034ec                USB_HP_IRQHandler
                0x00000000080034ec                PVD_IRQHandler
                0x00000000080034ec                TAMP_STAMP_IRQHandler
                0x00000000080034ec                EXTI3_IRQHandler
                0x00000000080034ec                USB_HP_CAN_TX_IRQHandler
                0x00000000080034ec                EXTI0_IRQHandler
                0x00000000080034ec                I2C2_EV_IRQHandler
                0x00000000080034ec                FPU_IRQHandler
                0x00000000080034ec                TIM1_UP_TIM16_IRQHandler
                0x00000000080034ec                ADC1_2_IRQHandler
                0x00000000080034ec                SPI1_IRQHandler
                0x00000000080034ec                CAN_SCE_IRQHandler
                0x00000000080034ec                TIM6_DAC_IRQHandler
                0x00000000080034ec                TIM8_UP_IRQHandler
                0x00000000080034ec                DMA2_Channel2_IRQHandler
                0x00000000080034ec                DMA1_Channel4_IRQHandler
                0x00000000080034ec                USART3_IRQHandler
                0x00000000080034ec                DMA1_Channel7_IRQHandler
                0x00000000080034ec                UART5_IRQHandler
                0x00000000080034ec                ADC3_IRQHandler
                0x00000000080034ec                TIM4_IRQHandler
                0x00000000080034ec                CAN_RX1_IRQHandler
                0x00000000080034ec                DMA2_Channel1_IRQHandler
                0x00000000080034ec                I2C1_EV_IRQHandler
                0x00000000080034ec                DMA1_Channel6_IRQHandler
                0x00000000080034ec                UART4_IRQHandler
                0x00000000080034ec                DMA2_Channel4_IRQHandler
                0x00000000080034ec                TIM3_IRQHandler
                0x00000000080034ec                RCC_IRQHandler
                0x00000000080034ec                Default_Handler
                0x00000000080034ec                USBWakeUp_RMP_IRQHandler
                0x00000000080034ec                EXTI15_10_IRQHandler
                0x00000000080034ec                TIM7_IRQHandler
                0x00000000080034ec                EXTI9_5_IRQHandler
                0x00000000080034ec                RTC_WKUP_IRQHandler
                0x00000000080034ec                SPI2_IRQHandler
                0x00000000080034ec                USB_LP_CAN_RX0_IRQHandler
                0x00000000080034ec                DMA2_Channel5_IRQHandler
                0x00000000080034ec                DMA1_Channel5_IRQHandler
                0x00000000080034ec                USB_LP_IRQHandler
                0x00000000080034ec                EXTI4_IRQHandler
                0x00000000080034ec                TIM1_TRG_COM_TIM17_IRQHandler
                0x00000000080034ec                DMA1_Channel3_IRQHandler
                0x00000000080034ec                ADC4_IRQHandler
                0x00000000080034ec                WWDG_IRQHandler
                0x00000000080034ec                TIM2_IRQHandler
                0x00000000080034ec                COMP7_IRQHandler
                0x00000000080034ec                COMP1_2_3_IRQHandler
                0x00000000080034ec                EXTI1_IRQHandler
                0x00000000080034ec                USART2_IRQHandler
                0x00000000080034ec                COMP4_5_6_IRQHandler
                0x00000000080034ec                I2C2_ER_IRQHandler
                0x00000000080034ec                DMA1_Channel2_IRQHandler
                0x00000000080034ec                TIM8_BRK_IRQHandler
                0x00000000080034ec                FLASH_IRQHandler
                0x00000000080034ec                USART1_IRQHandler
                0x00000000080034ec                SPI3_IRQHandler
                0x00000000080034ec                I2C1_ER_IRQHandler
                0x00000000080034ec                USBWakeUp_IRQHandler
                0x00000000080034ec                DMA2_Channel3_IRQHandler
                0x00000000080034ec                EXTI2_TSC_IRQHandler
                0x00000000080034ec                TIM1_BRK_TIM15_IRQHandler
 *fill*         0x00000000080034ee        0x2 
 .text.arm_correlate_q7
                0x00000000080034f0      0x6a8 /home/art/STM32Cube/Repository/Packs/ARM/CMSIS/5.6.0/CMSIS/DSP/Lib/GCC/libarm_cortexM3l_math.a(arm_correlate_q7.o)
                0x00000000080034f0                arm_correlate_q7
 .text.__errno  0x0000000008003b98        0xc /home/art/Ac6/SystemWorkbench/plugins/fr.ac6.mcu.externaltools.arm-none.linux64_1.17.0.201812190825/tools/compiler/bin/../lib/gcc/arm-none-eabi/7.3.1/../../../../arm-none-eabi/lib/thumb/v7e-m/fpv4-sp/softfp/libc_nano.a(lib_a-errno.o)
                0x0000000008003b98                __errno
 .text.__libc_init_array
                0x0000000008003ba4       0x48 /home/art/Ac6/SystemWorkbench/plugins/fr.ac6.mcu.externaltools.arm-none.linux64_1.17.0.201812190825/tools/compiler/bin/../lib/gcc/arm-none-eabi/7.3.1/../../../../arm-none-eabi/lib/thumb/v7e-m/fpv4-sp/softfp/libc_nano.a(lib_a-init.o)
                0x0000000008003ba4                __libc_init_array
 .text.memset   0x0000000008003bec       0x10 /home/art/Ac6/SystemWorkbench/plugins/fr.ac6.mcu.externaltools.arm-none.linux64_1.17.0.201812190825/tools/compiler/bin/../lib/gcc/arm-none-eabi/7.3.1/../../../../arm-none-eabi/lib/thumb/v7e-m/fpv4-sp/softfp/libc_nano.a(lib_a-memset.o)
                0x0000000008003bec                memset
 .text.sprintf  0x0000000008003bfc       0x40 /home/art/Ac6/SystemWorkbench/plugins/fr.ac6.mcu.externaltools.arm-none.linux64_1.17.0.201812190825/tools/compiler/bin/../lib/gcc/arm-none-eabi/7.3.1/../../../../arm-none-eabi/lib/thumb/v7e-m/fpv4-sp/softfp/libc_nano.a(lib_a-sprintf.o)
                0x0000000008003bfc                sprintf
                0x0000000008003bfc                siprintf
 .text.__ssputs_r
                0x0000000008003c3c       0xb4 /home/art/Ac6/SystemWorkbench/plugins/fr.ac6.mcu.externaltools.arm-none.linux64_1.17.0.201812190825/tools/compiler/bin/../lib/gcc/arm-none-eabi/7.3.1/../../../../arm-none-eabi/lib/thumb/v7e-m/fpv4-sp/softfp/libc_nano.a(lib_a-nano-svfprintf.o)
                0x0000000008003c3c                __ssputs_r
 .text._svfprintf_r
                0x0000000008003cf0      0x1f0 /home/art/Ac6/SystemWorkbench/plugins/fr.ac6.mcu.externaltools.arm-none.linux64_1.17.0.201812190825/tools/compiler/bin/../lib/gcc/arm-none-eabi/7.3.1/../../../../arm-none-eabi/lib/thumb/v7e-m/fpv4-sp/softfp/libc_nano.a(lib_a-nano-svfprintf.o)
                0x0000000008003cf0                _svfprintf_r
                0x0000000008003cf0                _svfiprintf_r
 .text._printf_common
                0x0000000008003ee0       0xea /home/art/Ac6/SystemWorkbench/plugins/fr.ac6.mcu.externaltools.arm-none.linux64_1.17.0.201812190825/tools/compiler/bin/../lib/gcc/arm-none-eabi/7.3.1/../../../../arm-none-eabi/lib/thumb/v7e-m/fpv4-sp/softfp/libc_nano.a(lib_a-nano-vfprintf_i.o)
                0x0000000008003ee0                _printf_common
 *fill*         0x0000000008003fca        0x2 
 .text._printf_i
                0x0000000008003fcc      0x224 /home/art/Ac6/SystemWorkbench/plugins/fr.ac6.mcu.externaltools.arm-none.linux64_1.17.0.201812190825/tools/compiler/bin/../lib/gcc/arm-none-eabi/7.3.1/../../../../arm-none-eabi/lib/thumb/v7e-m/fpv4-sp/softfp/libc_nano.a(lib_a-nano-vfprintf_i.o)
                0x0000000008003fcc                _printf_i
 .text.memcpy   0x00000000080041f0       0x16 /home/art/Ac6/SystemWorkbench/plugins/fr.ac6.mcu.externaltools.arm-none.linux64_1.17.0.201812190825/tools/compiler/bin/../lib/gcc/arm-none-eabi/7.3.1/../../../../arm-none-eabi/lib/thumb/v7e-m/fpv4-sp/softfp/libc_nano.a(lib_a-memcpy-stub.o)
                0x00000000080041f0                memcpy
 .text.memmove  0x0000000008004206       0x32 /home/art/Ac6/SystemWorkbench/plugins/fr.ac6.mcu.externaltools.arm-none.linux64_1.17.0.201812190825/tools/compiler/bin/../lib/gcc/arm-none-eabi/7.3.1/../../../../arm-none-eabi/lib/thumb/v7e-m/fpv4-sp/softfp/libc_nano.a(lib_a-memmove.o)
                0x0000000008004206                memmove
 .text._free_r  0x0000000008004238       0x9c /home/art/Ac6/SystemWorkbench/plugins/fr.ac6.mcu.externaltools.arm-none.linux64_1.17.0.201812190825/tools/compiler/bin/../lib/gcc/arm-none-eabi/7.3.1/../../../../arm-none-eabi/lib/thumb/v7e-m/fpv4-sp/softfp/libc_nano.a(lib_a-nano-freer.o)
                0x0000000008004238                _free_r
 .text._malloc_r
                0x00000000080042d4       0xb4 /home/art/Ac6/SystemWorkbench/plugins/fr.ac6.mcu.externaltools.arm-none.linux64_1.17.0.201812190825/tools/compiler/bin/../lib/gcc/arm-none-eabi/7.3.1/../../../../arm-none-eabi/lib/thumb/v7e-m/fpv4-sp/softfp/libc_nano.a(lib_a-nano-mallocr.o)
                0x00000000080042d4                _malloc_r
 .text._realloc_r
                0x0000000008004388       0x4c /home/art/Ac6/SystemWorkbench/plugins/fr.ac6.mcu.externaltools.arm-none.linux64_1.17.0.201812190825/tools/compiler/bin/../lib/gcc/arm-none-eabi/7.3.1/../../../../arm-none-eabi/lib/thumb/v7e-m/fpv4-sp/softfp/libc_nano.a(lib_a-nano-reallocr.o)
                0x0000000008004388                _realloc_r
 .text._sbrk_r  0x00000000080043d4       0x20 /home/art/Ac6/SystemWorkbench/plugins/fr.ac6.mcu.externaltools.arm-none.linux64_1.17.0.201812190825/tools/compiler/bin/../lib/gcc/arm-none-eabi/7.3.1/../../../../arm-none-eabi/lib/thumb/v7e-m/fpv4-sp/softfp/libc_nano.a(lib_a-sbrkr.o)
                0x00000000080043d4                _sbrk_r
 .text.__malloc_lock
                0x00000000080043f4        0x2 /home/art/Ac6/SystemWorkbench/plugins/fr.ac6.mcu.externaltools.arm-none.linux64_1.17.0.201812190825/tools/compiler/bin/../lib/gcc/arm-none-eabi/7.3.1/../../../../arm-none-eabi/lib/thumb/v7e-m/fpv4-sp/softfp/libc_nano.a(lib_a-mlock.o)
                0x00000000080043f4                __malloc_lock
 .text.__malloc_unlock
                0x00000000080043f6        0x2 /home/art/Ac6/SystemWorkbench/plugins/fr.ac6.mcu.externaltools.arm-none.linux64_1.17.0.201812190825/tools/compiler/bin/../lib/gcc/arm-none-eabi/7.3.1/../../../../arm-none-eabi/lib/thumb/v7e-m/fpv4-sp/softfp/libc_nano.a(lib_a-mlock.o)
                0x00000000080043f6                __malloc_unlock
 .text._malloc_usable_size_r
                0x00000000080043f8       0x10 /home/art/Ac6/SystemWorkbench/plugins/fr.ac6.mcu.externaltools.arm-none.linux64_1.17.0.201812190825/tools/compiler/bin/../lib/gcc/arm-none-eabi/7.3.1/../../../../arm-none-eabi/lib/thumb/v7e-m/fpv4-sp/softfp/libc_nano.a(lib_a-nano-msizer.o)
                0x00000000080043f8                _malloc_usable_size_r
 *(.glue_7)
 .glue_7        0x0000000008004408        0x0 linker stubs
 *(.glue_7t)
 .glue_7t       0x0000000008004408        0x0 linker stubs
 *(.eh_frame)
 .eh_frame      0x0000000008004408        0x0 /home/art/Ac6/SystemWorkbench/plugins/fr.ac6.mcu.externaltools.arm-none.linux64_1.17.0.201812190825/tools/compiler/bin/../lib/gcc/arm-none-eabi/7.3.1/thumb/v7e-m/fpv4-sp/softfp/crtbegin.o
 *(.init)
 .init          0x0000000008004408        0x4 /home/art/Ac6/SystemWorkbench/plugins/fr.ac6.mcu.externaltools.arm-none.linux64_1.17.0.201812190825/tools/compiler/bin/../lib/gcc/arm-none-eabi/7.3.1/thumb/v7e-m/fpv4-sp/softfp/crti.o
                0x0000000008004408                _init
 .init          0x000000000800440c        0x8 /home/art/Ac6/SystemWorkbench/plugins/fr.ac6.mcu.externaltools.arm-none.linux64_1.17.0.201812190825/tools/compiler/bin/../lib/gcc/arm-none-eabi/7.3.1/thumb/v7e-m/fpv4-sp/softfp/crtn.o
 *(.fini)
 .fini          0x0000000008004414        0x4 /home/art/Ac6/SystemWorkbench/plugins/fr.ac6.mcu.externaltools.arm-none.linux64_1.17.0.201812190825/tools/compiler/bin/../lib/gcc/arm-none-eabi/7.3.1/thumb/v7e-m/fpv4-sp/softfp/crti.o
                0x0000000008004414                _fini
 .fini          0x0000000008004418        0x8 /home/art/Ac6/SystemWorkbench/plugins/fr.ac6.mcu.externaltools.arm-none.linux64_1.17.0.201812190825/tools/compiler/bin/../lib/gcc/arm-none-eabi/7.3.1/thumb/v7e-m/fpv4-sp/softfp/crtn.o
                0x0000000008004420                . = ALIGN (0x4)
                0x0000000008004420                _etext = .

.vfp11_veneer   0x0000000008004420        0x0
 .vfp11_veneer  0x0000000008004420        0x0 linker stubs

.v4_bx          0x0000000008004420        0x0
 .v4_bx         0x0000000008004420        0x0 linker stubs

.iplt           0x0000000008004420        0x0
 .iplt          0x0000000008004420        0x0 /home/art/Ac6/SystemWorkbench/plugins/fr.ac6.mcu.externaltools.arm-none.linux64_1.17.0.201812190825/tools/compiler/bin/../lib/gcc/arm-none-eabi/7.3.1/thumb/v7e-m/fpv4-sp/softfp/crtbegin.o

.rodata         0x0000000008004420       0xac
                0x0000000008004420                . = ALIGN (0x4)
 *(.rodata)
 .rodata        0x0000000008004420       0x20 Drivers/STM32F3xx_HAL_Driver/Src/stm32f3xx_hal_rcc.o
                0x0000000008004420                aPLLMULFactorTable
                0x0000000008004430                aPredivFactorTable
 .rodata        0x0000000008004440       0x18 Src/system_stm32f3xx.o
                0x0000000008004440                AHBPrescTable
                0x0000000008004450                APBPrescTable
 *(.rodata*)
 .rodata.str1.4
                0x0000000008004458        0xc Src/debug_helper.o
 .rodata.str1.4
                0x0000000008004464       0x34 Src/main.o
                                         0x33 (size before relaxing)
 .rodata._svfprintf_r.str1.1
                0x0000000008004498       0x11 /home/art/Ac6/SystemWorkbench/plugins/fr.ac6.mcu.externaltools.arm-none.linux64_1.17.0.201812190825/tools/compiler/bin/../lib/gcc/arm-none-eabi/7.3.1/../../../../arm-none-eabi/lib/thumb/v7e-m/fpv4-sp/softfp/libc_nano.a(lib_a-nano-svfprintf.o)
 .rodata._printf_i.str1.1
                0x00000000080044a9       0x22 /home/art/Ac6/SystemWorkbench/plugins/fr.ac6.mcu.externaltools.arm-none.linux64_1.17.0.201812190825/tools/compiler/bin/../lib/gcc/arm-none-eabi/7.3.1/../../../../arm-none-eabi/lib/thumb/v7e-m/fpv4-sp/softfp/libc_nano.a(lib_a-nano-vfprintf_i.o)
                0x00000000080044cc                . = ALIGN (0x4)
 *fill*         0x00000000080044cb        0x1 

.rel.dyn        0x00000000080044cc        0x0
 .rel.iplt      0x00000000080044cc        0x0 /home/art/Ac6/SystemWorkbench/plugins/fr.ac6.mcu.externaltools.arm-none.linux64_1.17.0.201812190825/tools/compiler/bin/../lib/gcc/arm-none-eabi/7.3.1/thumb/v7e-m/fpv4-sp/softfp/crtbegin.o

.ARM.extab
 *(.ARM.extab* .gnu.linkonce.armextab.*)

.ARM            0x00000000080044cc        0x0
                0x00000000080044cc                __exidx_start = .
 *(.ARM.exidx*)
                0x00000000080044cc                __exidx_end = .

.preinit_array  0x00000000080044cc        0x0
                0x00000000080044cc                PROVIDE (__preinit_array_start = .)
 *(.preinit_array*)
                0x00000000080044cc                PROVIDE (__preinit_array_end = .)

.init_array     0x00000000080044cc        0x4
                0x00000000080044cc                PROVIDE (__init_array_start = .)
 *(SORT_BY_NAME(.init_array.*))
 *(.init_array*)
 .init_array    0x00000000080044cc        0x4 /home/art/Ac6/SystemWorkbench/plugins/fr.ac6.mcu.externaltools.arm-none.linux64_1.17.0.201812190825/tools/compiler/bin/../lib/gcc/arm-none-eabi/7.3.1/thumb/v7e-m/fpv4-sp/softfp/crtbegin.o
                0x00000000080044d0                PROVIDE (__init_array_end = .)

.fini_array     0x00000000080044d0        0x4
                [!provide]                        PROVIDE (__fini_array_start = .)
 *(SORT_BY_NAME(.fini_array.*))
 *(.fini_array*)
 .fini_array    0x00000000080044d0        0x4 /home/art/Ac6/SystemWorkbench/plugins/fr.ac6.mcu.externaltools.arm-none.linux64_1.17.0.201812190825/tools/compiler/bin/../lib/gcc/arm-none-eabi/7.3.1/thumb/v7e-m/fpv4-sp/softfp/crtbegin.o
                [!provide]                        PROVIDE (__fini_array_end = .)
                0x00000000080044d4                _sidata = LOADADDR (.data)

.data           0x0000000020000000      0x8c8 load address 0x00000000080044d4
                0x0000000020000000                . = ALIGN (0x4)
                0x0000000020000000                _sdata = .
 *(.data)
 .data          0x0000000020000000        0x8 Drivers/STM32F3xx_HAL_Driver/Src/stm32f3xx_hal.o
                0x0000000020000000                uwTickFreq
                0x0000000020000004                uwTickPrio
 .data          0x0000000020000008       0x50 Src/corr.o
                0x0000000020000008                left_grads
                0x000000002000003c                right_grads
 .data          0x0000000020000058      0x808 Src/main.o
                0x0000000020000058                adc_data
                0x000000002000045c                adc_data_2
 .data          0x0000000020000860        0x4 Src/system_stm32f3xx.o
                0x0000000020000860                SystemCoreClock
 *(.data*)
 .data._impure_ptr
                0x0000000020000864        0x4 /home/art/Ac6/SystemWorkbench/plugins/fr.ac6.mcu.externaltools.arm-none.linux64_1.17.0.201812190825/tools/compiler/bin/../lib/gcc/arm-none-eabi/7.3.1/../../../../arm-none-eabi/lib/thumb/v7e-m/fpv4-sp/softfp/libc_nano.a(lib_a-impure.o)
                0x0000000020000864                _impure_ptr
 .data.impure_data
                0x0000000020000868       0x60 /home/art/Ac6/SystemWorkbench/plugins/fr.ac6.mcu.externaltools.arm-none.linux64_1.17.0.201812190825/tools/compiler/bin/../lib/gcc/arm-none-eabi/7.3.1/../../../../arm-none-eabi/lib/thumb/v7e-m/fpv4-sp/softfp/libc_nano.a(lib_a-impure.o)
                0x00000000200008c8                . = ALIGN (0x4)
                0x00000000200008c8                _edata = .
                0x0000000008004d9c                _siccmram = LOADADDR (.ccmram)

.igot.plt       0x00000000200008c8        0x0 load address 0x0000000008004d9c
 .igot.plt      0x00000000200008c8        0x0 /home/art/Ac6/SystemWorkbench/plugins/fr.ac6.mcu.externaltools.arm-none.linux64_1.17.0.201812190825/tools/compiler/bin/../lib/gcc/arm-none-eabi/7.3.1/thumb/v7e-m/fpv4-sp/softfp/crtbegin.o

.ccmram         0x0000000010000000        0x0 load address 0x0000000008004d9c
                0x0000000010000000                . = ALIGN (0x4)
                0x0000000010000000                _sccmram = .
 *(.ccmram)
 *(.ccmram*)
                0x0000000010000000                . = ALIGN (0x4)
                0x0000000010000000                _eccmram = .
                0x0000000010000000                . = ALIGN (0x4)

.bss            0x00000000200008c8      0x9f8
                0x00000000200008c8                _sbss = .
                0x00000000200008c8                __bss_start__ = _sbss
 *(.bss)
 .bss           0x00000000200008c8       0x1c /home/art/Ac6/SystemWorkbench/plugins/fr.ac6.mcu.externaltools.arm-none.linux64_1.17.0.201812190825/tools/compiler/bin/../lib/gcc/arm-none-eabi/7.3.1/thumb/v7e-m/fpv4-sp/softfp/crtbegin.o
 .bss           0x00000000200008e4        0x4 Src/adc.o
 .bss           0x00000000200008e8        0x4 Src/median.o
                0x00000000200008e8                current
 .bss           0x00000000200008ec        0x8 Src/syscalls.o
                0x00000000200008f0                __env
 *(.bss*)
 .bss.__malloc_free_list
                0x00000000200008f4        0x4 /home/art/Ac6/SystemWorkbench/plugins/fr.ac6.mcu.externaltools.arm-none.linux64_1.17.0.201812190825/tools/compiler/bin/../lib/gcc/arm-none-eabi/7.3.1/../../../../arm-none-eabi/lib/thumb/v7e-m/fpv4-sp/softfp/libc_nano.a(lib_a-nano-mallocr.o)
                0x00000000200008f4                __malloc_free_list
 .bss.__malloc_sbrk_start
                0x00000000200008f8        0x4 /home/art/Ac6/SystemWorkbench/plugins/fr.ac6.mcu.externaltools.arm-none.linux64_1.17.0.201812190825/tools/compiler/bin/../lib/gcc/arm-none-eabi/7.3.1/../../../../arm-none-eabi/lib/thumb/v7e-m/fpv4-sp/softfp/libc_nano.a(lib_a-nano-mallocr.o)
                0x00000000200008f8                __malloc_sbrk_start
 *(COMMON)
 COMMON         0x00000000200008fc        0x4 Drivers/STM32F3xx_HAL_Driver/Src/stm32f3xx_hal.o
                0x00000000200008fc                uwTick
 COMMON         0x0000000020000900       0xe4 Src/adc.o
                0x0000000020000900                hadc2
                0x0000000020000950                hadc1
                0x00000000200009a0                hdma_adc1
 COMMON         0x00000000200009e4      0x80c Src/corr.o
                0x00000000200009e4                mean_silence_ch2
                0x00000000200009e8                mean_silence_ch1
                0x00000000200009ec                out
                0x0000000020000dec                ch2
                0x0000000020000fec                energy_silence_ch1
                0x0000000020000ff0                ch1
 COMMON         0x00000000200011f0        0xc Src/median.o
                0x00000000200011f0                arr
 COMMON         0x00000000200011fc       0x40 Src/tim.o
                0x00000000200011fc                htim8
 COMMON         0x000000002000123c       0x80 Src/usart.o
                0x000000002000123c                huart1
 COMMON         0x00000000200012bc        0x4 /home/art/Ac6/SystemWorkbench/plugins/fr.ac6.mcu.externaltools.arm-none.linux64_1.17.0.201812190825/tools/compiler/bin/../lib/gcc/arm-none-eabi/7.3.1/../../../../arm-none-eabi/lib/thumb/v7e-m/fpv4-sp/softfp/libc_nano.a(lib_a-reent.o)
                0x00000000200012bc                errno
                0x00000000200012c0                . = ALIGN (0x4)
                0x00000000200012c0                _ebss = .
                0x00000000200012c0                __bss_end__ = _ebss

._user_heap_stack
                0x00000000200012c0      0x600
                0x00000000200012c0                . = ALIGN (0x8)
                0x00000000200012c0                PROVIDE (end = .)
                [!provide]                        PROVIDE (_end = .)
                0x00000000200014c0                . = (. + _Min_Heap_Size)
 *fill*         0x00000000200012c0      0x200 
                0x00000000200018c0                . = (. + _Min_Stack_Size)
 *fill*         0x00000000200014c0      0x400 
                0x00000000200018c0                . = ALIGN (0x8)

/DISCARD/
 libc.a(*)
 libm.a(*)
 libgcc.a(*)

.ARM.attributes
                0x0000000000000000       0x2e
 *(.ARM.attributes)
 .ARM.attributes
                0x0000000000000000       0x22 /home/art/Ac6/SystemWorkbench/plugins/fr.ac6.mcu.externaltools.arm-none.linux64_1.17.0.201812190825/tools/compiler/bin/../lib/gcc/arm-none-eabi/7.3.1/thumb/v7e-m/fpv4-sp/softfp/crti.o
 .ARM.attributes
                0x0000000000000022       0x32 /home/art/Ac6/SystemWorkbench/plugins/fr.ac6.mcu.externaltools.arm-none.linux64_1.17.0.201812190825/tools/compiler/bin/../lib/gcc/arm-none-eabi/7.3.1/thumb/v7e-m/fpv4-sp/softfp/crtbegin.o
 .ARM.attributes
                0x0000000000000054       0x37 Drivers/STM32F3xx_HAL_Driver/Src/stm32f3xx_hal.o
 .ARM.attributes
                0x000000000000008b       0x37 Drivers/STM32F3xx_HAL_Driver/Src/stm32f3xx_hal_adc.o
 .ARM.attributes
                0x00000000000000c2       0x37 Drivers/STM32F3xx_HAL_Driver/Src/stm32f3xx_hal_adc_ex.o
 .ARM.attributes
                0x00000000000000f9       0x37 Drivers/STM32F3xx_HAL_Driver/Src/stm32f3xx_hal_cortex.o
 .ARM.attributes
                0x0000000000000130       0x37 Drivers/STM32F3xx_HAL_Driver/Src/stm32f3xx_hal_dma.o
 .ARM.attributes
                0x0000000000000167       0x37 Drivers/STM32F3xx_HAL_Driver/Src/stm32f3xx_hal_gpio.o
 .ARM.attributes
                0x000000000000019e       0x37 Drivers/STM32F3xx_HAL_Driver/Src/stm32f3xx_hal_rcc.o
 .ARM.attributes
                0x00000000000001d5       0x37 Drivers/STM32F3xx_HAL_Driver/Src/stm32f3xx_hal_rcc_ex.o
 .ARM.attributes
                0x000000000000020c       0x37 Drivers/STM32F3xx_HAL_Driver/Src/stm32f3xx_hal_tim.o
 .ARM.attributes
                0x0000000000000243       0x37 Drivers/STM32F3xx_HAL_Driver/Src/stm32f3xx_hal_tim_ex.o
 .ARM.attributes
                0x000000000000027a       0x37 Drivers/STM32F3xx_HAL_Driver/Src/stm32f3xx_hal_uart.o
 .ARM.attributes
                0x00000000000002b1       0x37 Src/adc.o
 .ARM.attributes
                0x00000000000002e8       0x37 Src/corr.o
 .ARM.attributes
                0x000000000000031f       0x37 Src/debug_helper.o
 .ARM.attributes
                0x0000000000000356       0x37 Src/dma.o
 .ARM.attributes
                0x000000000000038d       0x37 Src/gpio.o
 .ARM.attributes
                0x00000000000003c4       0x37 Src/main.o
 .ARM.attributes
                0x00000000000003fb       0x37 Src/median.o
 .ARM.attributes
                0x0000000000000432       0x37 Src/stm32f3xx_hal_msp.o
 .ARM.attributes
                0x0000000000000469       0x37 Src/stm32f3xx_it.o
 .ARM.attributes
                0x00000000000004a0       0x37 Src/syscalls.o
 .ARM.attributes
                0x00000000000004d7       0x37 Src/system_stm32f3xx.o
 .ARM.attributes
                0x000000000000050e       0x37 Src/tim.o
 .ARM.attributes
                0x0000000000000545       0x37 Src/usart.o
 .ARM.attributes
                0x000000000000057c       0x21 startup/startup_stm32f303xc.o
 .ARM.attributes
                0x000000000000059d       0x2d /home/art/STM32Cube/Repository/Packs/ARM/CMSIS/5.6.0/CMSIS/DSP/Lib/GCC/libarm_cortexM3l_math.a(arm_correlate_q7.o)
 .ARM.attributes
                0x00000000000005ca       0x32 /home/art/Ac6/SystemWorkbench/plugins/fr.ac6.mcu.externaltools.arm-none.linux64_1.17.0.201812190825/tools/compiler/bin/../lib/gcc/arm-none-eabi/7.3.1/../../../../arm-none-eabi/lib/thumb/v7e-m/fpv4-sp/softfp/libc_nano.a(lib_a-errno.o)
 .ARM.attributes
                0x00000000000005fc       0x32 /home/art/Ac6/SystemWorkbench/plugins/fr.ac6.mcu.externaltools.arm-none.linux64_1.17.0.201812190825/tools/compiler/bin/../lib/gcc/arm-none-eabi/7.3.1/../../../../arm-none-eabi/lib/thumb/v7e-m/fpv4-sp/softfp/libc_nano.a(lib_a-impure.o)
 .ARM.attributes
                0x000000000000062e       0x32 /home/art/Ac6/SystemWorkbench/plugins/fr.ac6.mcu.externaltools.arm-none.linux64_1.17.0.201812190825/tools/compiler/bin/../lib/gcc/arm-none-eabi/7.3.1/../../../../arm-none-eabi/lib/thumb/v7e-m/fpv4-sp/softfp/libc_nano.a(lib_a-init.o)
 .ARM.attributes
                0x0000000000000660       0x32 /home/art/Ac6/SystemWorkbench/plugins/fr.ac6.mcu.externaltools.arm-none.linux64_1.17.0.201812190825/tools/compiler/bin/../lib/gcc/arm-none-eabi/7.3.1/../../../../arm-none-eabi/lib/thumb/v7e-m/fpv4-sp/softfp/libc_nano.a(lib_a-memset.o)
 .ARM.attributes
                0x0000000000000692       0x32 /home/art/Ac6/SystemWorkbench/plugins/fr.ac6.mcu.externaltools.arm-none.linux64_1.17.0.201812190825/tools/compiler/bin/../lib/gcc/arm-none-eabi/7.3.1/../../../../arm-none-eabi/lib/thumb/v7e-m/fpv4-sp/softfp/libc_nano.a(lib_a-sprintf.o)
 .ARM.attributes
                0x00000000000006c4       0x32 /home/art/Ac6/SystemWorkbench/plugins/fr.ac6.mcu.externaltools.arm-none.linux64_1.17.0.201812190825/tools/compiler/bin/../lib/gcc/arm-none-eabi/7.3.1/../../../../arm-none-eabi/lib/thumb/v7e-m/fpv4-sp/softfp/libc_nano.a(lib_a-nano-svfprintf.o)
 .ARM.attributes
                0x00000000000006f6       0x32 /home/art/Ac6/SystemWorkbench/plugins/fr.ac6.mcu.externaltools.arm-none.linux64_1.17.0.201812190825/tools/compiler/bin/../lib/gcc/arm-none-eabi/7.3.1/../../../../arm-none-eabi/lib/thumb/v7e-m/fpv4-sp/softfp/libc_nano.a(lib_a-nano-vfprintf_i.o)
 .ARM.attributes
                0x0000000000000728       0x20 /home/art/Ac6/SystemWorkbench/plugins/fr.ac6.mcu.externaltools.arm-none.linux64_1.17.0.201812190825/tools/compiler/bin/../lib/gcc/arm-none-eabi/7.3.1/../../../../arm-none-eabi/lib/thumb/v7e-m/fpv4-sp/softfp/libc_nano.a(lib_a-memchr.o)
 .ARM.attributes
                0x0000000000000748       0x32 /home/art/Ac6/SystemWorkbench/plugins/fr.ac6.mcu.externaltools.arm-none.linux64_1.17.0.201812190825/tools/compiler/bin/../lib/gcc/arm-none-eabi/7.3.1/../../../../arm-none-eabi/lib/thumb/v7e-m/fpv4-sp/softfp/libc_nano.a(lib_a-memcpy-stub.o)
 .ARM.attributes
                0x000000000000077a       0x32 /home/art/Ac6/SystemWorkbench/plugins/fr.ac6.mcu.externaltools.arm-none.linux64_1.17.0.201812190825/tools/compiler/bin/../lib/gcc/arm-none-eabi/7.3.1/../../../../arm-none-eabi/lib/thumb/v7e-m/fpv4-sp/softfp/libc_nano.a(lib_a-memmove.o)
 .ARM.attributes
                0x00000000000007ac       0x32 /home/art/Ac6/SystemWorkbench/plugins/fr.ac6.mcu.externaltools.arm-none.linux64_1.17.0.201812190825/tools/compiler/bin/../lib/gcc/arm-none-eabi/7.3.1/../../../../arm-none-eabi/lib/thumb/v7e-m/fpv4-sp/softfp/libc_nano.a(lib_a-nano-freer.o)
 .ARM.attributes
                0x00000000000007de       0x32 /home/art/Ac6/SystemWorkbench/plugins/fr.ac6.mcu.externaltools.arm-none.linux64_1.17.0.201812190825/tools/compiler/bin/../lib/gcc/arm-none-eabi/7.3.1/../../../../arm-none-eabi/lib/thumb/v7e-m/fpv4-sp/softfp/libc_nano.a(lib_a-nano-mallocr.o)
 .ARM.attributes
                0x0000000000000810       0x32 /home/art/Ac6/SystemWorkbench/plugins/fr.ac6.mcu.externaltools.arm-none.linux64_1.17.0.201812190825/tools/compiler/bin/../lib/gcc/arm-none-eabi/7.3.1/../../../../arm-none-eabi/lib/thumb/v7e-m/fpv4-sp/softfp/libc_nano.a(lib_a-nano-reallocr.o)
 .ARM.attributes
                0x0000000000000842       0x32 /home/art/Ac6/SystemWorkbench/plugins/fr.ac6.mcu.externaltools.arm-none.linux64_1.17.0.201812190825/tools/compiler/bin/../lib/gcc/arm-none-eabi/7.3.1/../../../../arm-none-eabi/lib/thumb/v7e-m/fpv4-sp/softfp/libc_nano.a(lib_a-sbrkr.o)
 .ARM.attributes
                0x0000000000000874       0x32 /home/art/Ac6/SystemWorkbench/plugins/fr.ac6.mcu.externaltools.arm-none.linux64_1.17.0.201812190825/tools/compiler/bin/../lib/gcc/arm-none-eabi/7.3.1/../../../../arm-none-eabi/lib/thumb/v7e-m/fpv4-sp/softfp/libc_nano.a(lib_a-mlock.o)
 .ARM.attributes
                0x00000000000008a6       0x32 /home/art/Ac6/SystemWorkbench/plugins/fr.ac6.mcu.externaltools.arm-none.linux64_1.17.0.201812190825/tools/compiler/bin/../lib/gcc/arm-none-eabi/7.3.1/../../../../arm-none-eabi/lib/thumb/v7e-m/fpv4-sp/softfp/libc_nano.a(lib_a-nano-msizer.o)
 .ARM.attributes
                0x00000000000008d8       0x32 /home/art/Ac6/SystemWorkbench/plugins/fr.ac6.mcu.externaltools.arm-none.linux64_1.17.0.201812190825/tools/compiler/bin/../lib/gcc/arm-none-eabi/7.3.1/../../../../arm-none-eabi/lib/thumb/v7e-m/fpv4-sp/softfp/libc_nano.a(lib_a-reent.o)
 .ARM.attributes
                0x000000000000090a       0x22 /home/art/Ac6/SystemWorkbench/plugins/fr.ac6.mcu.externaltools.arm-none.linux64_1.17.0.201812190825/tools/compiler/bin/../lib/gcc/arm-none-eabi/7.3.1/thumb/v7e-m/fpv4-sp/softfp/crtn.o
OUTPUT(Whistle-2.0.elf elf32-littlearm)

.debug_info     0x0000000000000000    0x16c4e
 .debug_info    0x0000000000000000      0x88e Drivers/STM32F3xx_HAL_Driver/Src/stm32f3xx_hal.o
 .debug_info    0x000000000000088e      0xbcf Drivers/STM32F3xx_HAL_Driver/Src/stm32f3xx_hal_adc.o
 .debug_info    0x000000000000145d     0x1b6b Drivers/STM32F3xx_HAL_Driver/Src/stm32f3xx_hal_adc_ex.o
 .debug_info    0x0000000000002fc8      0xefe Drivers/STM32F3xx_HAL_Driver/Src/stm32f3xx_hal_cortex.o
 .debug_info    0x0000000000003ec6      0x881 Drivers/STM32F3xx_HAL_Driver/Src/stm32f3xx_hal_dma.o
 .debug_info    0x0000000000004747      0x705 Drivers/STM32F3xx_HAL_Driver/Src/stm32f3xx_hal_gpio.o
 .debug_info    0x0000000000004e4c     0x1471 Drivers/STM32F3xx_HAL_Driver/Src/stm32f3xx_hal_rcc.o
 .debug_info    0x00000000000062bd      0x7b3 Drivers/STM32F3xx_HAL_Driver/Src/stm32f3xx_hal_rcc_ex.o
 .debug_info    0x0000000000006a70     0x3402 Drivers/STM32F3xx_HAL_Driver/Src/stm32f3xx_hal_tim.o
 .debug_info    0x0000000000009e72     0x156c Drivers/STM32F3xx_HAL_Driver/Src/stm32f3xx_hal_tim_ex.o
 .debug_info    0x000000000000b3de     0x1b74 Drivers/STM32F3xx_HAL_Driver/Src/stm32f3xx_hal_uart.o
 .debug_info    0x000000000000cf52      0xc87 Src/adc.o
 .debug_info    0x000000000000dbd9      0xcf0 Src/corr.o
 .debug_info    0x000000000000e8c9      0xf56 Src/debug_helper.o
 .debug_info    0x000000000000f81f      0x478 Src/dma.o
 .debug_info    0x000000000000fc97      0x440 Src/gpio.o
 .debug_info    0x00000000000100d7     0x2a5c Src/main.o
 .debug_info    0x0000000000012b33       0xfb Src/median.o
 .debug_info    0x0000000000012c2e      0x278 Src/stm32f3xx_hal_msp.o
 .debug_info    0x0000000000012ea6      0x462 Src/stm32f3xx_it.o
 .debug_info    0x0000000000013308      0xfd3 Src/syscalls.o
 .debug_info    0x00000000000142db      0x460 Src/system_stm32f3xx.o
 .debug_info    0x000000000001473b      0x8cd Src/tim.o
 .debug_info    0x0000000000015008      0x9a1 Src/usart.o
 .debug_info    0x00000000000159a9       0x22 startup/startup_stm32f303xc.o
 .debug_info    0x00000000000159cb     0x1283 /home/art/STM32Cube/Repository/Packs/ARM/CMSIS/5.6.0/CMSIS/DSP/Lib/GCC/libarm_cortexM3l_math.a(arm_correlate_q7.o)

.debug_abbrev   0x0000000000000000     0x3364
 .debug_abbrev  0x0000000000000000      0x1ed Drivers/STM32F3xx_HAL_Driver/Src/stm32f3xx_hal.o
 .debug_abbrev  0x00000000000001ed      0x196 Drivers/STM32F3xx_HAL_Driver/Src/stm32f3xx_hal_adc.o
 .debug_abbrev  0x0000000000000383      0x29c Drivers/STM32F3xx_HAL_Driver/Src/stm32f3xx_hal_adc_ex.o
 .debug_abbrev  0x000000000000061f      0x328 Drivers/STM32F3xx_HAL_Driver/Src/stm32f3xx_hal_cortex.o
 .debug_abbrev  0x0000000000000947      0x22d Drivers/STM32F3xx_HAL_Driver/Src/stm32f3xx_hal_dma.o
 .debug_abbrev  0x0000000000000b74      0x1de Drivers/STM32F3xx_HAL_Driver/Src/stm32f3xx_hal_gpio.o
 .debug_abbrev  0x0000000000000d52      0x2a9 Drivers/STM32F3xx_HAL_Driver/Src/stm32f3xx_hal_rcc.o
 .debug_abbrev  0x0000000000000ffb      0x24b Drivers/STM32F3xx_HAL_Driver/Src/stm32f3xx_hal_rcc_ex.o
 .debug_abbrev  0x0000000000001246      0x226 Drivers/STM32F3xx_HAL_Driver/Src/stm32f3xx_hal_tim.o
 .debug_abbrev  0x000000000000146c      0x237 Drivers/STM32F3xx_HAL_Driver/Src/stm32f3xx_hal_tim_ex.o
 .debug_abbrev  0x00000000000016a3      0x24d Drivers/STM32F3xx_HAL_Driver/Src/stm32f3xx_hal_uart.o
 .debug_abbrev  0x00000000000018f0      0x1c9 Src/adc.o
 .debug_abbrev  0x0000000000001ab9      0x2af Src/corr.o
 .debug_abbrev  0x0000000000001d68      0x27a Src/debug_helper.o
 .debug_abbrev  0x0000000000001fe2      0x140 Src/dma.o
 .debug_abbrev  0x0000000000002122      0x173 Src/gpio.o
 .debug_abbrev  0x0000000000002295      0x34c Src/main.o
 .debug_abbrev  0x00000000000025e1       0xd9 Src/median.o
 .debug_abbrev  0x00000000000026ba      0x109 Src/stm32f3xx_hal_msp.o
 .debug_abbrev  0x00000000000027c3      0x167 Src/stm32f3xx_it.o
 .debug_abbrev  0x000000000000292a      0x2d4 Src/syscalls.o
 .debug_abbrev  0x0000000000002bfe      0x12b Src/system_stm32f3xx.o
 .debug_abbrev  0x0000000000002d29      0x1be Src/tim.o
 .debug_abbrev  0x0000000000002ee7      0x1c9 Src/usart.o
 .debug_abbrev  0x00000000000030b0       0x12 startup/startup_stm32f303xc.o
 .debug_abbrev  0x00000000000030c2      0x2a2 /home/art/STM32Cube/Repository/Packs/ARM/CMSIS/5.6.0/CMSIS/DSP/Lib/GCC/libarm_cortexM3l_math.a(arm_correlate_q7.o)

.debug_loc      0x0000000000000000     0xe2bc
 .debug_loc     0x0000000000000000      0x11b Drivers/STM32F3xx_HAL_Driver/Src/stm32f3xx_hal.o
 .debug_loc     0x000000000000011b      0x1ef Drivers/STM32F3xx_HAL_Driver/Src/stm32f3xx_hal_adc.o
 .debug_loc     0x000000000000030a     0x1b4b Drivers/STM32F3xx_HAL_Driver/Src/stm32f3xx_hal_adc_ex.o
 .debug_loc     0x0000000000001e55      0x5ce Drivers/STM32F3xx_HAL_Driver/Src/stm32f3xx_hal_cortex.o
 .debug_loc     0x0000000000002423      0x7c6 Drivers/STM32F3xx_HAL_Driver/Src/stm32f3xx_hal_dma.o
 .debug_loc     0x0000000000002be9      0x2de Drivers/STM32F3xx_HAL_Driver/Src/stm32f3xx_hal_gpio.o
 .debug_loc     0x0000000000002ec7      0x964 Drivers/STM32F3xx_HAL_Driver/Src/stm32f3xx_hal_rcc.o
 .debug_loc     0x000000000000382b      0x82d Drivers/STM32F3xx_HAL_Driver/Src/stm32f3xx_hal_rcc_ex.o
 .debug_loc     0x0000000000004058     0x3c75 Drivers/STM32F3xx_HAL_Driver/Src/stm32f3xx_hal_tim.o
 .debug_loc     0x0000000000007ccd     0x1584 Drivers/STM32F3xx_HAL_Driver/Src/stm32f3xx_hal_tim_ex.o
 .debug_loc     0x0000000000009251     0x1913 Drivers/STM32F3xx_HAL_Driver/Src/stm32f3xx_hal_uart.o
 .debug_loc     0x000000000000ab64       0xc1 Src/adc.o
 .debug_loc     0x000000000000ac25      0x24c Src/corr.o
 .debug_loc     0x000000000000ae71      0x235 Src/debug_helper.o
 .debug_loc     0x000000000000b0a6       0x9c Src/main.o
 .debug_loc     0x000000000000b142       0x45 Src/median.o
 .debug_loc     0x000000000000b187      0x3af Src/syscalls.o
 .debug_loc     0x000000000000b536       0xff Src/system_stm32f3xx.o
 .debug_loc     0x000000000000b635       0x74 Src/usart.o
 .debug_loc     0x000000000000b6a9     0x2c13 /home/art/STM32Cube/Repository/Packs/ARM/CMSIS/5.6.0/CMSIS/DSP/Lib/GCC/libarm_cortexM3l_math.a(arm_correlate_q7.o)

.debug_aranges  0x0000000000000000     0x1010
 .debug_aranges
                0x0000000000000000       0xe0 Drivers/STM32F3xx_HAL_Driver/Src/stm32f3xx_hal.o
 .debug_aranges
                0x00000000000000e0       0xc8 Drivers/STM32F3xx_HAL_Driver/Src/stm32f3xx_hal_adc.o
 .debug_aranges
                0x00000000000001a8      0x168 Drivers/STM32F3xx_HAL_Driver/Src/stm32f3xx_hal_adc_ex.o
 .debug_aranges
                0x0000000000000310       0xa8 Drivers/STM32F3xx_HAL_Driver/Src/stm32f3xx_hal_cortex.o
 .debug_aranges
                0x00000000000003b8       0x88 Drivers/STM32F3xx_HAL_Driver/Src/stm32f3xx_hal_dma.o
 .debug_aranges
                0x0000000000000440       0x58 Drivers/STM32F3xx_HAL_Driver/Src/stm32f3xx_hal_gpio.o
 .debug_aranges
                0x0000000000000498       0x88 Drivers/STM32F3xx_HAL_Driver/Src/stm32f3xx_hal_rcc.o
 .debug_aranges
                0x0000000000000520       0x38 Drivers/STM32F3xx_HAL_Driver/Src/stm32f3xx_hal_rcc_ex.o
 .debug_aranges
                0x0000000000000558      0x3c8 Drivers/STM32F3xx_HAL_Driver/Src/stm32f3xx_hal_tim.o
 .debug_aranges
                0x0000000000000920      0x160 Drivers/STM32F3xx_HAL_Driver/Src/stm32f3xx_hal_tim_ex.o
 .debug_aranges
                0x0000000000000a80      0x210 Drivers/STM32F3xx_HAL_Driver/Src/stm32f3xx_hal_uart.o
 .debug_aranges
                0x0000000000000c90       0x38 Src/adc.o
 .debug_aranges
                0x0000000000000cc8       0x48 Src/corr.o
 .debug_aranges
                0x0000000000000d10       0x58 Src/debug_helper.o
 .debug_aranges
                0x0000000000000d68       0x20 Src/dma.o
 .debug_aranges
                0x0000000000000d88       0x20 Src/gpio.o
 .debug_aranges
                0x0000000000000da8       0x30 Src/main.o
 .debug_aranges
                0x0000000000000dd8       0x30 Src/median.o
 .debug_aranges
                0x0000000000000e08       0x20 Src/stm32f3xx_hal_msp.o
 .debug_aranges
                0x0000000000000e28       0x68 Src/stm32f3xx_it.o
 .debug_aranges
                0x0000000000000e90       0xb0 Src/syscalls.o
 .debug_aranges
                0x0000000000000f40       0x28 Src/system_stm32f3xx.o
 .debug_aranges
                0x0000000000000f68       0x30 Src/tim.o
 .debug_aranges
                0x0000000000000f98       0x30 Src/usart.o
 .debug_aranges
                0x0000000000000fc8       0x28 startup/startup_stm32f303xc.o
 .debug_aranges
                0x0000000000000ff0       0x20 /home/art/STM32Cube/Repository/Packs/ARM/CMSIS/5.6.0/CMSIS/DSP/Lib/GCC/libarm_cortexM3l_math.a(arm_correlate_q7.o)

.debug_ranges   0x0000000000000000     0x1340
 .debug_ranges  0x0000000000000000       0xd0 Drivers/STM32F3xx_HAL_Driver/Src/stm32f3xx_hal.o
 .debug_ranges  0x00000000000000d0       0xb8 Drivers/STM32F3xx_HAL_Driver/Src/stm32f3xx_hal_adc.o
 .debug_ranges  0x0000000000000188      0x158 Drivers/STM32F3xx_HAL_Driver/Src/stm32f3xx_hal_adc_ex.o
 .debug_ranges  0x00000000000002e0       0xf8 Drivers/STM32F3xx_HAL_Driver/Src/stm32f3xx_hal_cortex.o
 .debug_ranges  0x00000000000003d8       0x78 Drivers/STM32F3xx_HAL_Driver/Src/stm32f3xx_hal_dma.o
 .debug_ranges  0x0000000000000450       0x48 Drivers/STM32F3xx_HAL_Driver/Src/stm32f3xx_hal_gpio.o
 .debug_ranges  0x0000000000000498       0x98 Drivers/STM32F3xx_HAL_Driver/Src/stm32f3xx_hal_rcc.o
 .debug_ranges  0x0000000000000530       0x40 Drivers/STM32F3xx_HAL_Driver/Src/stm32f3xx_hal_rcc_ex.o
 .debug_ranges  0x0000000000000570      0x3b8 Drivers/STM32F3xx_HAL_Driver/Src/stm32f3xx_hal_tim.o
 .debug_ranges  0x0000000000000928      0x150 Drivers/STM32F3xx_HAL_Driver/Src/stm32f3xx_hal_tim_ex.o
 .debug_ranges  0x0000000000000a78      0x200 Drivers/STM32F3xx_HAL_Driver/Src/stm32f3xx_hal_uart.o
 .debug_ranges  0x0000000000000c78       0x28 Src/adc.o
 .debug_ranges  0x0000000000000ca0       0x80 Src/corr.o
 .debug_ranges  0x0000000000000d20       0x48 Src/debug_helper.o
 .debug_ranges  0x0000000000000d68       0x10 Src/dma.o
 .debug_ranges  0x0000000000000d78       0x10 Src/gpio.o
 .debug_ranges  0x0000000000000d88       0x38 Src/main.o
 .debug_ranges  0x0000000000000dc0       0x38 Src/median.o
 .debug_ranges  0x0000000000000df8       0x10 Src/stm32f3xx_hal_msp.o
 .debug_ranges  0x0000000000000e08       0x58 Src/stm32f3xx_it.o
 .debug_ranges  0x0000000000000e60       0xa0 Src/syscalls.o
 .debug_ranges  0x0000000000000f00       0x18 Src/system_stm32f3xx.o
 .debug_ranges  0x0000000000000f18       0x20 Src/tim.o
 .debug_ranges  0x0000000000000f38       0x20 Src/usart.o
 .debug_ranges  0x0000000000000f58       0x20 startup/startup_stm32f303xc.o
 .debug_ranges  0x0000000000000f78      0x3c8 /home/art/STM32Cube/Repository/Packs/ARM/CMSIS/5.6.0/CMSIS/DSP/Lib/GCC/libarm_cortexM3l_math.a(arm_correlate_q7.o)

.debug_macro    0x0000000000000000    0x1d58e
 .debug_macro   0x0000000000000000      0x20b Drivers/STM32F3xx_HAL_Driver/Src/stm32f3xx_hal.o
 .debug_macro   0x000000000000020b      0xa6c Drivers/STM32F3xx_HAL_Driver/Src/stm32f3xx_hal.o
 .debug_macro   0x0000000000000c77      0x15d Drivers/STM32F3xx_HAL_Driver/Src/stm32f3xx_hal.o
 .debug_macro   0x0000000000000dd4       0x2e Drivers/STM32F3xx_HAL_Driver/Src/stm32f3xx_hal.o
 .debug_macro   0x0000000000000e02       0x28 Drivers/STM32F3xx_HAL_Driver/Src/stm32f3xx_hal.o
 .debug_macro   0x0000000000000e2a       0x22 Drivers/STM32F3xx_HAL_Driver/Src/stm32f3xx_hal.o
 .debug_macro   0x0000000000000e4c       0x8e Drivers/STM32F3xx_HAL_Driver/Src/stm32f3xx_hal.o
 .debug_macro   0x0000000000000eda       0x51 Drivers/STM32F3xx_HAL_Driver/Src/stm32f3xx_hal.o
 .debug_macro   0x0000000000000f2b       0xef Drivers/STM32F3xx_HAL_Driver/Src/stm32f3xx_hal.o
 .debug_macro   0x000000000000101a       0x6a Drivers/STM32F3xx_HAL_Driver/Src/stm32f3xx_hal.o
 .debug_macro   0x0000000000001084      0x1df Drivers/STM32F3xx_HAL_Driver/Src/stm32f3xx_hal.o
 .debug_macro   0x0000000000001263       0x1c Drivers/STM32F3xx_HAL_Driver/Src/stm32f3xx_hal.o
 .debug_macro   0x000000000000127f       0x22 Drivers/STM32F3xx_HAL_Driver/Src/stm32f3xx_hal.o
 .debug_macro   0x00000000000012a1       0xdf Drivers/STM32F3xx_HAL_Driver/Src/stm32f3xx_hal.o
 .debug_macro   0x0000000000001380     0x102d Drivers/STM32F3xx_HAL_Driver/Src/stm32f3xx_hal.o
 .debug_macro   0x00000000000023ad      0x11f Drivers/STM32F3xx_HAL_Driver/Src/stm32f3xx_hal.o
 .debug_macro   0x00000000000024cc    0x12a33 Drivers/STM32F3xx_HAL_Driver/Src/stm32f3xx_hal.o
 .debug_macro   0x0000000000014eff       0x43 Drivers/STM32F3xx_HAL_Driver/Src/stm32f3xx_hal.o
 .debug_macro   0x0000000000014f42      0x174 Drivers/STM32F3xx_HAL_Driver/Src/stm32f3xx_hal.o
 .debug_macro   0x00000000000150b6       0x47 Drivers/STM32F3xx_HAL_Driver/Src/stm32f3xx_hal.o
 .debug_macro   0x00000000000150fd      0x962 Drivers/STM32F3xx_HAL_Driver/Src/stm32f3xx_hal.o
 .debug_macro   0x0000000000015a5f      0x5fe Drivers/STM32F3xx_HAL_Driver/Src/stm32f3xx_hal.o
 .debug_macro   0x000000000001605d      0x12f Drivers/STM32F3xx_HAL_Driver/Src/stm32f3xx_hal.o
 .debug_macro   0x000000000001618c      0x1fb Drivers/STM32F3xx_HAL_Driver/Src/stm32f3xx_hal.o
 .debug_macro   0x0000000000016387      0x1dc Drivers/STM32F3xx_HAL_Driver/Src/stm32f3xx_hal.o
 .debug_macro   0x0000000000016563      0x1bc Drivers/STM32F3xx_HAL_Driver/Src/stm32f3xx_hal.o
 .debug_macro   0x000000000001671f       0x30 Drivers/STM32F3xx_HAL_Driver/Src/stm32f3xx_hal.o
 .debug_macro   0x000000000001674f       0x3c Drivers/STM32F3xx_HAL_Driver/Src/stm32f3xx_hal.o
 .debug_macro   0x000000000001678b      0x236 Drivers/STM32F3xx_HAL_Driver/Src/stm32f3xx_hal.o
 .debug_macro   0x00000000000169c1      0x9b1 Drivers/STM32F3xx_HAL_Driver/Src/stm32f3xx_hal.o
 .debug_macro   0x0000000000017372       0x77 Drivers/STM32F3xx_HAL_Driver/Src/stm32f3xx_hal.o
 .debug_macro   0x00000000000173e9       0xc5 Drivers/STM32F3xx_HAL_Driver/Src/stm32f3xx_hal.o
 .debug_macro   0x00000000000174ae      0x21d Drivers/STM32F3xx_HAL_Driver/Src/stm32f3xx_hal.o
 .debug_macro   0x00000000000176cb      0x22c Drivers/STM32F3xx_HAL_Driver/Src/stm32f3xx_hal.o
 .debug_macro   0x00000000000178f7       0x58 Drivers/STM32F3xx_HAL_Driver/Src/stm32f3xx_hal.o
 .debug_macro   0x000000000001794f       0xa5 Drivers/STM32F3xx_HAL_Driver/Src/stm32f3xx_hal.o
 .debug_macro   0x00000000000179f4       0x81 Drivers/STM32F3xx_HAL_Driver/Src/stm32f3xx_hal.o
 .debug_macro   0x0000000000017a75       0xd3 Drivers/STM32F3xx_HAL_Driver/Src/stm32f3xx_hal.o
 .debug_macro   0x0000000000017b48      0x9e9 Drivers/STM32F3xx_HAL_Driver/Src/stm32f3xx_hal.o
 .debug_macro   0x0000000000018531       0x89 Drivers/STM32F3xx_HAL_Driver/Src/stm32f3xx_hal.o
 .debug_macro   0x00000000000185ba      0x589 Drivers/STM32F3xx_HAL_Driver/Src/stm32f3xx_hal.o
 .debug_macro   0x0000000000018b43       0x3e Drivers/STM32F3xx_HAL_Driver/Src/stm32f3xx_hal.o
 .debug_macro   0x0000000000018b81      0x275 Drivers/STM32F3xx_HAL_Driver/Src/stm32f3xx_hal.o
 .debug_macro   0x0000000000018df6      0x1e8 Drivers/STM32F3xx_HAL_Driver/Src/stm32f3xx_hal_adc.o
 .debug_macro   0x0000000000018fde      0x211 Drivers/STM32F3xx_HAL_Driver/Src/stm32f3xx_hal_adc_ex.o
 .debug_macro   0x00000000000191ef      0x1e7 Drivers/STM32F3xx_HAL_Driver/Src/stm32f3xx_hal_cortex.o
 .debug_macro   0x00000000000193d6      0x1e7 Drivers/STM32F3xx_HAL_Driver/Src/stm32f3xx_hal_dma.o
 .debug_macro   0x00000000000195bd      0x21f Drivers/STM32F3xx_HAL_Driver/Src/stm32f3xx_hal_gpio.o
 .debug_macro   0x00000000000197dc      0x20b Drivers/STM32F3xx_HAL_Driver/Src/stm32f3xx_hal_rcc.o
 .debug_macro   0x00000000000199e7      0x1e7 Drivers/STM32F3xx_HAL_Driver/Src/stm32f3xx_hal_rcc_ex.o
 .debug_macro   0x0000000000019bce      0x1e8 Drivers/STM32F3xx_HAL_Driver/Src/stm32f3xx_hal_tim.o
 .debug_macro   0x0000000000019db6      0x1e7 Drivers/STM32F3xx_HAL_Driver/Src/stm32f3xx_hal_tim_ex.o
 .debug_macro   0x0000000000019f9d      0x204 Drivers/STM32F3xx_HAL_Driver/Src/stm32f3xx_hal_uart.o
 .debug_macro   0x000000000001a1a1      0x201 Src/adc.o
 .debug_macro   0x000000000001a3a2      0x18e Src/corr.o
 .debug_macro   0x000000000001a530       0x22 Src/corr.o
 .debug_macro   0x000000000001a552       0x5e Src/corr.o
 .debug_macro   0x000000000001a5b0       0x18 Src/corr.o
 .debug_macro   0x000000000001a5c8       0x35 Src/corr.o
 .debug_macro   0x000000000001a5fd       0x34 Src/corr.o
 .debug_macro   0x000000000001a631       0x58 Src/corr.o
 .debug_macro   0x000000000001a689       0x1f Src/corr.o
 .debug_macro   0x000000000001a6a8       0x43 Src/corr.o
 .debug_macro   0x000000000001a6eb       0x20 Src/corr.o
 .debug_macro   0x000000000001a70b      0x18e Src/corr.o
 .debug_macro   0x000000000001a899      0x32a Src/corr.o
 .debug_macro   0x000000000001abc3       0x10 Src/corr.o
 .debug_macro   0x000000000001abd3       0x35 Src/corr.o
 .debug_macro   0x000000000001ac08      0x1e1 Src/corr.o
 .debug_macro   0x000000000001ade9      0x201 Src/corr.o
 .debug_macro   0x000000000001afea       0xc8 Src/corr.o
 .debug_macro   0x000000000001b0b2      0x21e Src/debug_helper.o
 .debug_macro   0x000000000001b2d0      0x201 Src/dma.o
 .debug_macro   0x000000000001b4d1      0x201 Src/gpio.o
 .debug_macro   0x000000000001b6d2      0x3a2 Src/main.o
 .debug_macro   0x000000000001ba74       0x10 Src/main.o
 .debug_macro   0x000000000001ba84       0x1a Src/median.o
 .debug_macro   0x000000000001ba9e      0x1f7 Src/stm32f3xx_hal_msp.o
 .debug_macro   0x000000000001bc95      0x201 Src/stm32f3xx_it.o
 .debug_macro   0x000000000001be96      0x243 Src/syscalls.o
 .debug_macro   0x000000000001c0d9       0x58 Src/syscalls.o
 .debug_macro   0x000000000001c131       0x94 Src/syscalls.o
 .debug_macro   0x000000000001c1c5       0x57 Src/syscalls.o
 .debug_macro   0x000000000001c21c      0x330 Src/syscalls.o
 .debug_macro   0x000000000001c54c       0x10 Src/syscalls.o
 .debug_macro   0x000000000001c55c       0x10 Src/syscalls.o
 .debug_macro   0x000000000001c56c       0x10 Src/syscalls.o
 .debug_macro   0x000000000001c57c       0x10 Src/syscalls.o
 .debug_macro   0x000000000001c58c       0x1c Src/syscalls.o
 .debug_macro   0x000000000001c5a8       0x52 Src/syscalls.o
 .debug_macro   0x000000000001c5fa       0x40 Src/syscalls.o
 .debug_macro   0x000000000001c63a       0x10 Src/syscalls.o
 .debug_macro   0x000000000001c64a       0x40 Src/syscalls.o
 .debug_macro   0x000000000001c68a       0xd7 Src/syscalls.o
 .debug_macro   0x000000000001c761       0x1c Src/syscalls.o
 .debug_macro   0x000000000001c77d       0x3d Src/syscalls.o
 .debug_macro   0x000000000001c7ba       0x35 Src/syscalls.o
 .debug_macro   0x000000000001c7ef      0x122 Src/syscalls.o
 .debug_macro   0x000000000001c911       0x16 Src/syscalls.o
 .debug_macro   0x000000000001c927       0x16 Src/syscalls.o
 .debug_macro   0x000000000001c93d       0x29 Src/syscalls.o
 .debug_macro   0x000000000001c966       0x10 Src/syscalls.o
 .debug_macro   0x000000000001c976      0x241 Src/syscalls.o
 .debug_macro   0x000000000001cbb7       0x1c Src/syscalls.o
 .debug_macro   0x000000000001cbd3       0x10 Src/syscalls.o
 .debug_macro   0x000000000001cbe3       0x10 Src/syscalls.o
 .debug_macro   0x000000000001cbf3       0x16 Src/syscalls.o
 .debug_macro   0x000000000001cc09      0x16f Src/syscalls.o
 .debug_macro   0x000000000001cd78      0x189 Src/syscalls.o
 .debug_macro   0x000000000001cf01       0x16 Src/syscalls.o
 .debug_macro   0x000000000001cf17       0x88 Src/syscalls.o
 .debug_macro   0x000000000001cf9f      0x1ed Src/system_stm32f3xx.o
 .debug_macro   0x000000000001d18c      0x201 Src/tim.o
 .debug_macro   0x000000000001d38d      0x201 Src/usart.o

.debug_line     0x0000000000000000     0xf4cb
 .debug_line    0x0000000000000000      0x87b Drivers/STM32F3xx_HAL_Driver/Src/stm32f3xx_hal.o
 .debug_line    0x000000000000087b      0x831 Drivers/STM32F3xx_HAL_Driver/Src/stm32f3xx_hal_adc.o
 .debug_line    0x00000000000010ac     0x1884 Drivers/STM32F3xx_HAL_Driver/Src/stm32f3xx_hal_adc_ex.o
 .debug_line    0x0000000000002930      0x8de Drivers/STM32F3xx_HAL_Driver/Src/stm32f3xx_hal_cortex.o
 .debug_line    0x000000000000320e      0x904 Drivers/STM32F3xx_HAL_Driver/Src/stm32f3xx_hal_dma.o
 .debug_line    0x0000000000003b12      0x805 Drivers/STM32F3xx_HAL_Driver/Src/stm32f3xx_hal_gpio.o
 .debug_line    0x0000000000004317      0xbaf Drivers/STM32F3xx_HAL_Driver/Src/stm32f3xx_hal_rcc.o
 .debug_line    0x0000000000004ec6      0x94c Drivers/STM32F3xx_HAL_Driver/Src/stm32f3xx_hal_rcc_ex.o
 .debug_line    0x0000000000005812     0x1ac5 Drivers/STM32F3xx_HAL_Driver/Src/stm32f3xx_hal_tim.o
 .debug_line    0x00000000000072d7      0xd78 Drivers/STM32F3xx_HAL_Driver/Src/stm32f3xx_hal_tim_ex.o
 .debug_line    0x000000000000804f     0x123a Drivers/STM32F3xx_HAL_Driver/Src/stm32f3xx_hal_uart.o
 .debug_line    0x0000000000009289      0x74e Src/adc.o
 .debug_line    0x00000000000099d7      0x532 Src/corr.o
 .debug_line    0x0000000000009f09      0x7ba Src/debug_helper.o
 .debug_line    0x000000000000a6c3      0x69d Src/dma.o
 .debug_line    0x000000000000ad60      0x6aa Src/gpio.o
 .debug_line    0x000000000000b40a      0x8b3 Src/main.o
 .debug_line    0x000000000000bcbd       0xac Src/median.o
 .debug_line    0x000000000000bd69      0x6a2 Src/stm32f3xx_hal_msp.o
 .debug_line    0x000000000000c40b      0x744 Src/stm32f3xx_it.o
 .debug_line    0x000000000000cb4f      0x5f5 Src/syscalls.o
 .debug_line    0x000000000000d144      0x6ca Src/system_stm32f3xx.o
 .debug_line    0x000000000000d80e      0x6d9 Src/tim.o
 .debug_line    0x000000000000dee7      0x6e2 Src/usart.o
 .debug_line    0x000000000000e5c9       0x7f startup/startup_stm32f303xc.o
 .debug_line    0x000000000000e648      0xe83 /home/art/STM32Cube/Repository/Packs/ARM/CMSIS/5.6.0/CMSIS/DSP/Lib/GCC/libarm_cortexM3l_math.a(arm_correlate_q7.o)

.debug_str      0x0000000000000000    0xa8ca9
 .debug_str     0x0000000000000000    0x9d695 Drivers/STM32F3xx_HAL_Driver/Src/stm32f3xx_hal.o
                                      0x9ddde (size before relaxing)
 .debug_str     0x000000000009d695      0x643 Drivers/STM32F3xx_HAL_Driver/Src/stm32f3xx_hal_adc.o
                                      0x9dc28 (size before relaxing)
 .debug_str     0x000000000009dcd8      0x72d Drivers/STM32F3xx_HAL_Driver/Src/stm32f3xx_hal_adc_ex.o
                                      0x9e327 (size before relaxing)
 .debug_str     0x000000000009e405      0x3b7 Drivers/STM32F3xx_HAL_Driver/Src/stm32f3xx_hal_cortex.o
                                      0x9dea7 (size before relaxing)
 .debug_str     0x000000000009e7bc      0x229 Drivers/STM32F3xx_HAL_Driver/Src/stm32f3xx_hal_dma.o
                                      0x9d983 (size before relaxing)
 .debug_str     0x000000000009e9e5      0x2aa Drivers/STM32F3xx_HAL_Driver/Src/stm32f3xx_hal_gpio.o
                                      0x9d863 (size before relaxing)
 .debug_str     0x000000000009ec8f      0x414 Drivers/STM32F3xx_HAL_Driver/Src/stm32f3xx_hal_rcc.o
                                      0x9da92 (size before relaxing)
 .debug_str     0x000000000009f0a3      0x22f Drivers/STM32F3xx_HAL_Driver/Src/stm32f3xx_hal_rcc_ex.o
                                      0x9d87d (size before relaxing)
 .debug_str     0x000000000009f2d2     0x1094 Drivers/STM32F3xx_HAL_Driver/Src/stm32f3xx_hal_tim.o
                                      0x9e86a (size before relaxing)
 .debug_str     0x00000000000a0366      0x5a6 Drivers/STM32F3xx_HAL_Driver/Src/stm32f3xx_hal_tim_ex.o
                                      0x9e070 (size before relaxing)
 .debug_str     0x00000000000a090c      0xa07 Drivers/STM32F3xx_HAL_Driver/Src/stm32f3xx_hal_uart.o
                                      0x9e274 (size before relaxing)
 .debug_str     0x00000000000a1313       0xa0 Src/adc.o
                                      0x9dbe5 (size before relaxing)
 .debug_str     0x00000000000a13b3     0x405e Src/corr.o
                                       0x893a (size before relaxing)
 .debug_str     0x00000000000a5411       0xcd Src/debug_helper.o
                                      0x9db4d (size before relaxing)
 .debug_str     0x00000000000a54de       0x22 Src/dma.o
                                      0x9d9db (size before relaxing)
 .debug_str     0x00000000000a5500       0x25 Src/gpio.o
                                      0x9d641 (size before relaxing)
 .debug_str     0x00000000000a5525      0xf5d Src/main.o
                                      0xa32a5 (size before relaxing)
 .debug_str     0x00000000000a6482       0x10 Src/median.o
                                       0x2d7f (size before relaxing)
 .debug_str     0x00000000000a6492       0x1b Src/stm32f3xx_hal_msp.o
                                      0x9d586 (size before relaxing)
 .debug_str     0x00000000000a64ad       0xd1 Src/stm32f3xx_it.o
                                      0x9d7d6 (size before relaxing)
 .debug_str     0x00000000000a657e     0x2493 Src/syscalls.o
                                       0x85ee (size before relaxing)
 .debug_str     0x00000000000a8a11       0x64 Src/system_stm32f3xx.o
                                      0x9d60c (size before relaxing)
 .debug_str     0x00000000000a8a75       0x1c Src/tim.o
                                      0x9dafb (size before relaxing)
 .debug_str     0x00000000000a8a91       0x1a Src/usart.o
                                      0x9da66 (size before relaxing)
 .debug_str     0x00000000000a8aab       0x2f startup/startup_stm32f303xc.o
                                         0x52 (size before relaxing)
 .debug_str     0x00000000000a8ada      0x1cf /home/art/STM32Cube/Repository/Packs/ARM/CMSIS/5.6.0/CMSIS/DSP/Lib/GCC/libarm_cortexM3l_math.a(arm_correlate_q7.o)
                                        0x714 (size before relaxing)

.comment        0x0000000000000000       0xf4
 .comment       0x0000000000000000       0x7f Drivers/STM32F3xx_HAL_Driver/Src/stm32f3xx_hal.o
                                         0x80 (size before relaxing)
 .comment       0x000000000000007f       0x80 Drivers/STM32F3xx_HAL_Driver/Src/stm32f3xx_hal_adc.o
 .comment       0x000000000000007f       0x80 Drivers/STM32F3xx_HAL_Driver/Src/stm32f3xx_hal_adc_ex.o
 .comment       0x000000000000007f       0x80 Drivers/STM32F3xx_HAL_Driver/Src/stm32f3xx_hal_cortex.o
 .comment       0x000000000000007f       0x80 Drivers/STM32F3xx_HAL_Driver/Src/stm32f3xx_hal_dma.o
 .comment       0x000000000000007f       0x80 Drivers/STM32F3xx_HAL_Driver/Src/stm32f3xx_hal_gpio.o
 .comment       0x000000000000007f       0x80 Drivers/STM32F3xx_HAL_Driver/Src/stm32f3xx_hal_rcc.o
 .comment       0x000000000000007f       0x80 Drivers/STM32F3xx_HAL_Driver/Src/stm32f3xx_hal_rcc_ex.o
 .comment       0x000000000000007f       0x80 Drivers/STM32F3xx_HAL_Driver/Src/stm32f3xx_hal_tim.o
 .comment       0x000000000000007f       0x80 Drivers/STM32F3xx_HAL_Driver/Src/stm32f3xx_hal_tim_ex.o
 .comment       0x000000000000007f       0x80 Drivers/STM32F3xx_HAL_Driver/Src/stm32f3xx_hal_uart.o
 .comment       0x000000000000007f       0x80 Src/adc.o
 .comment       0x000000000000007f       0x80 Src/corr.o
 .comment       0x000000000000007f       0x80 Src/debug_helper.o
 .comment       0x000000000000007f       0x80 Src/dma.o
 .comment       0x000000000000007f       0x80 Src/gpio.o
 .comment       0x000000000000007f       0x80 Src/main.o
 .comment       0x000000000000007f       0x80 Src/median.o
 .comment       0x000000000000007f       0x80 Src/stm32f3xx_hal_msp.o
 .comment       0x000000000000007f       0x80 Src/stm32f3xx_it.o
 .comment       0x000000000000007f       0x80 Src/syscalls.o
 .comment       0x000000000000007f       0x80 Src/system_stm32f3xx.o
 .comment       0x000000000000007f       0x80 Src/tim.o
 .comment       0x000000000000007f       0x80 Src/usart.o
 .comment       0x000000000000007f       0x75 /home/art/STM32Cube/Repository/Packs/ARM/CMSIS/5.6.0/CMSIS/DSP/Lib/GCC/libarm_cortexM3l_math.a(arm_correlate_q7.o)
                                         0x76 (size before relaxing)

.debug_frame    0x0000000000000000     0x2c9c
 .debug_frame   0x0000000000000000      0x1cc Drivers/STM32F3xx_HAL_Driver/Src/stm32f3xx_hal.o
 .debug_frame   0x00000000000001cc      0x170 Drivers/STM32F3xx_HAL_Driver/Src/stm32f3xx_hal_adc.o
 .debug_frame   0x000000000000033c      0x4cc Drivers/STM32F3xx_HAL_Driver/Src/stm32f3xx_hal_adc_ex.o
 .debug_frame   0x0000000000000808      0x15c Drivers/STM32F3xx_HAL_Driver/Src/stm32f3xx_hal_cortex.o
 .debug_frame   0x0000000000000964      0x164 Drivers/STM32F3xx_HAL_Driver/Src/stm32f3xx_hal_dma.o
 .debug_frame   0x0000000000000ac8       0xd8 Drivers/STM32F3xx_HAL_Driver/Src/stm32f3xx_hal_gpio.o
 .debug_frame   0x0000000000000ba0      0x178 Drivers/STM32F3xx_HAL_Driver/Src/stm32f3xx_hal_rcc.o
 .debug_frame   0x0000000000000d18       0x7c Drivers/STM32F3xx_HAL_Driver/Src/stm32f3xx_hal_rcc_ex.o
 .debug_frame   0x0000000000000d94      0xb00 Drivers/STM32F3xx_HAL_Driver/Src/stm32f3xx_hal_tim.o
 .debug_frame   0x0000000000001894      0x3ec Drivers/STM32F3xx_HAL_Driver/Src/stm32f3xx_hal_tim_ex.o
 .debug_frame   0x0000000000001c80      0x5a4 Drivers/STM32F3xx_HAL_Driver/Src/stm32f3xx_hal_uart.o
 .debug_frame   0x0000000000002224       0x88 Src/adc.o
 .debug_frame   0x00000000000022ac       0x9c Src/corr.o
 .debug_frame   0x0000000000002348       0xfc Src/debug_helper.o
 .debug_frame   0x0000000000002444       0x2c Src/dma.o
 .debug_frame   0x0000000000002470       0x30 Src/gpio.o
 .debug_frame   0x00000000000024a0       0x64 Src/main.o
 .debug_frame   0x0000000000002504       0x4c Src/median.o
 .debug_frame   0x0000000000002550       0x28 Src/stm32f3xx_hal_msp.o
 .debug_frame   0x0000000000002578       0xc0 Src/stm32f3xx_it.o
 .debug_frame   0x0000000000002638      0x1a8 Src/syscalls.o
 .debug_frame   0x00000000000027e0       0x30 Src/system_stm32f3xx.o
 .debug_frame   0x0000000000002810       0x58 Src/tim.o
 .debug_frame   0x0000000000002868       0x60 Src/usart.o
 .debug_frame   0x00000000000028c8       0x44 /home/art/STM32Cube/Repository/Packs/ARM/CMSIS/5.6.0/CMSIS/DSP/Lib/GCC/libarm_cortexM3l_math.a(arm_correlate_q7.o)
 .debug_frame   0x000000000000290c       0x20 /home/art/Ac6/SystemWorkbench/plugins/fr.ac6.mcu.externaltools.arm-none.linux64_1.17.0.201812190825/tools/compiler/bin/../lib/gcc/arm-none-eabi/7.3.1/../../../../arm-none-eabi/lib/thumb/v7e-m/fpv4-sp/softfp/libc_nano.a(lib_a-errno.o)
 .debug_frame   0x000000000000292c       0x2c /home/art/Ac6/SystemWorkbench/plugins/fr.ac6.mcu.externaltools.arm-none.linux64_1.17.0.201812190825/tools/compiler/bin/../lib/gcc/arm-none-eabi/7.3.1/../../../../arm-none-eabi/lib/thumb/v7e-m/fpv4-sp/softfp/libc_nano.a(lib_a-init.o)
 .debug_frame   0x0000000000002958       0x20 /home/art/Ac6/SystemWorkbench/plugins/fr.ac6.mcu.externaltools.arm-none.linux64_1.17.0.201812190825/tools/compiler/bin/../lib/gcc/arm-none-eabi/7.3.1/../../../../arm-none-eabi/lib/thumb/v7e-m/fpv4-sp/softfp/libc_nano.a(lib_a-memset.o)
 .debug_frame   0x0000000000002978       0x6c /home/art/Ac6/SystemWorkbench/plugins/fr.ac6.mcu.externaltools.arm-none.linux64_1.17.0.201812190825/tools/compiler/bin/../lib/gcc/arm-none-eabi/7.3.1/../../../../arm-none-eabi/lib/thumb/v7e-m/fpv4-sp/softfp/libc_nano.a(lib_a-sprintf.o)
 .debug_frame   0x00000000000029e4       0x90 /home/art/Ac6/SystemWorkbench/plugins/fr.ac6.mcu.externaltools.arm-none.linux64_1.17.0.201812190825/tools/compiler/bin/../lib/gcc/arm-none-eabi/7.3.1/../../../../arm-none-eabi/lib/thumb/v7e-m/fpv4-sp/softfp/libc_nano.a(lib_a-nano-svfprintf.o)
 .debug_frame   0x0000000000002a74       0x60 /home/art/Ac6/SystemWorkbench/plugins/fr.ac6.mcu.externaltools.arm-none.linux64_1.17.0.201812190825/tools/compiler/bin/../lib/gcc/arm-none-eabi/7.3.1/../../../../arm-none-eabi/lib/thumb/v7e-m/fpv4-sp/softfp/libc_nano.a(lib_a-nano-vfprintf_i.o)
 .debug_frame   0x0000000000002ad4       0x28 /home/art/Ac6/SystemWorkbench/plugins/fr.ac6.mcu.externaltools.arm-none.linux64_1.17.0.201812190825/tools/compiler/bin/../lib/gcc/arm-none-eabi/7.3.1/../../../../arm-none-eabi/lib/thumb/v7e-m/fpv4-sp/softfp/libc_nano.a(lib_a-memcpy-stub.o)
 .debug_frame   0x0000000000002afc       0x28 /home/art/Ac6/SystemWorkbench/plugins/fr.ac6.mcu.externaltools.arm-none.linux64_1.17.0.201812190825/tools/compiler/bin/../lib/gcc/arm-none-eabi/7.3.1/../../../../arm-none-eabi/lib/thumb/v7e-m/fpv4-sp/softfp/libc_nano.a(lib_a-memmove.o)
 .debug_frame   0x0000000000002b24       0x38 /home/art/Ac6/SystemWorkbench/plugins/fr.ac6.mcu.externaltools.arm-none.linux64_1.17.0.201812190825/tools/compiler/bin/../lib/gcc/arm-none-eabi/7.3.1/../../../../arm-none-eabi/lib/thumb/v7e-m/fpv4-sp/softfp/libc_nano.a(lib_a-nano-freer.o)
 .debug_frame   0x0000000000002b5c       0x2c /home/art/Ac6/SystemWorkbench/plugins/fr.ac6.mcu.externaltools.arm-none.linux64_1.17.0.201812190825/tools/compiler/bin/../lib/gcc/arm-none-eabi/7.3.1/../../../../arm-none-eabi/lib/thumb/v7e-m/fpv4-sp/softfp/libc_nano.a(lib_a-nano-mallocr.o)
 .debug_frame   0x0000000000002b88       0x3c /home/art/Ac6/SystemWorkbench/plugins/fr.ac6.mcu.externaltools.arm-none.linux64_1.17.0.201812190825/tools/compiler/bin/../lib/gcc/arm-none-eabi/7.3.1/../../../../arm-none-eabi/lib/thumb/v7e-m/fpv4-sp/softfp/libc_nano.a(lib_a-nano-reallocr.o)
 .debug_frame   0x0000000000002bc4       0x2c /home/art/Ac6/SystemWorkbench/plugins/fr.ac6.mcu.externaltools.arm-none.linux64_1.17.0.201812190825/tools/compiler/bin/../lib/gcc/arm-none-eabi/7.3.1/../../../../arm-none-eabi/lib/thumb/v7e-m/fpv4-sp/softfp/libc_nano.a(lib_a-sbrkr.o)
 .debug_frame   0x0000000000002bf0       0x30 /home/art/Ac6/SystemWorkbench/plugins/fr.ac6.mcu.externaltools.arm-none.linux64_1.17.0.201812190825/tools/compiler/bin/../lib/gcc/arm-none-eabi/7.3.1/../../../../arm-none-eabi/lib/thumb/v7e-m/fpv4-sp/softfp/libc_nano.a(lib_a-mlock.o)
 .debug_frame   0x0000000000002c20       0x20 /home/art/Ac6/SystemWorkbench/plugins/fr.ac6.mcu.externaltools.arm-none.linux64_1.17.0.201812190825/tools/compiler/bin/../lib/gcc/arm-none-eabi/7.3.1/../../../../arm-none-eabi/lib/thumb/v7e-m/fpv4-sp/softfp/libc_nano.a(lib_a-nano-msizer.o)
 .debug_frame   0x0000000000002c40       0x5c /home/art/Ac6/SystemWorkbench/plugins/fr.ac6.mcu.externaltools.arm-none.linux64_1.17.0.201812190825/tools/compiler/bin/../lib/gcc/arm-none-eabi/7.3.1/../../../../arm-none-eabi/lib/thumb/v7e-m/fpv4-sp/softfp/libc_nano.a(lib_a-reent.o)
